<!doctype html public "-//w3c//dtd html 4.0 transitional//en">
<html><head>
<title>Static Call Graph - [.\Objects\app_gpio_test.axf]</title></head>
<body><HR>
<H1>Static Call Graph for image .\Objects\app_gpio_test.axf</H1><HR>
<BR><P>#&#060CALLGRAPH&#062# ARM Linker, 5060960: Last Updated: Fri Nov 10 15:20:39 2023
<BR><P>
<H3>Maximum Stack Usage =       1320 bytes + Unknown(Cycles, Untraceable Function Pointers)</H3><H3>
Call chain for Maximum Stack Depth:</H3>
system_platform_init &rArr; soc_init &rArr; platform_init &rArr; platform_clock_init &rArr; platform_set_ble_rtc_clk &rArr; nvds_put &rArr; replace_item &rArr; append_item &rArr; compact_nvds &rArr; write_compacted_items &rArr; write_incr &rArr; dec_flash_write &rArr; hal_flash_write_r &rArr; hal_exflash_write &rArr; hal_xqspi_init_ext &rArr; hal_xqspi_init_ext_patch &rArr; ll_xqspi_init_patch
<P>
<H3>
Mutually Recursive functions
</H3> <LI><a href="#[36]">BusFault_Handler</a>&nbsp;&nbsp;&nbsp;&rArr;&nbsp;&nbsp;&nbsp;<a href="#[36]">BusFault_Handler</a><BR>
 <LI><a href="#[35]">MemManage_Handler</a>&nbsp;&nbsp;&nbsp;&rArr;&nbsp;&nbsp;&nbsp;<a href="#[35]">MemManage_Handler</a><BR>
 <LI><a href="#[33]">NMI_Handler</a>&nbsp;&nbsp;&nbsp;&rArr;&nbsp;&nbsp;&nbsp;<a href="#[33]">NMI_Handler</a><BR>
 <LI><a href="#[39]">DebugMon_Handler</a>&nbsp;&nbsp;&nbsp;&rArr;&nbsp;&nbsp;&nbsp;<a href="#[39]">DebugMon_Handler</a><BR>
 <LI><a href="#[3a]">PendSV_Handler</a>&nbsp;&nbsp;&nbsp;&rArr;&nbsp;&nbsp;&nbsp;<a href="#[3a]">PendSV_Handler</a><BR>
 <LI><a href="#[3b]">SysTick_Handler</a>&nbsp;&nbsp;&nbsp;&rArr;&nbsp;&nbsp;&nbsp;<a href="#[3b]">SysTick_Handler</a><BR>
 <LI><a href="#[37]">UsageFault_Handler</a>&nbsp;&nbsp;&nbsp;&rArr;&nbsp;&nbsp;&nbsp;<a href="#[37]">UsageFault_Handler</a><BR>
</UL>
<P>
<H3>
Function Pointers
</H3><UL>
 <LI><a href="#[83]">AON_EXT_IRQHandler</a> from app_io.o(RAM_CODE) referenced from app_io.o(i.app_io_init)
 <LI><a href="#[99]">BLESLP_IRQHandler</a> from rom_symbol.txt(ABSOLUTE) referenced from platform_sdk.o(i.platform_sdk_init)
 <LI><a href="#[36]">BusFault_Handler</a> from gr_interrupt.o(i.BusFault_Handler) referenced 2 times from gr_soc.o(.data)
 <LI><a href="#[36]">BusFault_Handler</a> from gr_interrupt.o(i.BusFault_Handler) referenced from startup.o(RESET)
 <LI><a href="#[39]">DebugMon_Handler</a> from startup.o(.text) referenced 2 times from gr_soc.o(.data)
 <LI><a href="#[39]">DebugMon_Handler</a> from startup.o(.text) referenced from startup.o(RESET)
 <LI><a href="#[81]">EXT0_IRQHandler</a> from app_io.o(RAM_CODE) referenced from app_io.o(i.app_io_init)
 <LI><a href="#[82]">EXT1_IRQHandler</a> from app_io.o(RAM_CODE) referenced from app_io.o(i.app_io_init)
 <LI><a href="#[34]">HardFault_Handler</a> from gr_interrupt.o(RAM_CODE) referenced 2 times from gr_soc.o(.data)
 <LI><a href="#[34]">HardFault_Handler</a> from gr_interrupt.o(RAM_CODE) referenced from startup.o(RESET)
 <LI><a href="#[35]">MemManage_Handler</a> from gr_interrupt.o(i.MemManage_Handler) referenced 2 times from gr_soc.o(.data)
 <LI><a href="#[35]">MemManage_Handler</a> from gr_interrupt.o(i.MemManage_Handler) referenced from startup.o(RESET)
 <LI><a href="#[33]">NMI_Handler</a> from startup.o(.text) referenced 2 times from gr_soc.o(.data)
 <LI><a href="#[33]">NMI_Handler</a> from startup.o(.text) referenced from startup.o(RESET)
 <LI><a href="#[3a]">PendSV_Handler</a> from startup.o(.text) referenced 2 times from gr_soc.o(.data)
 <LI><a href="#[3a]">PendSV_Handler</a> from startup.o(.text) referenced from startup.o(RESET)
 <LI><a href="#[32]">Reset_Handler</a> from startup.o(.text) referenced 2 times from gr_soc.o(.data)
 <LI><a href="#[32]">Reset_Handler</a> from startup.o(.text) referenced from startup.o(RESET)
 <LI><a href="#[a6]">SLPTIMER_IRQHandler</a> from app_timer.o(i.SLPTIMER_IRQHandler) referenced from app_timer.o(i.sleep_timer_handler_register)
 <LI><a href="#[38]">SVC_Handler</a> from gr_soc.o(RAM_CODE) referenced 2 times from gr_soc.o(.data)
 <LI><a href="#[38]">SVC_Handler</a> from gr_soc.o(RAM_CODE) referenced from startup.o(RESET)
 <LI><a href="#[3b]">SysTick_Handler</a> from startup.o(.text) referenced 2 times from gr_soc.o(.data)
 <LI><a href="#[3b]">SysTick_Handler</a> from startup.o(.text) referenced from startup.o(RESET)
 <LI><a href="#[7a]">SystemInit</a> from gr_system.o(i.SystemInit) referenced from startup.o(.text)
 <LI><a href="#[87]">UART0_IRQHandler</a> from app_uart.o(i.UART0_IRQHandler) referenced from app_uart.o(i.app_uart_init)
 <LI><a href="#[88]">UART1_IRQHandler</a> from app_uart.o(i.UART1_IRQHandler) referenced from app_uart.o(i.app_uart_init)
 <LI><a href="#[37]">UsageFault_Handler</a> from gr_interrupt.o(i.UsageFault_Handler) referenced 2 times from gr_soc.o(.data)
 <LI><a href="#[37]">UsageFault_Handler</a> from gr_interrupt.o(i.UsageFault_Handler) referenced from startup.o(RESET)
 <LI><a href="#[80]">_get_lc_ctype</a> from lc_ctype_c.o(locale$$code) referenced from rt_ctype_table.o(.text)
 <LI><a href="#[7e]">_printf_input_char</a> from _printf_char_common.o(.text) referenced from _printf_char_common.o(.text)
 <LI><a href="#[7c]">_snputc</a> from _snputc.o(.text) referenced 2 times from vsnprintf.o(.text)
 <LI><a href="#[7d]">_sputc</a> from _sputc.o(.text) referenced from __2sprintf.o(.text)
 <LI><a href="#[3c]">app_assert_err_cb</a> from app_assert.o(i.app_assert_err_cb) referenced 2 times from app_assert.o(.data)
 <LI><a href="#[3d]">app_assert_param_cb</a> from app_assert.o(i.app_assert_param_cb) referenced 2 times from app_assert.o(.data)
 <LI><a href="#[3e]">app_assert_warn_cb</a> from app_assert.o(i.app_assert_warn_cb) referenced 2 times from app_assert.o(.data)
 <LI><a href="#[84]">app_gpiote_event_handler</a> from app_key.o(i.app_gpiote_event_handler) referenced from app_key.o(i.app_key_init)
 <LI><a href="#[91]">app_io_event_handler</a> from main.o(i.app_io_event_handler) referenced 2 times from main.o(.constdata)
 <LI><a href="#[91]">app_io_event_handler</a> from main.o(i.app_io_event_handler) referenced from main.o(i.gpio_interrupt_demo)
 <LI><a href="#[85]">app_key_core_evt_handler</a> from app_key.o(i.app_key_core_evt_handler) referenced from app_key.o(i.app_key_init)
 <LI><a href="#[89]">app_key_evt_handler</a> from board_sk.o(i.app_key_evt_handler) referenced from board_sk.o(i.bsp_key_init)
 <LI><a href="#[86]">app_key_timeout_handler</a> from app_key.o(i.app_key_timeout_handler) referenced from app_key.o(i.app_key_timer_start)
 <LI><a href="#[8c]">app_uart_evt_handler</a> from board_sk.o(i.app_uart_evt_handler) referenced from board_sk.o(i.bsp_uart_init)
 <LI><a href="#[ac]">ble_bm_set_sec_info_patch</a> from ble_bondmgr_patch.o(i.ble_bm_set_sec_info_patch) referenced from fpb_patch_init.o(.constdata)
 <LI><a href="#[75]">ble_init_cplt_callback</a> from ble_event_patch.o(i.ble_init_cplt_callback) referenced 2 times from ble_event_patch.o(.data)
 <LI><a href="#[a4]">ble_irq_handler_without_stack_init</a> from rwip_sleep_common.o(RAM_CODE) referenced from rwip_sleep_common.o(i.rwip_sleep_without_stack_init_replace)
 <LI><a href="#[94]">ble_sdk_common_timeout_handler</a> from rom_symbol.txt(ABSOLUTE) referenced from ble_sdk_task_patch.o(i.host_to_sdk_msg_handler_patch)
 <LI><a href="#[22]">ble_sdk_gatt_mtu_changed_ind_handler_patch</a> from ble_sdk_gatt_task_patch.o(i.ble_sdk_gatt_mtu_changed_ind_handler_patch) referenced 2 times from gr_soc.o(.data)
 <LI><a href="#[20]">ble_sdk_gattc_event_ind_handler_patch</a> from ble_sdk_gatt_task_patch.o(i.ble_sdk_gattc_event_ind_handler_patch) referenced 2 times from gr_soc.o(.data)
 <LI><a href="#[21]">ble_sdk_gatts_svc_changed_cfg_ind_handler_patch</a> from ble_sdk_gatt_task_patch.o(i.ble_sdk_gatts_svc_changed_cfg_ind_handler_patch) referenced 2 times from gr_soc.o(.data)
 <LI><a href="#[a5]">ble_sdk_handler_without_stack_init</a> from rwip_sleep_common.o(RAM_CODE) referenced from rwip_sleep_common.o(i.rwip_sleep_without_stack_init_replace)
 <LI><a href="#[a3]">ble_sleep_handler_without_stack_init</a> from rwip_sleep_common.o(RAM_CODE) referenced from rwip_sleep_common.o(i.rwip_sleep_without_stack_init_replace)
 <LI><a href="#[a2]">ble_sleep_without_stack_init</a> from rwip_sleep_common.o(i.ble_sleep_without_stack_init) referenced from rwip_sleep_common.o(i.rwip_sleep_without_stack_init_replace)
 <LI><a href="#[8a]">bsp_uart_flush</a> from board_sk.o(i.bsp_uart_flush) referenced from board_sk.o(i.bsp_log_init)
 <LI><a href="#[8b]">bsp_uart_send</a> from board_sk.o(i.bsp_uart_send) referenced from board_sk.o(i.bsp_log_init)
 <LI><a href="#[9d]">cpll_calibration</a> from platform_sdk.o(i.cpll_calibration) referenced from platform_sdk.o(i.platform_sdk_init)
 <LI><a href="#[98]">fpb_patch_enable</a> from fpb_patch_init.o(i.fpb_patch_enable) referenced from gr_soc.o(i.platform_init)
 <LI><a href="#[7f]">fputc</a> from app_log.o(i.fputc) referenced from _printf_char_file.o(.text)
 <LI><a href="#[5]">gap_activity_stopped_ind_handler_patch</a> from ble_sdk_gapm_patch.o(i.gap_activity_stopped_ind_handler_patch) referenced 2 times from gr_soc.o(.data)
 <LI><a href="#[52]">gap_adv_data_update_cb</a> from ble_event_patch.o(i.gap_adv_data_update_cb) referenced 2 times from ble_event_patch.o(.data)
 <LI><a href="#[55]">gap_adv_report_ind_cb</a> from ble_event_patch.o(i.gap_adv_report_ind_cb) referenced 2 times from ble_event_patch.o(.data)
 <LI><a href="#[4f]">gap_adv_start_cb</a> from ble_event_patch.o(i.gap_adv_start_cb) referenced 2 times from ble_event_patch.o(.data)
 <LI><a href="#[50]">gap_adv_stop_cb</a> from ble_event_patch.o(i.gap_adv_stop_cb) referenced 2 times from ble_event_patch.o(.data)
 <LI><a href="#[5c]">gap_auto_connection_timeout_cb</a> from ble_event_patch.o(i.gap_auto_connection_timeout_cb) referenced 2 times from ble_event_patch.o(.data)
 <LI><a href="#[1e]">gap_cmp_evt_handler_patch</a> from ble_sdk_gapc_patch.o(i.gap_cmp_evt_handler_patch) referenced 2 times from gr_soc.o(.data)
 <LI><a href="#[5b]">gap_connect_cancel_cb</a> from ble_event_patch.o(i.gap_connect_cancel_cb) referenced 2 times from ble_event_patch.o(.data)
 <LI><a href="#[59]">gap_connect_cb</a> from ble_event_patch.o(i.gap_connect_cb) referenced 2 times from ble_event_patch.o(.data)
 <LI><a href="#[60]">gap_connection_info_get_cb</a> from ble_event_patch.o(i.gap_connection_info_get_cb) referenced 2 times from ble_event_patch.o(.data)
 <LI><a href="#[1b]">gap_connection_req_ind_handler_patch</a> from ble_sdk_gapc_patch.o(i.gap_connection_req_ind_handler_patch) referenced 2 times from gr_soc.o(.data)
 <LI><a href="#[5e]">gap_connection_update_cb</a> from ble_event_patch.o(i.gap_connection_update_cb) referenced 2 times from ble_event_patch.o(.data)
 <LI><a href="#[5f]">gap_connection_update_req_cb</a> from ble_event_patch.o(i.gap_connection_update_req_cb) referenced 2 times from ble_event_patch.o(.data)
 <LI><a href="#[6]">gap_dev_bdaddr_ind_handler_patch</a> from ble_sdk_gapm_patch.o(i.gap_dev_bdaddr_ind_handler_patch) referenced 2 times from gr_soc.o(.data)
 <LI><a href="#[4e]">gap_dev_info_get_cb</a> from ble_event_patch.o(i.gap_dev_info_get_cb) referenced 2 times from ble_event_patch.o(.data)
 <LI><a href="#[5a]">gap_disconnect_cb</a> from ble_event_patch.o(i.gap_disconnect_cb) referenced 2 times from ble_event_patch.o(.data)
 <LI><a href="#[1c]">gap_disconnect_ind_handler_patch</a> from ble_sdk_gapc_patch.o(i.gap_disconnect_ind_handler_patch) referenced 2 times from gr_soc.o(.data)
 <LI><a href="#[62]">gap_le_pkt_size_info_cb</a> from ble_event_patch.o(i.gap_le_pkt_size_info_cb) referenced 2 times from ble_event_patch.o(.data)
 <LI><a href="#[4b]">gap_param_set_cb</a> from ble_event_patch.o(i.gap_param_set_cb) referenced 2 times from ble_event_patch.o(.data)
 <LI><a href="#[61]">gap_peer_info_get_cb</a> from ble_event_patch.o(i.gap_peer_info_get_cb) referenced 2 times from ble_event_patch.o(.data)
 <LI><a href="#[5d]">gap_peer_name_ind_cb</a> from ble_event_patch.o(i.gap_peer_name_ind_cb) referenced 2 times from ble_event_patch.o(.data)
 <LI><a href="#[4d]">gap_phy_update_cb</a> from ble_event_patch.o(i.gap_phy_update_cb) referenced 2 times from ble_event_patch.o(.data)
 <LI><a href="#[4c]">gap_psm_manager_cb</a> from ble_event_patch.o(i.gap_psm_manager_cb) referenced 2 times from ble_event_patch.o(.data)
 <LI><a href="#[63]">gap_rslv_addr_read_cb</a> from ble_event_patch.o(i.gap_rslv_addr_read_cb) referenced 2 times from ble_event_patch.o(.data)
 <LI><a href="#[51]">gap_scan_req_ind_cb</a> from ble_event_patch.o(i.gap_scan_req_ind_cb) referenced 2 times from ble_event_patch.o(.data)
 <LI><a href="#[53]">gap_scan_start_cb</a> from ble_event_patch.o(i.gap_scan_start_cb) referenced 2 times from ble_event_patch.o(.data)
 <LI><a href="#[54]">gap_scan_stop_cb</a> from ble_event_patch.o(i.gap_scan_stop_cb) referenced 2 times from ble_event_patch.o(.data)
 <LI><a href="#[57]">gap_stop_sync_cb</a> from ble_event_patch.o(i.gap_stop_sync_cb) referenced 2 times from ble_event_patch.o(.data)
 <LI><a href="#[56]">gap_sync_establish_cb</a> from ble_event_patch.o(i.gap_sync_establish_cb) referenced 2 times from ble_event_patch.o(.data)
 <LI><a href="#[58]">gap_sync_lost_cb</a> from ble_event_patch.o(i.gap_sync_lost_cb) referenced 2 times from ble_event_patch.o(.data)
 <LI><a href="#[1a]">gapc_hci_handler_patch</a> from gapc_hci_patch.o(i.gapc_hci_handler_patch) referenced 2 times from gr_soc.o(.data)
 <LI><a href="#[23]">gapm_activity_create_cmd_handler_patch</a> from gapm_actv_patch.o(i.gapm_activity_create_cmd_handler_patch) referenced 2 times from gr_soc.o(.data)
 <LI><a href="#[4]">gapm_cmp_evt_handler_patch</a> from ble_sdk_gapm_patch.o(i.gapm_cmp_evt_handler_patch) referenced 2 times from gr_soc.o(.data)
 <LI><a href="#[24]">gapm_hci_handler_patch</a> from gapm_task_patch.o(i.gapm_hci_handler_patch) referenced 2 times from gr_soc.o(.data)
 <LI><a href="#[90]">gapm_init_delete</a> from rom_symbol.txt(ABSOLUTE) referenced from gapm_init_patch.o(i.gapm_init_create_patch)
 <LI><a href="#[8e]">gapm_init_start_patch</a> from gapm_init_patch.o(i.gapm_init_start_patch) referenced from gapm_init_patch.o(i.gapm_init_create_patch)
 <LI><a href="#[8f]">gapm_init_stop_patch</a> from gapm_init_patch.o(i.gapm_init_stop_patch) referenced from gapm_init_patch.o(i.gapm_init_create_patch)
 <LI><a href="#[25]">gapm_set_dev_config_cmd_handler_patch</a> from gapm_cfg_patch.o(i.gapm_set_dev_config_cmd_handler_patch) referenced 2 times from gr_soc.o(.data)
 <LI><a href="#[64]">gatt_mtu_exchange_cb</a> from ble_event_patch.o(i.gatt_mtu_exchange_cb) referenced 2 times from ble_event_patch.o(.data)
 <LI><a href="#[65]">gatt_prf_register_cb</a> from ble_event_patch.o(i.gatt_prf_register_cb) referenced 2 times from ble_event_patch.o(.data)
 <LI><a href="#[69]">gattc_char_desc_disc_cb</a> from ble_event_patch.o(i.gattc_char_desc_disc_cb) referenced 2 times from ble_event_patch.o(.data)
 <LI><a href="#[68]">gattc_char_disc_cb</a> from ble_event_patch.o(i.gattc_char_disc_cb) referenced 2 times from ble_event_patch.o(.data)
 <LI><a href="#[67]">gattc_inc_srvc_disc_cb</a> from ble_event_patch.o(i.gattc_inc_srvc_disc_cb) referenced 2 times from ble_event_patch.o(.data)
 <LI><a href="#[6c]">gattc_ntf_ind_cb</a> from ble_event_patch.o(i.gattc_ntf_ind_cb) referenced 2 times from ble_event_patch.o(.data)
 <LI><a href="#[6a]">gattc_read_cb</a> from ble_event_patch.o(i.gattc_read_cb) referenced 2 times from ble_event_patch.o(.data)
 <LI><a href="#[6d]">gattc_srvc_browse_cb</a> from ble_event_patch.o(i.gattc_srvc_browse_cb) referenced 2 times from ble_event_patch.o(.data)
 <LI><a href="#[66]">gattc_srvc_disc_cb</a> from ble_event_patch.o(i.gattc_srvc_disc_cb) referenced 2 times from ble_event_patch.o(.data)
 <LI><a href="#[6b]">gattc_write_cb</a> from ble_event_patch.o(i.gattc_write_cb) referenced 2 times from ble_event_patch.o(.data)
 <LI><a href="#[8d]">get_info</a> from dfu_cmd_handler_patch.o(i.get_info) referenced from dfu_cmd_handler_patch.o(i.dfu_cmd_handler_replace)
 <LI><a href="#[41]">hal_aon_gpio_callback</a> from app_io.o(i.hal_aon_gpio_callback) referenced 2 times from gr55xx_hal_aon_gpio_1.o(.data)
 <LI><a href="#[ab]">hal_exflash_erase</a> from gr55xx_hal_exflash_patch.o(RAM_CODE) referenced from fpb_patch_init.o(.constdata)
 <LI><a href="#[aa]">hal_exflash_write</a> from gr55xx_hal_exflash_patch.o(RAM_CODE) referenced from fpb_patch_init.o(.constdata)
 <LI><a href="#[42]">hal_gpio_exti_callback</a> from app_io.o(i.hal_gpio_exti_callback) referenced 2 times from gr55xx_hal_gpio_1.o(.data)
 <LI><a href="#[40]">hal_msp_deinit</a> from gr55xx_hal_1.o(i.hal_msp_deinit) referenced 2 times from gr55xx_hal_1.o(.data)
 <LI><a href="#[3f]">hal_msp_init</a> from gr55xx_hal_1.o(i.hal_msp_init) referenced 2 times from gr55xx_hal_1.o(.data)
 <LI><a href="#[92]">hal_pwr_sleep_timer_elapsed_callback</a> from app_timer.o(i.hal_pwr_sleep_timer_elapsed_callback) referenced from gr55xx_hal_pwr_1.o(i.hal_pwr_config_timer_wakeup)
 <LI><a href="#[48]">hal_uart_abort_cplt_callback</a> from app_uart.o(i.hal_uart_abort_cplt_callback) referenced 2 times from gr55xx_hal_uart_1.o(.data)
 <LI><a href="#[4a]">hal_uart_abort_rx_cplt_callback</a> from app_uart.o(i.hal_uart_abort_rx_cplt_callback) referenced 2 times from gr55xx_hal_uart_1.o(.data)
 <LI><a href="#[49]">hal_uart_abort_tx_cplt_callback</a> from app_uart.o(i.hal_uart_abort_tx_cplt_callback) referenced 2 times from gr55xx_hal_uart_1.o(.data)
 <LI><a href="#[47]">hal_uart_error_callback</a> from app_uart.o(i.hal_uart_error_callback) referenced 2 times from gr55xx_hal_uart_1.o(.data)
 <LI><a href="#[44]">hal_uart_msp_deinit</a> from gr55xx_hal_uart_1.o(i.hal_uart_msp_deinit) referenced 2 times from gr55xx_hal_uart_1.o(.data)
 <LI><a href="#[43]">hal_uart_msp_init</a> from gr55xx_hal_uart_1.o(i.hal_uart_msp_init) referenced 2 times from gr55xx_hal_uart_1.o(.data)
 <LI><a href="#[46]">hal_uart_rx_cplt_callback</a> from app_uart.o(i.hal_uart_rx_cplt_callback) referenced 2 times from gr55xx_hal_uart_1.o(.data)
 <LI><a href="#[45]">hal_uart_tx_cplt_callback</a> from app_uart.o(i.hal_uart_tx_cplt_callback) referenced 2 times from gr55xx_hal_uart_1.o(.data)
 <LI><a href="#[2b]">hci_le_add_dev_to_rslv_list_cmd_handler_patch</a> from llm_hci_patch.o(i.hci_le_add_dev_to_rslv_list_cmd_handler_patch) referenced 2 times from gr_soc.o(.data)
 <LI><a href="#[26]">hci_le_add_dev_to_wlst_cmd_handler_patch</a> from llm_hci_patch.o(i.hci_le_add_dev_to_wlst_cmd_handler_patch) referenced 2 times from gr_soc.o(.data)
 <LI><a href="#[2a]">hci_le_clear_rslv_list_cmd_handler_patch</a> from llm_hci_patch.o(i.hci_le_clear_rslv_list_cmd_handler_patch) referenced 2 times from gr_soc.o(.data)
 <LI><a href="#[28]">hci_le_clear_wlst_cmd_handler_patch</a> from llm_hci_patch.o(i.hci_le_clear_wlst_cmd_handler_patch) referenced 2 times from gr_soc.o(.data)
 <LI><a href="#[30]">hci_le_cmd_cmp_evt_init_handler_patch</a> from gapm_init_patch.o(i.hci_le_cmd_cmp_evt_init_handler_patch) referenced 2 times from gr_soc.o(.data)
 <LI><a href="#[31]">hci_le_cmd_cmp_evt_scan_handler_patch</a> from gapm_scan_patch.o(i.hci_le_cmd_cmp_evt_scan_handler_patch) referenced 2 times from gr_soc.o(.data)
 <LI><a href="#[96]">hci_le_con_upd_cmd_handler</a> from rom_symbol.txt(ABSOLUTE) referenced from llc_hci_patch.o(i.llc_hci_new_handler_find)
 <LI><a href="#[97]">hci_le_con_upd_cmd_handler_patch</a> from llc_con_upd_patch.o(i.hci_le_con_upd_cmd_handler_patch) referenced from llc_hci_patch.o(i.llc_hci_new_handler_find)
 <LI><a href="#[2d]">hci_le_ext_create_con_cmd_handler_patch</a> from llm_hci_patch.o(i.hci_le_ext_create_con_cmd_handler_patch) referenced 2 times from gr_soc.o(.data)
 <LI><a href="#[27]">hci_le_rmv_dev_from_wlst_cmd_handler_patch</a> from llm_hci_patch.o(i.hci_le_rmv_dev_from_wlst_cmd_handler_patch) referenced 2 times from gr_soc.o(.data)
 <LI><a href="#[29]">hci_le_set_addr_resol_en_cmd_handler_patch</a> from llm_hci_patch.o(i.hci_le_set_addr_resol_en_cmd_handler_patch) referenced 2 times from gr_soc.o(.data)
 <LI><a href="#[2f]">hci_le_set_ext_scan_en_cmd_handler_patch</a> from llm_scan_patch.o(i.hci_le_set_ext_scan_en_cmd_handler_patch) referenced 2 times from gr_soc.o(.data)
 <LI><a href="#[2e]">hci_le_set_ext_scan_param_cmd_handler_patch</a> from llm_scan_patch.o(i.hci_le_set_ext_scan_param_cmd_handler_patch) referenced 2 times from gr_soc.o(.data)
 <LI><a href="#[2c]">hci_le_set_priv_mode_cmd_handler_patch</a> from llm_hci_patch.o(i.hci_le_set_priv_mode_cmd_handler_patch) referenced 2 times from gr_soc.o(.data)
 <LI><a href="#[19]">hci_nb_cmp_pkts_evt_handler_patch</a> from l2cc_task_patch.o(i.hci_nb_cmp_pkts_evt_handler_patch) referenced 2 times from gr_soc.o(.data)
 <LI><a href="#[a9]">hci_send_2_controller_patch</a> from hci_patch.o(i.hci_send_2_controller_patch) referenced from fpb_patch_init.o(.constdata)
 <LI><a href="#[9]">host_to_sdk_msg_handler_patch</a> from ble_sdk_task_patch.o(i.host_to_sdk_msg_handler_patch) referenced 2 times from gr_soc.o(.data)
 <LI><a href="#[ad]">ke_task_schedule_patch</a> from ke_task_patch.o(i.ke_task_schedule_patch) referenced from fpb_patch_init.o(.constdata)
 <LI><a href="#[70]">l2cap_lecb_add_credits_ind_cb</a> from ble_event_patch.o(i.l2cap_lecb_add_credits_ind_cb) referenced 2 times from ble_event_patch.o(.data)
 <LI><a href="#[6f]">l2cap_lecb_conn_cb</a> from ble_event_patch.o(i.l2cap_lecb_conn_cb) referenced 2 times from ble_event_patch.o(.data)
 <LI><a href="#[6e]">l2cap_lecb_conn_req_cb</a> from ble_event_patch.o(i.l2cap_lecb_conn_req_cb) referenced 2 times from ble_event_patch.o(.data)
 <LI><a href="#[74]">l2cap_lecb_credit_add_cmp_cb</a> from ble_event_patch.o(i.l2cap_lecb_credit_add_cmp_cb) referenced 2 times from ble_event_patch.o(.data)
 <LI><a href="#[71]">l2cap_lecb_disconn_cb</a> from ble_event_patch.o(i.l2cap_lecb_disconn_cb) referenced 2 times from ble_event_patch.o(.data)
 <LI><a href="#[72]">l2cap_lecb_sdu_recv_cb</a> from ble_event_patch.o(i.l2cap_lecb_sdu_recv_cb) referenced 2 times from ble_event_patch.o(.data)
 <LI><a href="#[73]">l2cap_lecb_sdu_send_cb</a> from ble_event_patch.o(i.l2cap_lecb_sdu_send_cb) referenced 2 times from ble_event_patch.o(.data)
 <LI><a href="#[a]">l2cc_pdu_recv_ind_handler_patch</a> from gattc_task_patch.o(i.l2cc_pdu_recv_ind_handler_patch) referenced 2 times from gr_soc.o(.data)
 <LI><a href="#[95]">l2cm_l2cap_tx_handler_patch</a> from l2cm_patch.o(i.l2cm_l2cap_tx_handler_patch) referenced from l2cm_patch.o(i.l2cm_l2cap_tx_handler_replace)
 <LI><a href="#[14]">llc_auth_payl_nearly_to_handler_patch</a> from llc_le_ping_patch.o(i.llc_auth_payl_nearly_to_handler_patch) referenced 2 times from gr_soc.o(.data)
 <LI><a href="#[15]">llc_auth_payl_real_to_handler_patch</a> from llc_le_ping_patch.o(i.llc_auth_payl_real_to_handler_patch) referenced 2 times from gr_soc.o(.data)
 <LI><a href="#[8]">llc_hci_command_handler_patch</a> from llc_hci_patch.o(i.llc_hci_command_handler_patch) referenced 2 times from gr_soc.o(.data)
 <LI><a href="#[93]">llc_loc_con_upd_proc_err_cb</a> from rom_symbol.txt(ABSOLUTE) referenced from llc_con_upd_patch.o(i.hci_le_con_upd_cmd_handler_patch)
 <LI><a href="#[b]">llc_loc_llcp_rsp_to_handler_patch</a> from llc_task_patch.o(i.llc_loc_llcp_rsp_to_handler_patch) referenced 2 times from gr_soc.o(.data)
 <LI><a href="#[16]">llc_op_dl_upd_ind_handler_patch</a> from llc_dl_upd_patch.o(i.llc_op_dl_upd_ind_handler_patch) referenced 2 times from gr_soc.o(.data)
 <LI><a href="#[c]">llc_rem_llcp_rsp_to_handler_patch</a> from llc_task_patch.o(i.llc_rem_llcp_rsp_to_handler_patch) referenced 2 times from gr_soc.o(.data)
 <LI><a href="#[f]">lld_acl_rx_ind_handler_patch</a> from llc_task_patch.o(i.lld_acl_rx_ind_handler_patch) referenced 2 times from gr_soc.o(.data)
 <LI><a href="#[11]">lld_ch_map_upd_cfm_handler_patch</a> from llc_chmap_upd_patch.o(i.lld_ch_map_upd_cfm_handler_patch) referenced 2 times from gr_soc.o(.data)
 <LI><a href="#[13]">lld_con_offset_upd_ind_handler_patch</a> from llc_con_upd_patch.o(i.lld_con_offset_upd_ind_handler_patch) referenced 2 times from gr_soc.o(.data)
 <LI><a href="#[10]">lld_con_param_upd_cfm_handler_patch</a> from llc_con_upd_patch.o(i.lld_con_param_upd_cfm_handler_patch) referenced 2 times from gr_soc.o(.data)
 <LI><a href="#[17]">lld_init_end_ind_handler_patch</a> from llm_init_patch.o(i.lld_init_end_ind_handler_patch) referenced 2 times from gr_soc.o(.data)
 <LI><a href="#[d]">lld_llcp_rx_ind_handler_patch</a> from llc_llcp_patch.o(i.lld_llcp_rx_ind_handler_patch) referenced 2 times from gr_soc.o(.data)
 <LI><a href="#[e]">lld_llcp_tx_cfm_handler_patch</a> from llc_llcp_patch.o(i.lld_llcp_tx_cfm_handler_patch) referenced 2 times from gr_soc.o(.data)
 <LI><a href="#[12]">lld_phy_upd_cfm_handler_patch</a> from llc_phy_upd_patch.o(i.lld_phy_upd_cfm_handler_patch) referenced 2 times from gr_soc.o(.data)
 <LI><a href="#[18]">llm_ch_map_to_handler_patch</a> from llm_init_patch.o(i.llm_ch_map_to_handler_patch) referenced 2 times from gr_soc.o(.data)
 <LI><a href="#[7]">llm_hci_command_handler_patch</a> from llm_hci_patch.o(i.llm_hci_command_handler_patch) referenced 2 times from gr_soc.o(.data)
 <LI><a href="#[7b]">main_init</a> from gr_platform.o(i.main_init) referenced from startup.o(.text)
 <LI><a href="#[a0]">pwr_enter_sleep_check</a> from app_pwr_mgmt.o(i.pwr_enter_sleep_check) referenced from app_pwr_mgmt.o(i.pwr_register_sleep_cb)
 <LI><a href="#[9e]">pwr_mgmt_shutdown_patch</a> from sdk_pwr_mgmt_patch.o(TINY_RAM_SPACE) referenced from sdk_pwr_mgmt_patch.o(i.pwr_mgmt_shutdown_replace)
 <LI><a href="#[9f]">pwr_wake_up_ind</a> from app_pwr_mgmt.o(RAM_CODE) referenced from app_pwr_mgmt.o(i.pwr_register_sleep_cb)
 <LI><a href="#[a1]">rom_callback_patch</a> from rwip_sleep_common.o(RAM_CODE) referenced from rwip_sleep_common.o(i.rom_callback_replace)
 <LI><a href="#[77]">sec_rcv_enc_ind_cb</a> from ble_event_patch.o(i.sec_rcv_enc_ind_cb) referenced 2 times from ble_event_patch.o(.data)
 <LI><a href="#[76]">sec_rcv_enc_req_cb</a> from ble_event_patch.o(i.sec_rcv_enc_req_cb) referenced 2 times from ble_event_patch.o(.data)
 <LI><a href="#[1f]">sec_rcv_encrypt_req_ind_handler_patch</a> from ble_sdk_sec_patch.o(i.sec_rcv_encrypt_req_ind_handler_patch) referenced 2 times from gr_soc.o(.data)
 <LI><a href="#[79]">sec_rcv_key_missing_cb</a> from ble_event_patch.o(i.sec_rcv_key_missing_cb) referenced 2 times from ble_event_patch.o(.data)
 <LI><a href="#[78]">sec_rcv_keypress_notify_cb</a> from ble_event_patch.o(i.sec_rcv_keypress_notify_cb) referenced 2 times from ble_event_patch.o(.data)
 <LI><a href="#[1d]">sec_rcv_sec_req_ind_handler_patch</a> from ble_sdk_sec_patch.o(i.sec_rcv_sec_req_ind_handler_patch) referenced 2 times from gr_soc.o(.data)
 <LI><a href="#[9b]">sys_context_restore_func</a> from platform_sys_context.o(RAM_CODE) referenced from platform_sdk.o(i.platform_sdk_init)
 <LI><a href="#[9a]">sys_context_save_func</a> from platform_sys_context.o(RAM_CODE) referenced from platform_sdk.o(i.platform_sdk_init)
 <LI><a href="#[ae]">system_platform_init</a> from gr_platform.o(i.system_platform_init) referenced from gr_platform.o(.init_array)
 <LI><a href="#[a7]">uart_prepare_for_sleep</a> from app_uart.o(i.uart_prepare_for_sleep) referenced from app_uart.o(.constdata)
 <LI><a href="#[a8]">uart_wake_up_ind</a> from app_uart.o(RAM_CODE) referenced from app_uart.o(.constdata)
 <LI><a href="#[9c]">ultra_wfi</a> from rom_symbol.txt(ABSOLUTE) referenced from platform_sdk.o(i.platform_sdk_init)
</UL>
<P>
<H3>
Global Symbols
</H3>
<P><STRONG><a name="[116]"></a>assert_err</STRONG> (Thumb, 0 bytes, Stack size 0 bytes, rom_symbol.txt(ABSOLUTE))
<BR><BR>[Called By]<UL><LI><a href="#[2d]">&gt;&gt;</a>&nbsp;&nbsp;&nbsp;hci_le_ext_create_con_cmd_handler_patch (via Veneer)
<LI><a href="#[ad]">&gt;&gt;</a>&nbsp;&nbsp;&nbsp;ke_task_schedule_patch (via Veneer)
<LI><a href="#[a9]">&gt;&gt;</a>&nbsp;&nbsp;&nbsp;hci_send_2_controller_patch (via Veneer)
<LI><a href="#[115]">&gt;&gt;</a>&nbsp;&nbsp;&nbsp;BLESLP_Handler_without_stack_init (via Veneer)
</UL>

<P><STRONG><a name="[265]"></a>assert_param</STRONG> (Thumb, 0 bytes, Stack size 0 bytes, rom_symbol.txt(ABSOLUTE))
<BR><BR>[Called By]<UL><LI><a href="#[19]">&gt;&gt;</a>&nbsp;&nbsp;&nbsp;hci_nb_cmp_pkts_evt_handler_patch (via Veneer)
<LI><a href="#[2d]">&gt;&gt;</a>&nbsp;&nbsp;&nbsp;hci_le_ext_create_con_cmd_handler_patch (via Veneer)
<LI><a href="#[ad]">&gt;&gt;</a>&nbsp;&nbsp;&nbsp;ke_task_schedule_patch (via Veneer)
</UL>

<P><STRONG><a name="[27b]"></a>assert_warn</STRONG> (Thumb, 0 bytes, Stack size 0 bytes, rom_symbol.txt(ABSOLUTE))
<BR><BR>[Called By]<UL><LI><a href="#[ad]">&gt;&gt;</a>&nbsp;&nbsp;&nbsp;ke_task_schedule_patch (via Veneer)
<LI><a href="#[a9]">&gt;&gt;</a>&nbsp;&nbsp;&nbsp;hci_send_2_controller_patch (via Veneer)
</UL>

<P><STRONG><a name="[288]"></a>attc_l2cc_pdu_recv_handler</STRONG> (Thumb, 0 bytes, Stack size 0 bytes, rom_symbol.txt(ABSOLUTE))
<BR><BR>[Called By]<UL><LI><a href="#[a]">&gt;&gt;</a>&nbsp;&nbsp;&nbsp;l2cc_pdu_recv_ind_handler_patch (via Veneer)
</UL>

<P><STRONG><a name="[208]"></a>attm_att_set_value</STRONG> (Thumb, 0 bytes, Stack size 0 bytes, rom_symbol.txt(ABSOLUTE))
<BR><BR>[Called By]<UL><LI><a href="#[25]">&gt;&gt;</a>&nbsp;&nbsp;&nbsp;gapm_set_dev_config_cmd_handler_patch (via Veneer)
</UL>

<P><STRONG><a name="[207]"></a>attm_att_update_perm</STRONG> (Thumb, 0 bytes, Stack size 0 bytes, rom_symbol.txt(ABSOLUTE))
<BR><BR>[Called By]<UL><LI><a href="#[25]">&gt;&gt;</a>&nbsp;&nbsp;&nbsp;gapm_set_dev_config_cmd_handler_patch (via Veneer)
</UL>

<P><STRONG><a name="[205]"></a>attmdb_destroy</STRONG> (Thumb, 0 bytes, Stack size 0 bytes, rom_symbol.txt(ABSOLUTE))
<BR><BR>[Called By]<UL><LI><a href="#[25]">&gt;&gt;</a>&nbsp;&nbsp;&nbsp;gapm_set_dev_config_cmd_handler_patch (via Veneer)
</UL>

<P><STRONG><a name="[181]"></a>attmdb_get_attribute</STRONG> (Thumb, 0 bytes, Stack size 0 bytes, rom_symbol.txt(ABSOLUTE))
<BR><BR>[Called By]<UL><LI><a href="#[180]">&gt;&gt;</a>&nbsp;&nbsp;&nbsp;attm_update_max_len (via Veneer)
</UL>

<P><STRONG><a name="[182]"></a>attmdb_uuid16_comp</STRONG> (Thumb, 0 bytes, Stack size 0 bytes, rom_symbol.txt(ABSOLUTE))
<BR><BR>[Called By]<UL><LI><a href="#[180]">&gt;&gt;</a>&nbsp;&nbsp;&nbsp;attm_update_max_len (via Veneer)
</UL>

<P><STRONG><a name="[184]"></a>atts_hdl_value_cfm</STRONG> (Thumb, 0 bytes, Stack size 0 bytes, rom_symbol.txt(ABSOLUTE))
<BR><BR>[Called By]<UL><LI><a href="#[183]">&gt;&gt;</a>&nbsp;&nbsp;&nbsp;atts_l2cc_pdu_recv_handler_patch (via Veneer)
</UL>

<P><STRONG><a name="[187]"></a>atts_process_pdu</STRONG> (Thumb, 0 bytes, Stack size 0 bytes, rom_symbol.txt(ABSOLUTE))
<BR><BR>[Called By]<UL><LI><a href="#[183]">&gt;&gt;</a>&nbsp;&nbsp;&nbsp;atts_l2cc_pdu_recv_handler_patch (via Veneer)
</UL>

<P><STRONG><a name="[27a]"></a>ble_util_buf_acl_tx_free</STRONG> (Thumb, 0 bytes, Stack size 0 bytes, rom_symbol.txt(ABSOLUTE))
<BR><BR>[Called By]<UL><LI><a href="#[a9]">&gt;&gt;</a>&nbsp;&nbsp;&nbsp;hci_send_2_controller_patch (via Veneer)
</UL>

<P><STRONG><a name="[2a1]"></a>ble_util_buf_rx_free</STRONG> (Thumb, 0 bytes, Stack size 0 bytes, rom_symbol.txt(ABSOLUTE))
<BR><BR>[Called By]<UL><LI><a href="#[d]">&gt;&gt;</a>&nbsp;&nbsp;&nbsp;lld_llcp_rx_ind_handler_patch (via Veneer)
<LI><a href="#[f]">&gt;&gt;</a>&nbsp;&nbsp;&nbsp;lld_acl_rx_ind_handler_patch (via Veneer)
</UL>

<P><STRONG><a name="[262]"></a>co_bdaddr_compare</STRONG> (Thumb, 0 bytes, Stack size 0 bytes, rom_symbol.txt(ABSOLUTE))
<BR><BR>[Called By]<UL><LI><a href="#[2f]">&gt;&gt;</a>&nbsp;&nbsp;&nbsp;hci_le_set_ext_scan_en_cmd_handler_patch (via Veneer)
<LI><a href="#[2d]">&gt;&gt;</a>&nbsp;&nbsp;&nbsp;hci_le_ext_create_con_cmd_handler_patch (via Veneer)
</UL>

<P><STRONG><a name="[284]"></a>co_list_pop_front</STRONG> (Thumb, 0 bytes, Stack size 0 bytes, rom_symbol.txt(ABSOLUTE))
<BR><BR>[Called By]<UL><LI><a href="#[ad]">&gt;&gt;</a>&nbsp;&nbsp;&nbsp;ke_task_schedule_patch (via Veneer)
</UL>

<P><STRONG><a name="[186]"></a>co_list_push_back</STRONG> (Thumb, 0 bytes, Stack size 0 bytes, rom_symbol.txt(ABSOLUTE))
<BR><BR>[Called By]<UL><LI><a href="#[183]">&gt;&gt;</a>&nbsp;&nbsp;&nbsp;atts_l2cc_pdu_recv_handler_patch (via Veneer)
<LI><a href="#[ad]">&gt;&gt;</a>&nbsp;&nbsp;&nbsp;ke_task_schedule_patch (via Veneer)
</UL>

<P><STRONG><a name="[2af]"></a>co_nb_good_le_channels</STRONG> (Thumb, 0 bytes, Stack size 0 bytes, rom_symbol.txt(ABSOLUTE))
<BR><BR>[Called By]<UL><LI><a href="#[2ac]">&gt;&gt;</a>&nbsp;&nbsp;&nbsp;llm_ch_map_update_patch (via Veneer)
</UL>

<P><STRONG><a name="[122]"></a>dbg_log_printf</STRONG> (Thumb, 0 bytes, Stack size 0 bytes, rom_symbol.txt(ABSOLUTE))
<BR><BR>[Called By]<UL><LI><a href="#[1d]">&gt;&gt;</a>&nbsp;&nbsp;&nbsp;sec_rcv_sec_req_ind_handler_patch (via Veneer)
<LI><a href="#[1f]">&gt;&gt;</a>&nbsp;&nbsp;&nbsp;sec_rcv_encrypt_req_ind_handler_patch (via Veneer)
<LI><a href="#[a]">&gt;&gt;</a>&nbsp;&nbsp;&nbsp;l2cc_pdu_recv_ind_handler_patch (via Veneer)
<LI><a href="#[1c]">&gt;&gt;</a>&nbsp;&nbsp;&nbsp;gap_disconnect_ind_handler_patch (via Veneer)
<LI><a href="#[1b]">&gt;&gt;</a>&nbsp;&nbsp;&nbsp;gap_connection_req_ind_handler_patch (via Veneer)
<LI><a href="#[1e]">&gt;&gt;</a>&nbsp;&nbsp;&nbsp;gap_cmp_evt_handler_patch (via Veneer)
<LI><a href="#[5]">&gt;&gt;</a>&nbsp;&nbsp;&nbsp;gap_activity_stopped_ind_handler_patch (via Veneer)
<LI><a href="#[21]">&gt;&gt;</a>&nbsp;&nbsp;&nbsp;ble_sdk_gatts_svc_changed_cfg_ind_handler_patch (via Veneer)
<LI><a href="#[183]">&gt;&gt;</a>&nbsp;&nbsp;&nbsp;atts_l2cc_pdu_recv_handler_patch (via Veneer)
<LI><a href="#[189]">&gt;&gt;</a>&nbsp;&nbsp;&nbsp;nvds_put (via Veneer)
<LI><a href="#[1a2]">&gt;&gt;</a>&nbsp;&nbsp;&nbsp;gatt_find_item_patch (via Veneer)
<LI><a href="#[1dc]">&gt;&gt;</a>&nbsp;&nbsp;&nbsp;gatt_on_connection_func_patch (via Veneer)
<LI><a href="#[1a5]">&gt;&gt;</a>&nbsp;&nbsp;&nbsp;sec_check_conn_bond_patch (via Veneer)
<LI><a href="#[120]">&gt;&gt;</a>&nbsp;&nbsp;&nbsp;add_ltk_item (via Veneer)
<LI><a href="#[20c]">&gt;&gt;</a>&nbsp;&nbsp;&nbsp;gatt_clear_cccd_patch (via Veneer)
<LI><a href="#[214]">&gt;&gt;</a>&nbsp;&nbsp;&nbsp;gatt_remove_item_patch (via Veneer)
<LI><a href="#[17f]">&gt;&gt;</a>&nbsp;&nbsp;&nbsp;write_item (via Veneer)
<LI><a href="#[1bc]">&gt;&gt;</a>&nbsp;&nbsp;&nbsp;write_compacted_items (via Veneer)
<LI><a href="#[2bf]">&gt;&gt;</a>&nbsp;&nbsp;&nbsp;replace_item (via Veneer)
<LI><a href="#[17e]">&gt;&gt;</a>&nbsp;&nbsp;&nbsp;compact_nvds (via Veneer)
<LI><a href="#[17c]">&gt;&gt;</a>&nbsp;&nbsp;&nbsp;append_item (via Veneer)
</UL>

<P><STRONG><a name="[335]"></a>exflash_check_id</STRONG> (Thumb, 0 bytes, Stack size 0 bytes, rom_symbol.txt(ABSOLUTE))
<BR><BR>[Called By]<UL><LI><a href="#[aa]">&gt;&gt;</a>&nbsp;&nbsp;&nbsp;hal_exflash_write
<LI><a href="#[ab]">&gt;&gt;</a>&nbsp;&nbsp;&nbsp;hal_exflash_erase
<LI><a href="#[330]">&gt;&gt;</a>&nbsp;&nbsp;&nbsp;hal_exflash_warm_init
<LI><a href="#[2cd]">&gt;&gt;</a>&nbsp;&nbsp;&nbsp;platform_exflash_enable_quad
</UL>

<P><STRONG><a name="[352]"></a>exflash_deepsleep</STRONG> (Thumb, 0 bytes, Stack size 0 bytes, rom_symbol.txt(ABSOLUTE))
<BR><BR>[Called By]<UL><LI><a href="#[aa]">&gt;&gt;</a>&nbsp;&nbsp;&nbsp;hal_exflash_write
<LI><a href="#[ab]">&gt;&gt;</a>&nbsp;&nbsp;&nbsp;hal_exflash_erase
<LI><a href="#[360]">&gt;&gt;</a>&nbsp;&nbsp;&nbsp;hal_exflash_deepsleep_patch
<LI><a href="#[2cd]">&gt;&gt;</a>&nbsp;&nbsp;&nbsp;platform_exflash_enable_quad
</UL>

<P><STRONG><a name="[34c]"></a>exflash_enable_write</STRONG> (Thumb, 0 bytes, Stack size 0 bytes, rom_symbol.txt(ABSOLUTE))
<BR><BR>[Called By]<UL><LI><a href="#[34d]">&gt;&gt;</a>&nbsp;&nbsp;&nbsp;enable_quad_mode1
<LI><a href="#[34b]">&gt;&gt;</a>&nbsp;&nbsp;&nbsp;enable_quad_mode2
</UL>

<P><STRONG><a name="[35e]"></a>exflash_erase_chip</STRONG> (Thumb, 0 bytes, Stack size 0 bytes, rom_symbol.txt(ABSOLUTE))
<BR><BR>[Called By]<UL><LI><a href="#[ab]">&gt;&gt;</a>&nbsp;&nbsp;&nbsp;hal_exflash_erase
</UL>

<P><STRONG><a name="[35f]"></a>exflash_erase_sector</STRONG> (Thumb, 0 bytes, Stack size 0 bytes, rom_symbol.txt(ABSOLUTE))
<BR><BR>[Called By]<UL><LI><a href="#[ab]">&gt;&gt;</a>&nbsp;&nbsp;&nbsp;hal_exflash_erase
</UL>

<P><STRONG><a name="[35d]"></a>exflash_page_program</STRONG> (Thumb, 0 bytes, Stack size 0 bytes, rom_symbol.txt(ABSOLUTE))
<BR><BR>[Called By]<UL><LI><a href="#[aa]">&gt;&gt;</a>&nbsp;&nbsp;&nbsp;hal_exflash_write
</UL>

<P><STRONG><a name="[363]"></a>exflash_resume</STRONG> (Thumb, 0 bytes, Stack size 0 bytes, rom_symbol.txt(ABSOLUTE))
<BR><BR>[Called By]<UL><LI><a href="#[356]">&gt;&gt;</a>&nbsp;&nbsp;&nbsp;hal_exflash_resume
</UL>

<P><STRONG><a name="[362]"></a>exflash_suspend</STRONG> (Thumb, 0 bytes, Stack size 0 bytes, rom_symbol.txt(ABSOLUTE))
<BR><BR>[Called By]<UL><LI><a href="#[354]">&gt;&gt;</a>&nbsp;&nbsp;&nbsp;hal_exflash_suspend
</UL>

<P><STRONG><a name="[34a]"></a>exflash_wait_busy</STRONG> (Thumb, 0 bytes, Stack size 0 bytes, rom_symbol.txt(ABSOLUTE))
<BR><BR>[Called By]<UL><LI><a href="#[34d]">&gt;&gt;</a>&nbsp;&nbsp;&nbsp;enable_quad_mode1
<LI><a href="#[34b]">&gt;&gt;</a>&nbsp;&nbsp;&nbsp;enable_quad_mode2
<LI><a href="#[348]">&gt;&gt;</a>&nbsp;&nbsp;&nbsp;enable_quad_xmc
</UL>

<P><STRONG><a name="[333]"></a>exflash_wakeup</STRONG> (Thumb, 0 bytes, Stack size 0 bytes, rom_symbol.txt(ABSOLUTE))
<BR><BR>[Called By]<UL><LI><a href="#[aa]">&gt;&gt;</a>&nbsp;&nbsp;&nbsp;hal_exflash_write
<LI><a href="#[ab]">&gt;&gt;</a>&nbsp;&nbsp;&nbsp;hal_exflash_erase
<LI><a href="#[330]">&gt;&gt;</a>&nbsp;&nbsp;&nbsp;hal_exflash_warm_init
<LI><a href="#[361]">&gt;&gt;</a>&nbsp;&nbsp;&nbsp;hal_exflash_wakeup_patch
<LI><a href="#[2cd]">&gt;&gt;</a>&nbsp;&nbsp;&nbsp;platform_exflash_enable_quad
</UL>

<P><STRONG><a name="[34f]"></a>exflash_write_status</STRONG> (Thumb, 0 bytes, Stack size 0 bytes, rom_symbol.txt(ABSOLUTE))
<BR><BR>[Called By]<UL><LI><a href="#[34e]">&gt;&gt;</a>&nbsp;&nbsp;&nbsp;enable_quad_mode0
</UL>

<P><STRONG><a name="[36c]"></a>force_dpad_le_high</STRONG> (Thumb, 0 bytes, Stack size 0 bytes, rom_symbol.txt(ABSOLUTE))
<BR><BR>[Called By]<UL><LI><a href="#[9b]">&gt;&gt;</a>&nbsp;&nbsp;&nbsp;sys_context_restore_func
</UL>

<P><STRONG><a name="[268]"></a>gapc_get_conidx</STRONG> (Thumb, 0 bytes, Stack size 0 bytes, rom_symbol.txt(ABSOLUTE))
<BR><BR>[Called By]<UL><LI><a href="#[19]">&gt;&gt;</a>&nbsp;&nbsp;&nbsp;hci_nb_cmp_pkts_evt_handler_patch
<LI><a href="#[1e5]">&gt;&gt;</a>&nbsp;&nbsp;&nbsp;hci_le_ltk_request_evt_handler_patch
</UL>

<P><STRONG><a name="[24a]"></a>gapc_get_dest_task</STRONG> (Thumb, 0 bytes, Stack size 0 bytes, rom_symbol.txt(ABSOLUTE))
<BR><BR>[Called By]<UL><LI><a href="#[1e6]">&gt;&gt;</a>&nbsp;&nbsp;&nbsp;hci_disc_cmp_evt_handler_patch
</UL>

<P><STRONG><a name="[269]"></a>gapc_get_operation</STRONG> (Thumb, 0 bytes, Stack size 0 bytes, rom_symbol.txt(ABSOLUTE))
<BR><BR>[Called By]<UL><LI><a href="#[1e5]">&gt;&gt;</a>&nbsp;&nbsp;&nbsp;hci_le_ltk_request_evt_handler_patch
</UL>

<P><STRONG><a name="[24b]"></a>gapc_send_disconect_ind</STRONG> (Thumb, 0 bytes, Stack size 0 bytes, rom_symbol.txt(ABSOLUTE))
<BR><BR>[Called By]<UL><LI><a href="#[1e6]">&gt;&gt;</a>&nbsp;&nbsp;&nbsp;hci_disc_cmp_evt_handler_patch
</UL>

<P><STRONG><a name="[24c]"></a>gapc_send_error_evt</STRONG> (Thumb, 0 bytes, Stack size 0 bytes, rom_symbol.txt(ABSOLUTE))
<BR><BR>[Called By]<UL><LI><a href="#[1e6]">&gt;&gt;</a>&nbsp;&nbsp;&nbsp;hci_disc_cmp_evt_handler_patch
</UL>

<P><STRONG><a name="[1f9]"></a>gapm_actv_alloc</STRONG> (Thumb, 0 bytes, Stack size 0 bytes, rom_symbol.txt(ABSOLUTE))
<BR><BR>[Called By]<UL><LI><a href="#[1ed]">&gt;&gt;</a>&nbsp;&nbsp;&nbsp;gapm_init_create_patch
</UL>

<P><STRONG><a name="[1e8]"></a>gapm_actv_check_create_param</STRONG> (Thumb, 0 bytes, Stack size 0 bytes, rom_symbol.txt(ABSOLUTE))
<BR><BR>[Called By]<UL><LI><a href="#[23]">&gt;&gt;</a>&nbsp;&nbsp;&nbsp;gapm_activity_create_cmd_handler_patch
</UL>

<P><STRONG><a name="[1fb]"></a>gapm_actv_created</STRONG> (Thumb, 0 bytes, Stack size 0 bytes, rom_symbol.txt(ABSOLUTE))
<BR><BR>[Called By]<UL><LI><a href="#[1ed]">&gt;&gt;</a>&nbsp;&nbsp;&nbsp;gapm_init_create_patch
</UL>

<P><STRONG><a name="[1e9]"></a>gapm_actv_get_free_idx</STRONG> (Thumb, 0 bytes, Stack size 0 bytes, rom_symbol.txt(ABSOLUTE))
<BR><BR>[Called By]<UL><LI><a href="#[23]">&gt;&gt;</a>&nbsp;&nbsp;&nbsp;gapm_activity_create_cmd_handler_patch
</UL>

<P><STRONG><a name="[257]"></a>gapm_actv_retrieve_cmd_cmp_evt</STRONG> (Thumb, 0 bytes, Stack size 0 bytes, rom_symbol.txt(ABSOLUTE))
<BR><BR>[Called By]<UL><LI><a href="#[31]">&gt;&gt;</a>&nbsp;&nbsp;&nbsp;hci_le_cmd_cmp_evt_scan_handler_patch
<LI><a href="#[30]">&gt;&gt;</a>&nbsp;&nbsp;&nbsp;hci_le_cmd_cmp_evt_init_handler_patch
</UL>

<P><STRONG><a name="[281]"></a>gapm_actv_started</STRONG> (Thumb, 0 bytes, Stack size 0 bytes, rom_symbol.txt(ABSOLUTE))
<BR><BR>[Called By]<UL><LI><a href="#[258]">&gt;&gt;</a>&nbsp;&nbsp;&nbsp;init_hci_le_cmd_cmp_evt_starting_handler_patch
<LI><a href="#[25b]">&gt;&gt;</a>&nbsp;&nbsp;&nbsp;scan_hci_le_cmd_cmp_evt_starting_handler_patch
</UL>

<P><STRONG><a name="[1ea]"></a>gapm_adv_create</STRONG> (Thumb, 0 bytes, Stack size 0 bytes, rom_symbol.txt(ABSOLUTE))
<BR><BR>[Called By]<UL><LI><a href="#[23]">&gt;&gt;</a>&nbsp;&nbsp;&nbsp;gapm_activity_create_cmd_handler_patch
</UL>

<P><STRONG><a name="[24d]"></a>gapm_con_cleanup</STRONG> (Thumb, 0 bytes, Stack size 0 bytes, rom_symbol.txt(ABSOLUTE))
<BR><BR>[Called By]<UL><LI><a href="#[1e6]">&gt;&gt;</a>&nbsp;&nbsp;&nbsp;hci_disc_cmp_evt_handler_patch
</UL>

<P><STRONG><a name="[204]"></a>gapm_dle_val_check</STRONG> (Thumb, 0 bytes, Stack size 0 bytes, rom_symbol.txt(ABSOLUTE))
<BR><BR>[Called By]<UL><LI><a href="#[25]">&gt;&gt;</a>&nbsp;&nbsp;&nbsp;gapm_set_dev_config_cmd_handler_patch
</UL>

<P><STRONG><a name="[1f8]"></a>gapm_get_address_type</STRONG> (Thumb, 0 bytes, Stack size 0 bytes, rom_symbol.txt(ABSOLUTE))
<BR><BR>[Called By]<UL><LI><a href="#[1ed]">&gt;&gt;</a>&nbsp;&nbsp;&nbsp;gapm_init_create_patch
</UL>

<P><STRONG><a name="[1f0]"></a>gapm_get_att_handle</STRONG> (Thumb, 0 bytes, Stack size 0 bytes, rom_symbol.txt(ABSOLUTE))
<BR><BR>[Called By]<UL><LI><a href="#[25]">&gt;&gt;</a>&nbsp;&nbsp;&nbsp;gapm_set_dev_config_cmd_handler_patch
<LI><a href="#[4]">&gt;&gt;</a>&nbsp;&nbsp;&nbsp;gapm_cmp_evt_handler_patch
</UL>

<P><STRONG><a name="[1fa]"></a>gapm_get_requester</STRONG> (Thumb, 0 bytes, Stack size 0 bytes, rom_symbol.txt(ABSOLUTE))
<BR><BR>[Called By]<UL><LI><a href="#[1ed]">&gt;&gt;</a>&nbsp;&nbsp;&nbsp;gapm_init_create_patch
</UL>

<P><STRONG><a name="[206]"></a>gapm_init_attr</STRONG> (Thumb, 0 bytes, Stack size 0 bytes, rom_symbol.txt(ABSOLUTE))
<BR><BR>[Called By]<UL><LI><a href="#[25]">&gt;&gt;</a>&nbsp;&nbsp;&nbsp;gapm_set_dev_config_cmd_handler_patch
</UL>

<P><STRONG><a name="[1fc]"></a>gapm_init_check_param</STRONG> (Thumb, 0 bytes, Stack size 0 bytes, rom_symbol.txt(ABSOLUTE))
<BR><BR>[Called By]<UL><LI><a href="#[8e]">&gt;&gt;</a>&nbsp;&nbsp;&nbsp;gapm_init_start_patch
</UL>

<P><STRONG><a name="[90]"></a>gapm_init_delete</STRONG> (Thumb, 0 bytes, Stack size 0 bytes, rom_symbol.txt(ABSOLUTE), UNUSED)
<BR>[Address Reference Count : 1]<UL><LI> gapm_init_patch.o(i.gapm_init_create_patch)
</UL>
<P><STRONG><a name="[200]"></a>gapm_init_send_hci_le_create_con_cancel_cmd</STRONG> (Thumb, 0 bytes, Stack size 0 bytes, rom_symbol.txt(ABSOLUTE))
<BR><BR>[Called By]<UL><LI><a href="#[8f]">&gt;&gt;</a>&nbsp;&nbsp;&nbsp;gapm_init_stop_patch
</UL>

<P><STRONG><a name="[1fe]"></a>gapm_init_send_hci_le_ext_create_con_cmd</STRONG> (Thumb, 0 bytes, Stack size 0 bytes, rom_symbol.txt(ABSOLUTE))
<BR><BR>[Called By]<UL><LI><a href="#[8e]">&gt;&gt;</a>&nbsp;&nbsp;&nbsp;gapm_init_start_patch
</UL>

<P><STRONG><a name="[280]"></a>gapm_init_stopped</STRONG> (Thumb, 0 bytes, Stack size 0 bytes, rom_symbol.txt(ABSOLUTE))
<BR><BR>[Called By]<UL><LI><a href="#[258]">&gt;&gt;</a>&nbsp;&nbsp;&nbsp;init_hci_le_cmd_cmp_evt_starting_handler_patch
</UL>

<P><STRONG><a name="[1f7]"></a>gapm_is_addr_type_valid</STRONG> (Thumb, 0 bytes, Stack size 0 bytes, rom_symbol.txt(ABSOLUTE))
<BR><BR>[Called By]<UL><LI><a href="#[1ed]">&gt;&gt;</a>&nbsp;&nbsp;&nbsp;gapm_init_create_patch
</UL>

<P><STRONG><a name="[20b]"></a>gapm_le_psm_cleanup</STRONG> (Thumb, 0 bytes, Stack size 0 bytes, rom_symbol.txt(ABSOLUTE))
<BR><BR>[Called By]<UL><LI><a href="#[25]">&gt;&gt;</a>&nbsp;&nbsp;&nbsp;gapm_set_dev_config_cmd_handler_patch
</UL>

<P><STRONG><a name="[1ec]"></a>gapm_per_sync_create</STRONG> (Thumb, 0 bytes, Stack size 0 bytes, rom_symbol.txt(ABSOLUTE))
<BR><BR>[Called By]<UL><LI><a href="#[23]">&gt;&gt;</a>&nbsp;&nbsp;&nbsp;gapm_activity_create_cmd_handler_patch
</UL>

<P><STRONG><a name="[1e7]"></a>gapm_process_op</STRONG> (Thumb, 0 bytes, Stack size 0 bytes, rom_symbol.txt(ABSOLUTE))
<BR><BR>[Called By]<UL><LI><a href="#[25]">&gt;&gt;</a>&nbsp;&nbsp;&nbsp;gapm_set_dev_config_cmd_handler_patch
<LI><a href="#[23]">&gt;&gt;</a>&nbsp;&nbsp;&nbsp;gapm_activity_create_cmd_handler_patch
</UL>

<P><STRONG><a name="[1eb]"></a>gapm_scan_create</STRONG> (Thumb, 0 bytes, Stack size 0 bytes, rom_symbol.txt(ABSOLUTE))
<BR><BR>[Called By]<UL><LI><a href="#[23]">&gt;&gt;</a>&nbsp;&nbsp;&nbsp;gapm_activity_create_cmd_handler_patch
</UL>

<P><STRONG><a name="[209]"></a>gattm_init_attr</STRONG> (Thumb, 0 bytes, Stack size 0 bytes, rom_symbol.txt(ABSOLUTE))
<BR><BR>[Called By]<UL><LI><a href="#[25]">&gt;&gt;</a>&nbsp;&nbsp;&nbsp;gapm_set_dev_config_cmd_handler_patch
</UL>

<P><STRONG><a name="[22a]"></a>hal_aon_gpio_br_callback</STRONG> (Thumb, 0 bytes, Stack size 0 bytes, rom_symbol.txt(ABSOLUTE))
<BR><BR>[Called By]<UL><LI><a href="#[228]">&gt;&gt;</a>&nbsp;&nbsp;&nbsp;hal_aon_gpio_irq_handler
</UL>

<P><STRONG><a name="[140]"></a>hal_aon_gpio_read_pin</STRONG> (Thumb, 0 bytes, Stack size 0 bytes, rom_symbol.txt(ABSOLUTE))
<BR><BR>[Called By]<UL><LI><a href="#[133]">&gt;&gt;</a>&nbsp;&nbsp;&nbsp;app_io_read_pin
</UL>

<P><STRONG><a name="[225]"></a>hal_aon_gpio_register_callback</STRONG> (Thumb, 0 bytes, Stack size 0 bytes, rom_symbol.txt(ABSOLUTE))
<BR><BR>[Called By]<UL><LI><a href="#[13d]">&gt;&gt;</a>&nbsp;&nbsp;&nbsp;hal_aon_gpio_init
</UL>

<P><STRONG><a name="[306]"></a>hal_efuse_read</STRONG> (Thumb, 0 bytes, Stack size 0 bytes, rom_symbol.txt(ABSOLUTE))
<BR><BR>[Called By]<UL><LI><a href="#[27f]">&gt;&gt;</a>&nbsp;&nbsp;&nbsp;sys_get_efuse_io_ldo
<LI><a href="#[301]">&gt;&gt;</a>&nbsp;&nbsp;&nbsp;sys_efuse_info_sync
</UL>

<P><STRONG><a name="[22f]"></a>hal_exflash_init_ext</STRONG> (Thumb, 0 bytes, Stack size 0 bytes, rom_symbol.txt(ABSOLUTE))
<BR><BR>[Called By]<UL><LI><a href="#[22d]">&gt;&gt;</a>&nbsp;&nbsp;&nbsp;hal_flash_init
</UL>

<P><STRONG><a name="[22c]"></a>hal_exflash_read_rom</STRONG> (Thumb, 0 bytes, Stack size 0 bytes, rom_symbol.txt(ABSOLUTE))
<BR><BR>[Called By]<UL><LI><a href="#[22b]">&gt;&gt;</a>&nbsp;&nbsp;&nbsp;hal_exflash_read
</UL>

<P><STRONG><a name="[331]"></a>hal_exflash_set_retry</STRONG> (Thumb, 0 bytes, Stack size 0 bytes, rom_symbol.txt(ABSOLUTE))
<BR><BR>[Called By]<UL><LI><a href="#[330]">&gt;&gt;</a>&nbsp;&nbsp;&nbsp;hal_exflash_warm_init
</UL>

<P><STRONG><a name="[231]"></a>hal_gpio_deinit_ext</STRONG> (Thumb, 0 bytes, Stack size 0 bytes, rom_symbol.txt(ABSOLUTE))
<BR><BR>[Called By]<UL><LI><a href="#[130]">&gt;&gt;</a>&nbsp;&nbsp;&nbsp;hal_gpio_deinit
</UL>

<P><STRONG><a name="[328]"></a>hal_gpio_exti_irq_handler</STRONG> (Thumb, 0 bytes, Stack size 0 bytes, rom_symbol.txt(ABSOLUTE))
<BR><BR>[Called By]<UL><LI><a href="#[329]">&gt;&gt;</a>&nbsp;&nbsp;&nbsp;EXT2_IRQHandler
<LI><a href="#[81]">&gt;&gt;</a>&nbsp;&nbsp;&nbsp;EXT0_IRQHandler
<LI><a href="#[82]">&gt;&gt;</a>&nbsp;&nbsp;&nbsp;EXT1_IRQHandler
</UL>

<P><STRONG><a name="[233]"></a>hal_gpio_init_ext</STRONG> (Thumb, 0 bytes, Stack size 0 bytes, rom_symbol.txt(ABSOLUTE))
<BR><BR>[Called By]<UL><LI><a href="#[13c]">&gt;&gt;</a>&nbsp;&nbsp;&nbsp;hal_gpio_init
</UL>

<P><STRONG><a name="[13f]"></a>hal_gpio_read_pin</STRONG> (Thumb, 0 bytes, Stack size 0 bytes, rom_symbol.txt(ABSOLUTE))
<BR><BR>[Called By]<UL><LI><a href="#[133]">&gt;&gt;</a>&nbsp;&nbsp;&nbsp;app_io_read_pin
</UL>

<P><STRONG><a name="[230]"></a>hal_gpio_register_callback</STRONG> (Thumb, 0 bytes, Stack size 0 bytes, rom_symbol.txt(ABSOLUTE))
<BR><BR>[Called By]<UL><LI><a href="#[13c]">&gt;&gt;</a>&nbsp;&nbsp;&nbsp;hal_gpio_init
<LI><a href="#[130]">&gt;&gt;</a>&nbsp;&nbsp;&nbsp;hal_gpio_deinit
</UL>

<P><STRONG><a name="[143]"></a>hal_gpio_toggle_pin</STRONG> (Thumb, 0 bytes, Stack size 0 bytes, rom_symbol.txt(ABSOLUTE))
<BR><BR>[Called By]<UL><LI><a href="#[142]">&gt;&gt;</a>&nbsp;&nbsp;&nbsp;app_io_toggle_pin
</UL>

<P><STRONG><a name="[147]"></a>hal_gpio_write_pin</STRONG> (Thumb, 0 bytes, Stack size 0 bytes, rom_symbol.txt(ABSOLUTE))
<BR><BR>[Called By]<UL><LI><a href="#[146]">&gt;&gt;</a>&nbsp;&nbsp;&nbsp;app_io_write_pin
</UL>

<P><STRONG><a name="[236]"></a>hal_init_ext</STRONG> (Thumb, 0 bytes, Stack size 0 bytes, rom_symbol.txt(ABSOLUTE))
<BR><BR>[Called By]<UL><LI><a href="#[234]">&gt;&gt;</a>&nbsp;&nbsp;&nbsp;hal_init
</UL>

<P><STRONG><a name="[238]"></a>hal_msio_read_pin_sym</STRONG> (Thumb, 0 bytes, Stack size 0 bytes, rom_symbol.txt(ABSOLUTE))
<BR><BR>[Called By]<UL><LI><a href="#[141]">&gt;&gt;</a>&nbsp;&nbsp;&nbsp;hal_msio_read_pin
</UL>

<P><STRONG><a name="[239]"></a>hal_msio_toggle_pin_sym</STRONG> (Thumb, 0 bytes, Stack size 0 bytes, rom_symbol.txt(ABSOLUTE))
<BR><BR>[Called By]<UL><LI><a href="#[145]">&gt;&gt;</a>&nbsp;&nbsp;&nbsp;hal_msio_toggle_pin
</UL>

<P><STRONG><a name="[23a]"></a>hal_msio_write_pin_sym</STRONG> (Thumb, 0 bytes, Stack size 0 bytes, rom_symbol.txt(ABSOLUTE))
<BR><BR>[Called By]<UL><LI><a href="#[149]">&gt;&gt;</a>&nbsp;&nbsp;&nbsp;hal_msio_write_pin
</UL>

<P><STRONG><a name="[139]"></a>hal_nvic_clear_pending_irq</STRONG> (Thumb, 0 bytes, Stack size 0 bytes, rom_symbol.txt(ABSOLUTE))
<BR><BR>[Called By]<UL><LI><a href="#[12e]">&gt;&gt;</a>&nbsp;&nbsp;&nbsp;app_io_event_register_cb
<LI><a href="#[173]">&gt;&gt;</a>&nbsp;&nbsp;&nbsp;app_uart_init
<LI><a href="#[a8]">&gt;&gt;</a>&nbsp;&nbsp;&nbsp;uart_wake_up_ind
</UL>

<P><STRONG><a name="[13a]"></a>hal_nvic_enable_irq</STRONG> (Thumb, 0 bytes, Stack size 0 bytes, rom_symbol.txt(ABSOLUTE))
<BR><BR>[Called By]<UL><LI><a href="#[12e]">&gt;&gt;</a>&nbsp;&nbsp;&nbsp;app_io_event_register_cb
<LI><a href="#[173]">&gt;&gt;</a>&nbsp;&nbsp;&nbsp;app_uart_init
<LI><a href="#[a8]">&gt;&gt;</a>&nbsp;&nbsp;&nbsp;uart_wake_up_ind
</UL>

<P><STRONG><a name="[23d]"></a>hal_pwr_config_timer_wakeup_ext</STRONG> (Thumb, 0 bytes, Stack size 0 bytes, rom_symbol.txt(ABSOLUTE))
<BR><BR>[Called By]<UL><LI><a href="#[23b]">&gt;&gt;</a>&nbsp;&nbsp;&nbsp;hal_pwr_config_timer_wakeup
</UL>

<P><STRONG><a name="[37f]"></a>hal_pwr_enter_chip_deepsleep</STRONG> (Thumb, 0 bytes, Stack size 0 bytes, rom_symbol.txt(ABSOLUTE))
<BR><BR>[Called By]<UL><LI><a href="#[9e]">&gt;&gt;</a>&nbsp;&nbsp;&nbsp;pwr_mgmt_shutdown_patch (via Veneer)
</UL>

<P><STRONG><a name="[23c]"></a>hal_pwr_register_timer_elaspsed_handler</STRONG> (Thumb, 0 bytes, Stack size 0 bytes, rom_symbol.txt(ABSOLUTE))
<BR><BR>[Called By]<UL><LI><a href="#[23b]">&gt;&gt;</a>&nbsp;&nbsp;&nbsp;hal_pwr_config_timer_wakeup
</UL>

<P><STRONG><a name="[119]"></a>hal_pwr_sleep_timer_irq_handler</STRONG> (Thumb, 0 bytes, Stack size 0 bytes, rom_symbol.txt(ABSOLUTE))
<BR><BR>[Called By]<UL><LI><a href="#[a6]">&gt;&gt;</a>&nbsp;&nbsp;&nbsp;SLPTIMER_IRQHandler
</UL>

<P><STRONG><a name="[235]"></a>hal_register_callback</STRONG> (Thumb, 0 bytes, Stack size 0 bytes, rom_symbol.txt(ABSOLUTE))
<BR><BR>[Called By]<UL><LI><a href="#[234]">&gt;&gt;</a>&nbsp;&nbsp;&nbsp;hal_init
</UL>

<P><STRONG><a name="[171]"></a>hal_uart_abort_transmit_it</STRONG> (Thumb, 0 bytes, Stack size 0 bytes, rom_symbol.txt(ABSOLUTE))
<BR><BR>[Called By]<UL><LI><a href="#[16f]">&gt;&gt;</a>&nbsp;&nbsp;&nbsp;app_uart_flush
</UL>

<P><STRONG><a name="[248]"></a>hal_uart_deinit_ext</STRONG> (Thumb, 0 bytes, Stack size 0 bytes, rom_symbol.txt(ABSOLUTE))
<BR><BR>[Called By]<UL><LI><a href="#[176]">&gt;&gt;</a>&nbsp;&nbsp;&nbsp;hal_uart_deinit
</UL>

<P><STRONG><a name="[249]"></a>hal_uart_init_ext</STRONG> (Thumb, 0 bytes, Stack size 0 bytes, rom_symbol.txt(ABSOLUTE))
<BR><BR>[Called By]<UL><LI><a href="#[177]">&gt;&gt;</a>&nbsp;&nbsp;&nbsp;hal_uart_init
</UL>

<P><STRONG><a name="[11c]"></a>hal_uart_irq_handler</STRONG> (Thumb, 0 bytes, Stack size 0 bytes, rom_symbol.txt(ABSOLUTE))
<BR><BR>[Called By]<UL><LI><a href="#[88]">&gt;&gt;</a>&nbsp;&nbsp;&nbsp;UART1_IRQHandler
<LI><a href="#[87]">&gt;&gt;</a>&nbsp;&nbsp;&nbsp;UART0_IRQHandler
</UL>

<P><STRONG><a name="[247]"></a>hal_uart_register_callback</STRONG> (Thumb, 0 bytes, Stack size 0 bytes, rom_symbol.txt(ABSOLUTE))
<BR><BR>[Called By]<UL><LI><a href="#[177]">&gt;&gt;</a>&nbsp;&nbsp;&nbsp;hal_uart_init
<LI><a href="#[176]">&gt;&gt;</a>&nbsp;&nbsp;&nbsp;hal_uart_deinit
</UL>

<P><STRONG><a name="[32a]"></a>hal_uart_resume_reg</STRONG> (Thumb, 0 bytes, Stack size 0 bytes, rom_symbol.txt(ABSOLUTE))
<BR><BR>[Called By]<UL><LI><a href="#[a8]">&gt;&gt;</a>&nbsp;&nbsp;&nbsp;uart_wake_up_ind
</UL>

<P><STRONG><a name="[312]"></a>hal_uart_suspend_reg</STRONG> (Thumb, 0 bytes, Stack size 0 bytes, rom_symbol.txt(ABSOLUTE))
<BR><BR>[Called By]<UL><LI><a href="#[a7]">&gt;&gt;</a>&nbsp;&nbsp;&nbsp;uart_prepare_for_sleep
</UL>

<P><STRONG><a name="[172]"></a>hal_uart_transmit</STRONG> (Thumb, 0 bytes, Stack size 0 bytes, rom_symbol.txt(ABSOLUTE))
<BR><BR>[Called By]<UL><LI><a href="#[17b]">&gt;&gt;</a>&nbsp;&nbsp;&nbsp;app_uart_transmit_sync
<LI><a href="#[16f]">&gt;&gt;</a>&nbsp;&nbsp;&nbsp;app_uart_flush
</UL>

<P><STRONG><a name="[16e]"></a>hal_uart_transmit_dma</STRONG> (Thumb, 0 bytes, Stack size 0 bytes, rom_symbol.txt(ABSOLUTE))
<BR><BR>[Called By]<UL><LI><a href="#[16b]">&gt;&gt;</a>&nbsp;&nbsp;&nbsp;app_uart_dma_start_transmit_async
</UL>

<P><STRONG><a name="[17a]"></a>hal_uart_transmit_it</STRONG> (Thumb, 0 bytes, Stack size 0 bytes, rom_symbol.txt(ABSOLUTE))
<BR><BR>[Called By]<UL><LI><a href="#[179]">&gt;&gt;</a>&nbsp;&nbsp;&nbsp;app_uart_start_transmit_async
</UL>

<P><STRONG><a name="[347]"></a>hal_xqspi_command_receive</STRONG> (Thumb, 0 bytes, Stack size 0 bytes, rom_symbol.txt(ABSOLUTE))
<BR><BR>[Called By]<UL><LI><a href="#[334]">&gt;&gt;</a>&nbsp;&nbsp;&nbsp;exflash_check_id_patch
<LI><a href="#[346]">&gt;&gt;</a>&nbsp;&nbsp;&nbsp;enable_quad_stat
</UL>

<P><STRONG><a name="[36e]"></a>hal_xqspi_msp_init</STRONG> (Thumb, 0 bytes, Stack size 0 bytes, rom_symbol.txt(ABSOLUTE))
<BR><BR>[Called By]<UL><LI><a href="#[36d]">&gt;&gt;</a>&nbsp;&nbsp;&nbsp;hal_xqspi_init_ext_patch
</UL>

<P><STRONG><a name="[36f]"></a>hal_xqspi_set_retry</STRONG> (Thumb, 0 bytes, Stack size 0 bytes, rom_symbol.txt(ABSOLUTE))
<BR><BR>[Called By]<UL><LI><a href="#[36d]">&gt;&gt;</a>&nbsp;&nbsp;&nbsp;hal_xqspi_init_ext_patch
</UL>

<P><STRONG><a name="[349]"></a>hal_xqspi_transmit</STRONG> (Thumb, 0 bytes, Stack size 0 bytes, rom_symbol.txt(ABSOLUTE))
<BR><BR>[Called By]<UL><LI><a href="#[34d]">&gt;&gt;</a>&nbsp;&nbsp;&nbsp;enable_quad_mode1
<LI><a href="#[34b]">&gt;&gt;</a>&nbsp;&nbsp;&nbsp;enable_quad_mode2
<LI><a href="#[348]">&gt;&gt;</a>&nbsp;&nbsp;&nbsp;enable_quad_xmc
</UL>

<P><STRONG><a name="[259]"></a>init_hci_le_cmd_cmp_evt_started_handler</STRONG> (Thumb, 0 bytes, Stack size 0 bytes, rom_symbol.txt(ABSOLUTE))
<BR><BR>[Called By]<UL><LI><a href="#[30]">&gt;&gt;</a>&nbsp;&nbsp;&nbsp;hci_le_cmd_cmp_evt_init_handler_patch
</UL>

<P><STRONG><a name="[25a]"></a>init_hci_le_cmd_cmp_evt_stopping_handler</STRONG> (Thumb, 0 bytes, Stack size 0 bytes, rom_symbol.txt(ABSOLUTE))
<BR><BR>[Called By]<UL><LI><a href="#[30]">&gt;&gt;</a>&nbsp;&nbsp;&nbsp;hci_le_cmd_cmp_evt_init_handler_patch
</UL>

<P><STRONG><a name="[25c]"></a>scan_hci_le_cmd_cmp_evt_stopping_handler</STRONG> (Thumb, 0 bytes, Stack size 0 bytes, rom_symbol.txt(ABSOLUTE))
<BR><BR>[Called By]<UL><LI><a href="#[31]">&gt;&gt;</a>&nbsp;&nbsp;&nbsp;hci_le_cmd_cmp_evt_scan_handler_patch
</UL>

<P><STRONG><a name="[96]"></a>hci_le_con_upd_cmd_handler</STRONG> (Thumb, 0 bytes, Stack size 0 bytes, rom_symbol.txt(ABSOLUTE), UNUSED)
<BR>[Address Reference Count : 1]<UL><LI> llc_hci_patch.o(i.llc_hci_new_handler_find)
</UL>
<P><STRONG><a name="[279]"></a>hci_look_for_cmd_desc</STRONG> (Thumb, 0 bytes, Stack size 0 bytes, rom_symbol.txt(ABSOLUTE))
<BR><BR>[Called By]<UL><LI><a href="#[a9]">&gt;&gt;</a>&nbsp;&nbsp;&nbsp;hci_send_2_controller_patch
</UL>

<P><STRONG><a name="[203]"></a>hci_send_2_controller</STRONG> (Thumb, 0 bytes, Stack size 0 bytes, rom_symbol.txt(ABSOLUTE))
<BR><BR>[Called By]<UL><LI><a href="#[201]">&gt;&gt;</a>&nbsp;&nbsp;&nbsp;gapm_scan_send_hci_le_set_ext_scan_en_cmd_patch
</UL>

<P><STRONG><a name="[337]"></a>jump_app</STRONG> (Thumb, 0 bytes, Stack size 0 bytes, rom_symbol.txt(ABSOLUTE))
<BR><BR>[Called By]<UL><LI><a href="#[336]">&gt;&gt;</a>&nbsp;&nbsp;&nbsp;warm_boot_patch
</UL>

<P><STRONG><a name="[28c]"></a>ke_event_callback_set</STRONG> (Thumb, 0 bytes, Stack size 0 bytes, rom_symbol.txt(ABSOLUTE))
<BR><BR>[Called By]<UL><LI><a href="#[1f1]">&gt;&gt;</a>&nbsp;&nbsp;&nbsp;l2cm_l2cap_tx_handler_replace
</UL>

<P><STRONG><a name="[287]"></a>ke_event_clear</STRONG> (Thumb, 0 bytes, Stack size 0 bytes, rom_symbol.txt(ABSOLUTE))
<BR><BR>[Called By]<UL><LI><a href="#[ad]">&gt;&gt;</a>&nbsp;&nbsp;&nbsp;ke_task_schedule_patch
<LI><a href="#[95]">&gt;&gt;</a>&nbsp;&nbsp;&nbsp;l2cm_l2cap_tx_handler_patch
</UL>

<P><STRONG><a name="[278]"></a>ke_event_set</STRONG> (Thumb, 0 bytes, Stack size 0 bytes, rom_symbol.txt(ABSOLUTE))
<BR><BR>[Called By]<UL><LI><a href="#[19]">&gt;&gt;</a>&nbsp;&nbsp;&nbsp;hci_nb_cmp_pkts_evt_handler_patch
<LI><a href="#[95]">&gt;&gt;</a>&nbsp;&nbsp;&nbsp;l2cm_l2cap_tx_handler_patch
</UL>

<P><STRONG><a name="[285]"></a>ke_is_free</STRONG> (Thumb, 0 bytes, Stack size 0 bytes, rom_symbol.txt(ABSOLUTE))
<BR><BR>[Called By]<UL><LI><a href="#[ad]">&gt;&gt;</a>&nbsp;&nbsp;&nbsp;ke_task_schedule_patch
</UL>

<P><STRONG><a name="[202]"></a>ke_msg_alloc</STRONG> (Thumb, 0 bytes, Stack size 0 bytes, rom_symbol.txt(ABSOLUTE))
<BR><BR>[Called By]<UL><LI><a href="#[97]">&gt;&gt;</a>&nbsp;&nbsp;&nbsp;hci_le_con_upd_cmd_handler_patch
<LI><a href="#[1e5]">&gt;&gt;</a>&nbsp;&nbsp;&nbsp;hci_le_ltk_request_evt_handler_patch
<LI><a href="#[201]">&gt;&gt;</a>&nbsp;&nbsp;&nbsp;gapm_scan_send_hci_le_set_ext_scan_en_cmd_patch
</UL>

<P><STRONG><a name="[266]"></a>ke_msg_free</STRONG> (Thumb, 0 bytes, Stack size 0 bytes, rom_symbol.txt(ABSOLUTE))
<BR><BR>[Called By]<UL><LI><a href="#[2d]">&gt;&gt;</a>&nbsp;&nbsp;&nbsp;hci_le_ext_create_con_cmd_handler_patch
<LI><a href="#[ad]">&gt;&gt;</a>&nbsp;&nbsp;&nbsp;ke_task_schedule_patch
<LI><a href="#[a9]">&gt;&gt;</a>&nbsp;&nbsp;&nbsp;hci_send_2_controller_patch
</UL>

<P><STRONG><a name="[25f]"></a>ke_msg_send</STRONG> (Thumb, 0 bytes, Stack size 0 bytes, rom_symbol.txt(ABSOLUTE))
<BR><BR>[Called By]<UL><LI><a href="#[97]">&gt;&gt;</a>&nbsp;&nbsp;&nbsp;hci_le_con_upd_cmd_handler_patch
<LI><a href="#[a9]">&gt;&gt;</a>&nbsp;&nbsp;&nbsp;hci_send_2_controller_patch
<LI><a href="#[1e5]">&gt;&gt;</a>&nbsp;&nbsp;&nbsp;hci_le_ltk_request_evt_handler_patch
</UL>

<P><STRONG><a name="[2b3]"></a>ke_msg_send_basic</STRONG> (Thumb, 0 bytes, Stack size 0 bytes, rom_symbol.txt(ABSOLUTE))
<BR><BR>[Called By]<UL><LI><a href="#[2ac]">&gt;&gt;</a>&nbsp;&nbsp;&nbsp;llm_ch_map_update_patch
</UL>

<P><STRONG><a name="[185]"></a>ke_state_get</STRONG> (Thumb, 0 bytes, Stack size 0 bytes, rom_symbol.txt(ABSOLUTE))
<BR><BR>[Called By]<UL><LI><a href="#[a]">&gt;&gt;</a>&nbsp;&nbsp;&nbsp;l2cc_pdu_recv_ind_handler_patch
<LI><a href="#[183]">&gt;&gt;</a>&nbsp;&nbsp;&nbsp;atts_l2cc_pdu_recv_handler_patch
<LI><a href="#[1e6]">&gt;&gt;</a>&nbsp;&nbsp;&nbsp;hci_disc_cmp_evt_handler_patch
</UL>

<P><STRONG><a name="[286]"></a>ke_task_handler_get</STRONG> (Thumb, 0 bytes, Stack size 0 bytes, rom_symbol.txt(ABSOLUTE))
<BR><BR>[Called By]<UL><LI><a href="#[ad]">&gt;&gt;</a>&nbsp;&nbsp;&nbsp;ke_task_schedule_patch
</UL>

<P><STRONG><a name="[1ff]"></a>ke_timer_clear</STRONG> (Thumb, 0 bytes, Stack size 0 bytes, rom_symbol.txt(ABSOLUTE))
<BR><BR>[Called By]<UL><LI><a href="#[2f]">&gt;&gt;</a>&nbsp;&nbsp;&nbsp;hci_le_set_ext_scan_en_cmd_handler_patch
<LI><a href="#[29]">&gt;&gt;</a>&nbsp;&nbsp;&nbsp;hci_le_set_addr_resol_en_cmd_handler_patch
<LI><a href="#[8f]">&gt;&gt;</a>&nbsp;&nbsp;&nbsp;gapm_init_stop_patch
<LI><a href="#[258]">&gt;&gt;</a>&nbsp;&nbsp;&nbsp;init_hci_le_cmd_cmp_evt_starting_handler_patch
</UL>

<P><STRONG><a name="[1fd]"></a>ke_timer_set</STRONG> (Thumb, 0 bytes, Stack size 0 bytes, rom_symbol.txt(ABSOLUTE))
<BR><BR>[Called By]<UL><LI><a href="#[29]">&gt;&gt;</a>&nbsp;&nbsp;&nbsp;hci_le_set_addr_resol_en_cmd_handler_patch
<LI><a href="#[2ac]">&gt;&gt;</a>&nbsp;&nbsp;&nbsp;llm_ch_map_update_patch
<LI><a href="#[8e]">&gt;&gt;</a>&nbsp;&nbsp;&nbsp;gapm_init_start_patch
</UL>

<P><STRONG><a name="[28a]"></a>l2cc_pdu_send</STRONG> (Thumb, 0 bytes, Stack size 0 bytes, rom_symbol.txt(ABSOLUTE))
<BR><BR>[Called By]<UL><LI><a href="#[a]">&gt;&gt;</a>&nbsp;&nbsp;&nbsp;l2cc_pdu_recv_ind_handler_patch
</UL>

<P><STRONG><a name="[289]"></a>l2cc_pdu_alloc</STRONG> (Thumb, 0 bytes, Stack size 0 bytes, rom_symbol.txt(ABSOLUTE))
<BR><BR>[Called By]<UL><LI><a href="#[a]">&gt;&gt;</a>&nbsp;&nbsp;&nbsp;l2cc_pdu_recv_ind_handler_patch
</UL>

<P><STRONG><a name="[276]"></a>l2cm_get_nb_buffer_available</STRONG> (Thumb, 0 bytes, Stack size 0 bytes, rom_symbol.txt(ABSOLUTE))
<BR><BR>[Called By]<UL><LI><a href="#[19]">&gt;&gt;</a>&nbsp;&nbsp;&nbsp;hci_nb_cmp_pkts_evt_handler_patch
</UL>

<P><STRONG><a name="[293]"></a>llc_auth_payl_nearly_to_handler</STRONG> (Thumb, 0 bytes, Stack size 0 bytes, rom_symbol.txt(ABSOLUTE))
<BR><BR>[Called By]<UL><LI><a href="#[14]">&gt;&gt;</a>&nbsp;&nbsp;&nbsp;llc_auth_payl_nearly_to_handler_patch
</UL>

<P><STRONG><a name="[294]"></a>llc_auth_payl_real_to_handler</STRONG> (Thumb, 0 bytes, Stack size 0 bytes, rom_symbol.txt(ABSOLUTE))
<BR><BR>[Called By]<UL><LI><a href="#[15]">&gt;&gt;</a>&nbsp;&nbsp;&nbsp;llc_auth_payl_real_to_handler_patch
</UL>

<P><STRONG><a name="[260]"></a>llc_cmd_stat_send</STRONG> (Thumb, 0 bytes, Stack size 0 bytes, rom_symbol.txt(ABSOLUTE))
<BR><BR>[Called By]<UL><LI><a href="#[97]">&gt;&gt;</a>&nbsp;&nbsp;&nbsp;hci_le_con_upd_cmd_handler_patch
</UL>

<P><STRONG><a name="[25d]"></a>llc_con_upd_param_in_range</STRONG> (Thumb, 0 bytes, Stack size 0 bytes, rom_symbol.txt(ABSOLUTE))
<BR><BR>[Called By]<UL><LI><a href="#[97]">&gt;&gt;</a>&nbsp;&nbsp;&nbsp;hci_le_con_upd_cmd_handler_patch
</UL>

<P><STRONG><a name="[298]"></a>llc_disconnect</STRONG> (Thumb, 0 bytes, Stack size 0 bytes, rom_symbol.txt(ABSOLUTE))
<BR><BR>[Called By]<UL><LI><a href="#[296]">&gt;&gt;</a>&nbsp;&nbsp;&nbsp;llc_llcp_rsp_to
</UL>

<P><STRONG><a name="[29d]"></a>llc_hci_enc_evt_send</STRONG> (Thumb, 0 bytes, Stack size 0 bytes, rom_symbol.txt(ABSOLUTE))
<BR><BR>[Called By]<UL><LI><a href="#[1d0]">&gt;&gt;</a>&nbsp;&nbsp;&nbsp;llc_rem_encrypt_proc_finish
</UL>

<P><STRONG><a name="[29e]"></a>llc_le_ping_restart</STRONG> (Thumb, 0 bytes, Stack size 0 bytes, rom_symbol.txt(ABSOLUTE))
<BR><BR>[Called By]<UL><LI><a href="#[1d0]">&gt;&gt;</a>&nbsp;&nbsp;&nbsp;llc_rem_encrypt_proc_finish
</UL>

<P><STRONG><a name="[29c]"></a>llc_llcp_state_set</STRONG> (Thumb, 0 bytes, Stack size 0 bytes, rom_symbol.txt(ABSOLUTE))
<BR><BR>[Called By]<UL><LI><a href="#[1d0]">&gt;&gt;</a>&nbsp;&nbsp;&nbsp;llc_rem_encrypt_proc_finish
</UL>

<P><STRONG><a name="[93]"></a>llc_loc_con_upd_proc_err_cb</STRONG> (Thumb, 0 bytes, Stack size 0 bytes, rom_symbol.txt(ABSOLUTE), UNUSED)
<BR>[Address Reference Count : 1]<UL><LI> llc_con_upd_patch.o(i.hci_le_con_upd_cmd_handler_patch)
</UL>
<P><STRONG><a name="[299]"></a>llc_op_dl_upd_ind_handler</STRONG> (Thumb, 0 bytes, Stack size 0 bytes, rom_symbol.txt(ABSOLUTE))
<BR><BR>[Called By]<UL><LI><a href="#[16]">&gt;&gt;</a>&nbsp;&nbsp;&nbsp;llc_op_dl_upd_ind_handler_patch
</UL>

<P><STRONG><a name="[29a]"></a>llc_proc_get</STRONG> (Thumb, 0 bytes, Stack size 0 bytes, rom_symbol.txt(ABSOLUTE))
<BR><BR>[Called By]<UL><LI><a href="#[1d0]">&gt;&gt;</a>&nbsp;&nbsp;&nbsp;llc_rem_encrypt_proc_finish
</UL>

<P><STRONG><a name="[25e]"></a>llc_proc_state_set</STRONG> (Thumb, 0 bytes, Stack size 0 bytes, rom_symbol.txt(ABSOLUTE))
<BR><BR>[Called By]<UL><LI><a href="#[97]">&gt;&gt;</a>&nbsp;&nbsp;&nbsp;hci_le_con_upd_cmd_handler_patch
</UL>

<P><STRONG><a name="[29f]"></a>llc_proc_timer_pause_set</STRONG> (Thumb, 0 bytes, Stack size 0 bytes, rom_symbol.txt(ABSOLUTE))
<BR><BR>[Called By]<UL><LI><a href="#[1d0]">&gt;&gt;</a>&nbsp;&nbsp;&nbsp;llc_rem_encrypt_proc_finish
</UL>

<P><STRONG><a name="[2a0]"></a>llc_proc_unreg</STRONG> (Thumb, 0 bytes, Stack size 0 bytes, rom_symbol.txt(ABSOLUTE))
<BR><BR>[Called By]<UL><LI><a href="#[1d0]">&gt;&gt;</a>&nbsp;&nbsp;&nbsp;llc_rem_encrypt_proc_finish
</UL>

<P><STRONG><a name="[2a2]"></a>lld_acl_rx_ind_handler</STRONG> (Thumb, 0 bytes, Stack size 0 bytes, rom_symbol.txt(ABSOLUTE))
<BR><BR>[Called By]<UL><LI><a href="#[f]">&gt;&gt;</a>&nbsp;&nbsp;&nbsp;lld_acl_rx_ind_handler_patch
</UL>

<P><STRONG><a name="[261]"></a>lld_addr_is_in_ral_list</STRONG> (Thumb, 0 bytes, Stack size 0 bytes, rom_symbol.txt(ABSOLUTE))
<BR><BR>[Called By]<UL><LI><a href="#[2d]">&gt;&gt;</a>&nbsp;&nbsp;&nbsp;hci_le_ext_create_con_cmd_handler_patch
</UL>

<P><STRONG><a name="[2ae]"></a>lld_ch_assess_data_get</STRONG> (Thumb, 0 bytes, Stack size 0 bytes, rom_symbol.txt(ABSOLUTE))
<BR><BR>[Called By]<UL><LI><a href="#[2ac]">&gt;&gt;</a>&nbsp;&nbsp;&nbsp;llm_ch_map_update_patch
</UL>

<P><STRONG><a name="[2b0]"></a>lld_ch_map_set</STRONG> (Thumb, 0 bytes, Stack size 0 bytes, rom_symbol.txt(ABSOLUTE))
<BR><BR>[Called By]<UL><LI><a href="#[2ac]">&gt;&gt;</a>&nbsp;&nbsp;&nbsp;llm_ch_map_update_patch
</UL>

<P><STRONG><a name="[2a3]"></a>lld_ch_map_upd_cfm_handler</STRONG> (Thumb, 0 bytes, Stack size 0 bytes, rom_symbol.txt(ABSOLUTE))
<BR><BR>[Called By]<UL><LI><a href="#[11]">&gt;&gt;</a>&nbsp;&nbsp;&nbsp;lld_ch_map_upd_cfm_handler_patch
</UL>

<P><STRONG><a name="[29b]"></a>lld_con_data_flow_set</STRONG> (Thumb, 0 bytes, Stack size 0 bytes, rom_symbol.txt(ABSOLUTE))
<BR><BR>[Called By]<UL><LI><a href="#[1d0]">&gt;&gt;</a>&nbsp;&nbsp;&nbsp;llc_rem_encrypt_proc_finish
</UL>

<P><STRONG><a name="[2b1]"></a>lld_con_rx_qual_asses_get</STRONG> (Thumb, 0 bytes, Stack size 0 bytes, rom_symbol.txt(ABSOLUTE))
<BR><BR>[Called By]<UL><LI><a href="#[2ac]">&gt;&gt;</a>&nbsp;&nbsp;&nbsp;llm_ch_map_update_patch
</UL>

<P><STRONG><a name="[2a4]"></a>lld_con_offset_upd_ind_handler</STRONG> (Thumb, 0 bytes, Stack size 0 bytes, rom_symbol.txt(ABSOLUTE))
<BR><BR>[Called By]<UL><LI><a href="#[13]">&gt;&gt;</a>&nbsp;&nbsp;&nbsp;lld_con_offset_upd_ind_handler_patch
</UL>

<P><STRONG><a name="[2a5]"></a>lld_con_param_upd_cfm_handler</STRONG> (Thumb, 0 bytes, Stack size 0 bytes, rom_symbol.txt(ABSOLUTE))
<BR><BR>[Called By]<UL><LI><a href="#[10]">&gt;&gt;</a>&nbsp;&nbsp;&nbsp;lld_con_param_upd_cfm_handler_patch
</UL>

<P><STRONG><a name="[2a7]"></a>lld_init_end_ind_handler</STRONG> (Thumb, 0 bytes, Stack size 0 bytes, rom_symbol.txt(ABSOLUTE))
<BR><BR>[Called By]<UL><LI><a href="#[17]">&gt;&gt;</a>&nbsp;&nbsp;&nbsp;lld_init_end_ind_handler_patch
</UL>

<P><STRONG><a name="[2a9]"></a>lld_llcp_rx_ind_handler</STRONG> (Thumb, 0 bytes, Stack size 0 bytes, rom_symbol.txt(ABSOLUTE))
<BR><BR>[Called By]<UL><LI><a href="#[d]">&gt;&gt;</a>&nbsp;&nbsp;&nbsp;lld_llcp_rx_ind_handler_patch
</UL>

<P><STRONG><a name="[2aa]"></a>lld_llcp_tx_cfm_handler</STRONG> (Thumb, 0 bytes, Stack size 0 bytes, rom_symbol.txt(ABSOLUTE))
<BR><BR>[Called By]<UL><LI><a href="#[e]">&gt;&gt;</a>&nbsp;&nbsp;&nbsp;lld_llcp_tx_cfm_handler_patch
</UL>

<P><STRONG><a name="[2b4]"></a>lld_per_adv_ch_map_update</STRONG> (Thumb, 0 bytes, Stack size 0 bytes, rom_symbol.txt(ABSOLUTE))
<BR><BR>[Called By]<UL><LI><a href="#[2ac]">&gt;&gt;</a>&nbsp;&nbsp;&nbsp;llm_ch_map_update_patch
</UL>

<P><STRONG><a name="[2ab]"></a>lld_phy_upd_cfm_handler</STRONG> (Thumb, 0 bytes, Stack size 0 bytes, rom_symbol.txt(ABSOLUTE))
<BR><BR>[Called By]<UL><LI><a href="#[12]">&gt;&gt;</a>&nbsp;&nbsp;&nbsp;lld_phy_upd_cfm_handler_patch
</UL>

<P><STRONG><a name="[2ad]"></a>lld_read_clock</STRONG> (Thumb, 0 bytes, Stack size 0 bytes, rom_symbol.txt(ABSOLUTE))
<BR><BR>[Called By]<UL><LI><a href="#[2ac]">&gt;&gt;</a>&nbsp;&nbsp;&nbsp;llm_ch_map_update_patch
</UL>

<P><STRONG><a name="[24f]"></a>lld_res_list_add</STRONG> (Thumb, 0 bytes, Stack size 0 bytes, rom_symbol.txt(ABSOLUTE))
<BR><BR>[Called By]<UL><LI><a href="#[2b]">&gt;&gt;</a>&nbsp;&nbsp;&nbsp;hci_le_add_dev_to_rslv_list_cmd_handler_patch
</UL>

<P><STRONG><a name="[255]"></a>lld_res_list_clear</STRONG> (Thumb, 0 bytes, Stack size 0 bytes, rom_symbol.txt(ABSOLUTE))
<BR><BR>[Called By]<UL><LI><a href="#[2a]">&gt;&gt;</a>&nbsp;&nbsp;&nbsp;hci_le_clear_rslv_list_cmd_handler_patch
</UL>

<P><STRONG><a name="[271]"></a>lld_res_list_is_empty</STRONG> (Thumb, 0 bytes, Stack size 0 bytes, rom_symbol.txt(ABSOLUTE))
<BR><BR>[Called By]<UL><LI><a href="#[2f]">&gt;&gt;</a>&nbsp;&nbsp;&nbsp;hci_le_set_ext_scan_en_cmd_handler_patch
</UL>

<P><STRONG><a name="[275]"></a>lld_res_list_priv_mode_update</STRONG> (Thumb, 0 bytes, Stack size 0 bytes, rom_symbol.txt(ABSOLUTE))
<BR><BR>[Called By]<UL><LI><a href="#[2c]">&gt;&gt;</a>&nbsp;&nbsp;&nbsp;hci_le_set_priv_mode_cmd_handler_patch
</UL>

<P><STRONG><a name="[26e]"></a>lld_rpa_renew</STRONG> (Thumb, 0 bytes, Stack size 0 bytes, rom_symbol.txt(ABSOLUTE))
<BR><BR>[Called By]<UL><LI><a href="#[29]">&gt;&gt;</a>&nbsp;&nbsp;&nbsp;hci_le_set_addr_resol_en_cmd_handler_patch
</UL>

<P><STRONG><a name="[270]"></a>lld_scan_params_update</STRONG> (Thumb, 0 bytes, Stack size 0 bytes, rom_symbol.txt(ABSOLUTE))
<BR><BR>[Called By]<UL><LI><a href="#[2f]">&gt;&gt;</a>&nbsp;&nbsp;&nbsp;hci_le_set_ext_scan_en_cmd_handler_patch
</UL>

<P><STRONG><a name="[26f]"></a>lld_scan_stop</STRONG> (Thumb, 0 bytes, Stack size 0 bytes, rom_symbol.txt(ABSOLUTE))
<BR><BR>[Called By]<UL><LI><a href="#[2f]">&gt;&gt;</a>&nbsp;&nbsp;&nbsp;hci_le_set_ext_scan_en_cmd_handler_patch
</UL>

<P><STRONG><a name="[254]"></a>lld_white_list_add</STRONG> (Thumb, 0 bytes, Stack size 0 bytes, rom_symbol.txt(ABSOLUTE))
<BR><BR>[Called By]<UL><LI><a href="#[26]">&gt;&gt;</a>&nbsp;&nbsp;&nbsp;hci_le_add_dev_to_wlst_cmd_handler_patch
</UL>

<P><STRONG><a name="[256]"></a>lld_white_list_rem</STRONG> (Thumb, 0 bytes, Stack size 0 bytes, rom_symbol.txt(ABSOLUTE))
<BR><BR>[Called By]<UL><LI><a href="#[27]">&gt;&gt;</a>&nbsp;&nbsp;&nbsp;hci_le_rmv_dev_from_wlst_cmd_handler_patch
<LI><a href="#[28]">&gt;&gt;</a>&nbsp;&nbsp;&nbsp;hci_le_clear_wlst_cmd_handler_patch
</UL>

<P><STRONG><a name="[263]"></a>llm_activity_free_get</STRONG> (Thumb, 0 bytes, Stack size 0 bytes, rom_symbol.txt(ABSOLUTE))
<BR><BR>[Called By]<UL><LI><a href="#[2e]">&gt;&gt;</a>&nbsp;&nbsp;&nbsp;hci_le_set_ext_scan_param_cmd_handler_patch
<LI><a href="#[2f]">&gt;&gt;</a>&nbsp;&nbsp;&nbsp;hci_le_set_ext_scan_en_cmd_handler_patch
<LI><a href="#[2d]">&gt;&gt;</a>&nbsp;&nbsp;&nbsp;hci_le_ext_create_con_cmd_handler_patch
</UL>

<P><STRONG><a name="[250]"></a>llm_cmd_cmp_send</STRONG> (Thumb, 0 bytes, Stack size 0 bytes, rom_symbol.txt(ABSOLUTE))
<BR><BR>[Called By]<UL><LI><a href="#[2c]">&gt;&gt;</a>&nbsp;&nbsp;&nbsp;hci_le_set_priv_mode_cmd_handler_patch
<LI><a href="#[2e]">&gt;&gt;</a>&nbsp;&nbsp;&nbsp;hci_le_set_ext_scan_param_cmd_handler_patch
<LI><a href="#[2f]">&gt;&gt;</a>&nbsp;&nbsp;&nbsp;hci_le_set_ext_scan_en_cmd_handler_patch
<LI><a href="#[29]">&gt;&gt;</a>&nbsp;&nbsp;&nbsp;hci_le_set_addr_resol_en_cmd_handler_patch
<LI><a href="#[27]">&gt;&gt;</a>&nbsp;&nbsp;&nbsp;hci_le_rmv_dev_from_wlst_cmd_handler_patch
<LI><a href="#[28]">&gt;&gt;</a>&nbsp;&nbsp;&nbsp;hci_le_clear_wlst_cmd_handler_patch
<LI><a href="#[2a]">&gt;&gt;</a>&nbsp;&nbsp;&nbsp;hci_le_clear_rslv_list_cmd_handler_patch
<LI><a href="#[26]">&gt;&gt;</a>&nbsp;&nbsp;&nbsp;hci_le_add_dev_to_wlst_cmd_handler_patch
<LI><a href="#[2b]">&gt;&gt;</a>&nbsp;&nbsp;&nbsp;hci_le_add_dev_to_rslv_list_cmd_handler_patch
</UL>

<P><STRONG><a name="[267]"></a>llm_cmd_stat_send</STRONG> (Thumb, 0 bytes, Stack size 0 bytes, rom_symbol.txt(ABSOLUTE))
<BR><BR>[Called By]<UL><LI><a href="#[2d]">&gt;&gt;</a>&nbsp;&nbsp;&nbsp;hci_le_ext_create_con_cmd_handler_patch
</UL>

<P><STRONG><a name="[252]"></a>llm_dev_list_empty_entry</STRONG> (Thumb, 0 bytes, Stack size 0 bytes, rom_symbol.txt(ABSOLUTE))
<BR><BR>[Called By]<UL><LI><a href="#[26]">&gt;&gt;</a>&nbsp;&nbsp;&nbsp;hci_le_add_dev_to_wlst_cmd_handler_patch
</UL>

<P><STRONG><a name="[24e]"></a>llm_dev_list_search</STRONG> (Thumb, 0 bytes, Stack size 0 bytes, rom_symbol.txt(ABSOLUTE))
<BR><BR>[Called By]<UL><LI><a href="#[27]">&gt;&gt;</a>&nbsp;&nbsp;&nbsp;hci_le_rmv_dev_from_wlst_cmd_handler_patch
<LI><a href="#[26]">&gt;&gt;</a>&nbsp;&nbsp;&nbsp;hci_le_add_dev_to_wlst_cmd_handler_patch
<LI><a href="#[2b]">&gt;&gt;</a>&nbsp;&nbsp;&nbsp;hci_le_add_dev_to_rslv_list_cmd_handler_patch
</UL>

<P><STRONG><a name="[253]"></a>llm_is_dev_connected</STRONG> (Thumb, 0 bytes, Stack size 0 bytes, rom_symbol.txt(ABSOLUTE))
<BR><BR>[Called By]<UL><LI><a href="#[2d]">&gt;&gt;</a>&nbsp;&nbsp;&nbsp;hci_le_ext_create_con_cmd_handler_patch
<LI><a href="#[26]">&gt;&gt;</a>&nbsp;&nbsp;&nbsp;hci_le_add_dev_to_wlst_cmd_handler_patch
</UL>

<P><STRONG><a name="[272]"></a>llm_is_wl_empty</STRONG> (Thumb, 0 bytes, Stack size 0 bytes, rom_symbol.txt(ABSOLUTE))
<BR><BR>[Called By]<UL><LI><a href="#[2f]">&gt;&gt;</a>&nbsp;&nbsp;&nbsp;hci_le_set_ext_scan_en_cmd_handler_patch
</UL>

<P><STRONG><a name="[273]"></a>llm_scan_start</STRONG> (Thumb, 0 bytes, Stack size 0 bytes, rom_symbol.txt(ABSOLUTE))
<BR><BR>[Called By]<UL><LI><a href="#[2f]">&gt;&gt;</a>&nbsp;&nbsp;&nbsp;hci_le_set_ext_scan_en_cmd_handler_patch
</UL>

<P><STRONG><a name="[274]"></a>llm_update_dbg_act_state_info</STRONG> (Thumb, 0 bytes, Stack size 0 bytes, rom_symbol.txt(ABSOLUTE))
<BR><BR>[Called By]<UL><LI><a href="#[2f]">&gt;&gt;</a>&nbsp;&nbsp;&nbsp;hci_le_set_ext_scan_en_cmd_handler_patch
</UL>

<P><STRONG><a name="[20a]"></a>prf_init</STRONG> (Thumb, 0 bytes, Stack size 0 bytes, rom_symbol.txt(ABSOLUTE))
<BR><BR>[Called By]<UL><LI><a href="#[25]">&gt;&gt;</a>&nbsp;&nbsp;&nbsp;gapm_set_dev_config_cmd_handler_patch
</UL>

<P><STRONG><a name="[365]"></a>rwip_time_get</STRONG> (Thumb, 0 bytes, Stack size 0 bytes, rom_symbol.txt(ABSOLUTE))
<BR><BR>[Called By]<UL><LI><a href="#[118]">&gt;&gt;</a>&nbsp;&nbsp;&nbsp;ble_wakup_time_check
<LI><a href="#[1a9]">&gt;&gt;</a>&nbsp;&nbsp;&nbsp;ble_sleep_time_record
</UL>

<P><STRONG><a name="[264]"></a>sch_plan_req</STRONG> (Thumb, 0 bytes, Stack size 0 bytes, rom_symbol.txt(ABSOLUTE))
<BR><BR>[Called By]<UL><LI><a href="#[2d]">&gt;&gt;</a>&nbsp;&nbsp;&nbsp;hci_le_ext_create_con_cmd_handler_patch
</UL>

<P><STRONG><a name="[26c]"></a>smpc_generate_stk</STRONG> (Thumb, 0 bytes, Stack size 0 bytes, rom_symbol.txt(ABSOLUTE))
<BR><BR>[Called By]<UL><LI><a href="#[1e5]">&gt;&gt;</a>&nbsp;&nbsp;&nbsp;hci_le_ltk_request_evt_handler_patch
</UL>

<P><STRONG><a name="[26a]"></a>smpc_secure_connections_enabled</STRONG> (Thumb, 0 bytes, Stack size 0 bytes, rom_symbol.txt(ABSOLUTE))
<BR><BR>[Called By]<UL><LI><a href="#[1e5]">&gt;&gt;</a>&nbsp;&nbsp;&nbsp;hci_le_ltk_request_evt_handler_patch
</UL>

<P><STRONG><a name="[26b]"></a>smpc_send_ltk_req_rsp</STRONG> (Thumb, 0 bytes, Stack size 0 bytes, rom_symbol.txt(ABSOLUTE))
<BR><BR>[Called By]<UL><LI><a href="#[1e5]">&gt;&gt;</a>&nbsp;&nbsp;&nbsp;hci_le_ltk_request_evt_handler_patch
</UL>

<P><STRONG><a name="[26d]"></a>smpc_send_pairing_ind</STRONG> (Thumb, 0 bytes, Stack size 0 bytes, rom_symbol.txt(ABSOLUTE))
<BR><BR>[Called By]<UL><LI><a href="#[1e5]">&gt;&gt;</a>&nbsp;&nbsp;&nbsp;hci_le_ltk_request_evt_handler_patch
</UL>

<P><STRONG><a name="[375]"></a>xqspi_send_inst_addr</STRONG> (Thumb, 0 bytes, Stack size 0 bytes, rom_symbol.txt(ABSOLUTE), UNUSED)
<BR><BR>[Called By]<UL><LI><a href="#[374]">&gt;&gt;</a>&nbsp;&nbsp;&nbsp;hal_xqspi_command_receive_patch
<LI><a href="#[376]">&gt;&gt;</a>&nbsp;&nbsp;&nbsp;hal_xqspi_command_receive_align_word
</UL>

<P><STRONG><a name="[370]"></a>xqspi_wait_flag_state_until_retry</STRONG> (Thumb, 0 bytes, Stack size 0 bytes, rom_symbol.txt(ABSOLUTE))
<BR><BR>[Called By]<UL><LI><a href="#[36d]">&gt;&gt;</a>&nbsp;&nbsp;&nbsp;hal_xqspi_init_ext_patch
<LI><a href="#[374]">&gt;&gt;</a>&nbsp;&nbsp;&nbsp;hal_xqspi_command_receive_patch
<LI><a href="#[376]">&gt;&gt;</a>&nbsp;&nbsp;&nbsp;hal_xqspi_command_receive_align_word
<LI><a href="#[377]">&gt;&gt;</a>&nbsp;&nbsp;&nbsp;xqspi_receive_align_word
<LI><a href="#[372]">&gt;&gt;</a>&nbsp;&nbsp;&nbsp;xqspi_receive_patch
</UL>

<P><STRONG><a name="[345]"></a>pwr_mgmt_load_context</STRONG> (Thumb, 0 bytes, Stack size 0 bytes, rom_symbol.txt(ABSOLUTE))
<BR><BR>[Called By]<UL><LI><a href="#[2ee]">&gt;&gt;</a>&nbsp;&nbsp;&nbsp;warm_boot
<LI><a href="#[2ef]">&gt;&gt;</a>&nbsp;&nbsp;&nbsp;warm_boot_first
</UL>

<P><STRONG><a name="[386]"></a>pwr_mgmt_save_ctx_lvl_two</STRONG> (Thumb, 0 bytes, Stack size 0 bytes, rom_symbol.txt(ABSOLUTE), UNUSED)
<BR><BR>[Called By]<UL><LI><a href="#[385]">&gt;&gt;</a>&nbsp;&nbsp;&nbsp;pwr_mgmt_schedule (via Veneer)
</UL>

<P><STRONG><a name="[99]"></a>BLESLP_IRQHandler</STRONG> (Thumb, 0 bytes, Stack size 0 bytes, rom_symbol.txt(ABSOLUTE), UNUSED)
<BR><BR>[Called By]<UL><LI><a href="#[379]">&gt;&gt;</a>&nbsp;&nbsp;&nbsp;pwr_mgmt_ble_wakeup (via Veneer)
</UL>
<BR>[Address Reference Count : 1]<UL><LI> platform_sdk.o(i.platform_sdk_init)
</UL>
<P><STRONG><a name="[327]"></a>SVC_handler_proc</STRONG> (Thumb, 0 bytes, Stack size 0 bytes, rom_symbol.txt(ABSOLUTE))
<BR><BR>[Called By]<UL><LI><a href="#[38]">&gt;&gt;</a>&nbsp;&nbsp;&nbsp;SVC_Handler
</UL>

<P><STRONG><a name="[20e]"></a>ble_attmdb_get_attribute</STRONG> (Thumb, 0 bytes, Stack size 0 bytes, rom_symbol.txt(ABSOLUTE))
<BR><BR>[Called By]<UL><LI><a href="#[20c]">&gt;&gt;</a>&nbsp;&nbsp;&nbsp;gatt_clear_cccd_patch
</UL>

<P><STRONG><a name="[20f]"></a>ble_attmdb_uuid16_comp</STRONG> (Thumb, 0 bytes, Stack size 0 bytes, rom_symbol.txt(ABSOLUTE))
<BR><BR>[Called By]<UL><LI><a href="#[20c]">&gt;&gt;</a>&nbsp;&nbsp;&nbsp;gatt_clear_cccd_patch
</UL>

<P><STRONG><a name="[213]"></a>ble_bm_get_gatt_info</STRONG> (Thumb, 0 bytes, Stack size 0 bytes, rom_symbol.txt(ABSOLUTE))
<BR><BR>[Called By]<UL><LI><a href="#[1dc]">&gt;&gt;</a>&nbsp;&nbsp;&nbsp;gatt_on_connection_func_patch
</UL>

<P><STRONG><a name="[1da]"></a>ble_bm_get_ral_dev_list</STRONG> (Thumb, 0 bytes, Stack size 0 bytes, rom_symbol.txt(ABSOLUTE))
<BR><BR>[Called By]<UL><LI><a href="#[1b]">&gt;&gt;</a>&nbsp;&nbsp;&nbsp;gap_connection_req_ind_handler_patch
</UL>

<P><STRONG><a name="[2f9]"></a>ble_bm_get_sec_info</STRONG> (Thumb, 0 bytes, Stack size 0 bytes, rom_symbol.txt(ABSOLUTE))
<BR><BR>[Called By]<UL><LI><a href="#[2f8]">&gt;&gt;</a>&nbsp;&nbsp;&nbsp;sec_bond_info_miss_check
</UL>

<P><STRONG><a name="[1f3]"></a>ble_bm_get_sec_info_by_peer_irk</STRONG> (Thumb, 0 bytes, Stack size 0 bytes, rom_symbol.txt(ABSOLUTE))
<BR><BR>[Called By]<UL><LI><a href="#[4]">&gt;&gt;</a>&nbsp;&nbsp;&nbsp;gapm_cmp_evt_handler_patch
</UL>

<P><STRONG><a name="[1a6]"></a>ble_bm_set_gatt_info</STRONG> (Thumb, 0 bytes, Stack size 0 bytes, rom_symbol.txt(ABSOLUTE))
<BR><BR>[Called By]<UL><LI><a href="#[21]">&gt;&gt;</a>&nbsp;&nbsp;&nbsp;ble_sdk_gatts_svc_changed_cfg_ind_handler_patch
</UL>

<P><STRONG><a name="[2fb]"></a>ble_gapc_auth_get</STRONG> (Thumb, 0 bytes, Stack size 0 bytes, rom_symbol.txt(ABSOLUTE))
<BR><BR>[Called By]<UL><LI><a href="#[1f]">&gt;&gt;</a>&nbsp;&nbsp;&nbsp;sec_rcv_encrypt_req_ind_handler_patch
</UL>

<P><STRONG><a name="[1d9]"></a>ble_gapc_role_get</STRONG> (Thumb, 0 bytes, Stack size 0 bytes, rom_symbol.txt(ABSOLUTE))
<BR><BR>[Called By]<UL><LI><a href="#[1b]">&gt;&gt;</a>&nbsp;&nbsp;&nbsp;gap_connection_req_ind_handler_patch
</UL>

[...]
</UL>
<BR>[Address Reference Count : 1]<UL><LI> ble_event_patch.o(.data)
</UL>
<P><STRONG><a name="[61]"></a>gap_peer_info_get_cb</STRONG> (Thumb, 60 bytes, Stack size 56 bytes, ble_event_patch.o(i.gap_peer_info_get_cb))
<BR><BR>[Stack]<UL><LI>Max Depth = 104 + Unknown Stack Size
<LI>Call Chain = gap_peer_info_get_cb &rArr; ble_event_handle &rArr; ble_profile_evt_handle &rArr; gattc_srvc_browse_evt_handle &rArr; memcmp
</UL>
<BR>[Calls]<UL><LI><a href="#[191]">&gt;&gt;</a>&nbsp;&nbsp;&nbsp;ble_event_handle
<LI><a href="#[e8]">&gt;&gt;</a>&nbsp;&nbsp;&nbsp;__aeabi_memset
</UL>
<BR>[Address Reference Count : 1]<UL><LI> ble_event_patch.o(.data)
</UL>
<P><STRONG><a name="[5d]"></a>gap_peer_name_ind_cb</STRONG> (Thumb, 58 bytes, Stack size 56 bytes, ble_event_patch.o(i.gap_peer_name_ind_cb))
<BR><BR>[Stack]<UL><LI>Max Depth = 104 + Unknown Stack Size
<LI>Call Chain = gap_peer_name_ind_cb &rArr; ble_event_handle &rArr; ble_profile_evt_handle &rArr; gattc_srvc_browse_evt_handle &rArr; memcmp
</UL>
<BR>[Calls]<UL><LI><a href="#[191]">&gt;&gt;</a>&nbsp;&nbsp;&nbsp;ble_event_handle
<LI><a href="#[e8]">&gt;&gt;</a>&nbsp;&nbsp;&nbsp;__aeabi_memset
</UL>
<BR>[Address Reference Count : 1]<UL><LI> ble_event_patch.o(.data)
</UL>
<P><STRONG><a name="[4d]"></a>gap_phy_update_cb</STRONG> (Thumb, 52 bytes, Stack size 56 bytes, ble_event_patch.o(i.gap_phy_update_cb))
<BR><BR>[Stack]<UL><LI>Max Depth = 104 + Unknown Stack Size
<LI>Call Chain = gap_phy_update_cb &rArr; ble_event_handle &rArr; ble_profile_evt_handle &rArr; gattc_srvc_browse_evt_handle &rArr; memcmp
</UL>
<BR>[Calls]<UL><LI><a href="#[191]">&gt;&gt;</a>&nbsp;&nbsp;&nbsp;ble_event_handle
<LI><a href="#[e8]">&gt;&gt;</a>&nbsp;&nbsp;&nbsp;__aeabi_memset
</UL>
<BR>[Address Reference Count : 1]<UL><LI> ble_event_patch.o(.data)
</UL>
<P><STRONG><a name="[4c]"></a>gap_psm_manager_cb</STRONG> (Thumb, 60 bytes, Stack size 56 bytes, ble_event_patch.o(i.gap_psm_manager_cb))
<BR><BR>[Stack]<UL><LI>Max Depth = 104 + Unknown Stack Size
<LI>Call Chain = gap_psm_manager_cb &rArr; ble_event_handle &rArr; ble_profile_evt_handle &rArr; gattc_srvc_browse_evt_handle &rArr; memcmp
</UL>
<BR>[Calls]<UL><LI><a href="#[191]">&gt;&gt;</a>&nbsp;&nbsp;&nbsp;ble_event_handle
<LI><a href="#[e8]">&gt;&gt;</a>&nbsp;&nbsp;&nbsp;__aeabi_memset
</UL>
<BR>[Address Reference Count : 1]<UL><LI> ble_event_patch.o(.data)
</UL>
<P><STRONG><a name="[63]"></a>gap_rslv_addr_read_cb</STRONG> (Thumb, 56 bytes, Stack size 56 bytes, ble_event_patch.o(i.gap_rslv_addr_read_cb))
<BR><BR>[Stack]<UL><LI>Max Depth = 104 + Unknown Stack Size
<LI>Call Chain = gap_rslv_addr_read_cb &rArr; ble_event_handle &rArr; ble_profile_evt_handle &rArr; gattc_srvc_browse_evt_handle &rArr; memcmp
</UL>
<BR>[Calls]<UL><LI><a href="#[191]">&gt;&gt;</a>&nbsp;&nbsp;&nbsp;ble_event_handle
<LI><a href="#[e8]">&gt;&gt;</a>&nbsp;&nbsp;&nbsp;__aeabi_memset
</UL>
<BR>[Address Reference Count : 1]<UL><LI> ble_event_patch.o(.data)
</UL>
<P><STRONG><a name="[51]"></a>gap_scan_req_ind_cb</STRONG> (Thumb, 56 bytes, Stack size 48 bytes, ble_event_patch.o(i.gap_scan_req_ind_cb))
<BR><BR>[Stack]<UL><LI>Max Depth = 96 + Unknown Stack Size
<LI>Call Chain = gap_scan_req_ind_cb &rArr; ble_event_handle &rArr; ble_profile_evt_handle &rArr; gattc_srvc_browse_evt_handle &rArr; memcmp
</UL>
<BR>[Calls]<UL><LI><a href="#[191]">&gt;&gt;</a>&nbsp;&nbsp;&nbsp;ble_event_handle
<LI><a href="#[e8]">&gt;&gt;</a>&nbsp;&nbsp;&nbsp;__aeabi_memset
</UL>
<BR>[Address Reference Count : 1]<UL><LI> ble_event_patch.o(.data)
</UL>
<P><STRONG><a name="[53]"></a>gap_scan_start_cb</STRONG> (Thumb, 38 bytes, Stack size 48 bytes, ble_event_patch.o(i.gap_scan_start_cb))
<BR><BR>[Stack]<UL><LI>Max Depth = 96 + Unknown Stack Size
<LI>Call Chain = gap_scan_start_cb &rArr; ble_event_handle &rArr; ble_profile_evt_handle &rArr; gattc_srvc_browse_evt_handle &rArr; memcmp
</UL>
<BR>[Calls]<UL><LI><a href="#[191]">&gt;&gt;</a>&nbsp;&nbsp;&nbsp;ble_event_handle
<LI><a href="#[e8]">&gt;&gt;</a>&nbsp;&nbsp;&nbsp;__aeabi_memset
</UL>
<BR>[Address Reference Count : 1]<UL><LI> ble_event_patch.o(.data)
</UL>
<P><STRONG><a name="[54]"></a>gap_scan_stop_cb</STRONG> (Thumb, 46 bytes, Stack size 56 bytes, ble_event_patch.o(i.gap_scan_stop_cb))
<BR><BR>[Stack]<UL><LI>Max Depth = 104 + Unknown Stack Size
<LI>Call Chain = gap_scan_stop_cb &rArr; ble_event_handle &rArr; ble_profile_evt_handle &rArr; gattc_srvc_browse_evt_handle &rArr; memcmp
</UL>
<BR>[Calls]<UL><LI><a href="#[191]">&gt;&gt;</a>&nbsp;&nbsp;&nbsp;ble_event_handle
<LI><a href="#[e8]">&gt;&gt;</a>&nbsp;&nbsp;&nbsp;__aeabi_memset
</UL>
<BR>[Address Reference Count : 1]<UL><LI> ble_event_patch.o(.data)
</UL>
<P><STRONG><a name="[57]"></a>gap_stop_sync_cb</STRONG> (Thumb, 44 bytes, Stack size 56 bytes, ble_event_patch.o(i.gap_stop_sync_cb))
<BR><BR>[Stack]<UL><LI>Max Depth = 104 + Unknown Stack Size
<LI>Call Chain = gap_stop_sync_cb &rArr; ble_event_handle &rArr; ble_profile_evt_handle &rArr; gattc_srvc_browse_evt_handle &rArr; memcmp
</UL>
<BR>[Calls]<UL><LI><a href="#[191]">&gt;&gt;</a>&nbsp;&nbsp;&nbsp;ble_event_handle
<LI><a href="#[e8]">&gt;&gt;</a>&nbsp;&nbsp;&nbsp;__aeabi_memset
</UL>
<BR>[Address Reference Count : 1]<UL><LI> ble_event_patch.o(.data)
</UL>
<P><STRONG><a name="[56]"></a>gap_sync_establish_cb</STRONG> (Thumb, 56 bytes, Stack size 56 bytes, ble_event_patch.o(i.gap_sync_establish_cb))
<BR><BR>[Stack]<UL><LI>Max Depth = 104 + Unknown Stack Size
<LI>Call Chain = gap_sync_establish_cb &rArr; ble_event_handle &rArr; ble_profile_evt_handle &rArr; gattc_srvc_browse_evt_handle &rArr; memcmp
</UL>
<BR>[Calls]<UL><LI><a href="#[191]">&gt;&gt;</a>&nbsp;&nbsp;&nbsp;ble_event_handle
<LI><a href="#[e8]">&gt;&gt;</a>&nbsp;&nbsp;&nbsp;__aeabi_memset
<LI><a href="#[123]">&gt;&gt;</a>&nbsp;&nbsp;&nbsp;__aeabi_memcpy
</UL>
<BR>[Address Reference Count : 1]<UL><LI> ble_event_patch.o(.data)
</UL>
<P><STRONG><a name="[58]"></a>gap_sync_lost_cb</STRONG> (Thumb, 44 bytes, Stack size 48 bytes, ble_event_patch.o(i.gap_sync_lost_cb))
<BR><BR>[Stack]<UL><LI>Max Depth = 96 + Unknown Stack Size
<LI>Call Chain = gap_sync_lost_cb &rArr; ble_event_handle &rArr; ble_profile_evt_handle &rArr; gattc_srvc_browse_evt_handle &rArr; memcmp
</UL>
<BR>[Calls]<UL><LI><a href="#[191]">&gt;&gt;</a>&nbsp;&nbsp;&nbsp;ble_event_handle
<LI><a href="#[e8]">&gt;&gt;</a>&nbsp;&nbsp;&nbsp;__aeabi_memset
</UL>
<BR>[Address Reference Count : 1]<UL><LI> ble_event_patch.o(.data)
</UL>
<P><STRONG><a name="[64]"></a>gatt_mtu_exchange_cb</STRONG> (Thumb, 50 bytes, Stack size 56 bytes, ble_event_patch.o(i.gatt_mtu_exchange_cb))
<BR><BR>[Stack]<UL><LI>Max Depth = 104 + Unknown Stack Size
<LI>Call Chain = gatt_mtu_exchange_cb &rArr; ble_event_handle &rArr; ble_profile_evt_handle &rArr; gattc_srvc_browse_evt_handle &rArr; memcmp
</UL>
<BR>[Calls]<UL><LI><a href="#[191]">&gt;&gt;</a>&nbsp;&nbsp;&nbsp;ble_event_handle
<LI><a href="#[e8]">&gt;&gt;</a>&nbsp;&nbsp;&nbsp;__aeabi_memset
</UL>
<BR>[Address Reference Count : 1]<UL><LI> ble_event_patch.o(.data)
</UL>
<P><STRONG><a name="[70]"></a>l2cap_lecb_add_credits_ind_cb</STRONG> (Thumb, 50 bytes, Stack size 56 bytes, ble_event_patch.o(i.l2cap_lecb_add_credits_ind_cb))
<BR><BR>[Stack]<UL><LI>Max Depth = 104 + Unknown Stack Size
<LI>Call Chain = l2cap_lecb_add_credits_ind_cb &rArr; ble_event_handle &rArr; ble_profile_evt_handle &rArr; gattc_srvc_browse_evt_handle &rArr; memcmp
</UL>
<BR>[Calls]<UL><LI><a href="#[191]">&gt;&gt;</a>&nbsp;&nbsp;&nbsp;ble_event_handle
<LI><a href="#[e8]">&gt;&gt;</a>&nbsp;&nbsp;&nbsp;__aeabi_memset
</UL>
<BR>[Address Reference Count : 1]<UL><LI> ble_event_patch.o(.data)
</UL>
<P><STRONG><a name="[6f]"></a>l2cap_lecb_conn_cb</STRONG> (Thumb, 58 bytes, Stack size 56 bytes, ble_event_patch.o(i.l2cap_lecb_conn_cb))
<BR><BR>[Stack]<UL><LI>Max Depth = 104 + Unknown Stack Size
<LI>Call Chain = l2cap_lecb_conn_cb &rArr; ble_event_handle &rArr; ble_profile_evt_handle &rArr; gattc_srvc_browse_evt_handle &rArr; memcmp
</UL>
<BR>[Calls]<UL><LI><a href="#[191]">&gt;&gt;</a>&nbsp;&nbsp;&nbsp;ble_event_handle
<LI><a href="#[e8]">&gt;&gt;</a>&nbsp;&nbsp;&nbsp;__aeabi_memset
</UL>
<BR>[Address Reference Count : 1]<UL><LI> ble_event_patch.o(.data)
</UL>
<P><STRONG><a name="[6e]"></a>l2cap_lecb_conn_req_cb</STRONG> (Thumb, 54 bytes, Stack size 56 bytes, ble_event_patch.o(i.l2cap_lecb_conn_req_cb))
<BR><BR>[Stack]<UL><LI>Max Depth = 104 + Unknown Stack Size
<LI>Call Chain = l2cap_lecb_conn_req_cb &rArr; ble_event_handle &rArr; ble_profile_evt_handle &rArr; gattc_srvc_browse_evt_handle &rArr; memcmp
</UL>
<BR>[Calls]<UL><LI><a href="#[191]">&gt;&gt;</a>&nbsp;&nbsp;&nbsp;ble_event_handle
<LI><a href="#[e8]">&gt;&gt;</a>&nbsp;&nbsp;&nbsp;__aeabi_memset
</UL>
<BR>[Address Reference Count : 1]<UL><LI> ble_event_patch.o(.data)
</UL>
<P><STRONG><a name="[74]"></a>l2cap_lecb_credit_add_cmp_cb</STRONG> (Thumb, 50 bytes, Stack size 56 bytes, ble_event_patch.o(i.l2cap_lecb_credit_add_cmp_cb))
<BR><BR>[Stack]<UL><LI>Max Depth = 104 + Unknown Stack Size
<LI>Call Chain = l2cap_lecb_credit_add_cmp_cb &rArr; ble_event_handle &rArr; ble_profile_evt_handle &rArr; gattc_srvc_browse_evt_handle &rArr; memcmp
</UL>
<BR>[Calls]<UL><LI><a href="#[191]">&gt;&gt;</a>&nbsp;&nbsp;&nbsp;ble_event_handle
<LI><a href="#[e8]">&gt;&gt;</a>&nbsp;&nbsp;&nbsp;__aeabi_memset
</UL>
<BR>[Address Reference Count : 1]<UL><LI> ble_event_patch.o(.data)
</UL>
<P><STRONG><a name="[71]"></a>l2cap_lecb_disconn_cb</STRONG> (Thumb, 50 bytes, Stack size 56 bytes, ble_event_patch.o(i.l2cap_lecb_disconn_cb))
<BR><BR>[Stack]<UL><LI>Max Depth = 104 + Unknown Stack Size
<LI>Call Chain = l2cap_lecb_disconn_cb &rArr; ble_event_handle &rArr; ble_profile_evt_handle &rArr; gattc_srvc_browse_evt_handle &rArr; memcmp
</UL>
<BR>[Calls]<UL><LI><a href="#[191]">&gt;&gt;</a>&nbsp;&nbsp;&nbsp;ble_event_handle
<LI><a href="#[e8]">&gt;&gt;</a>&nbsp;&nbsp;&nbsp;__aeabi_memset
</UL>
<BR>[Address Reference Count : 1]<UL><LI> ble_event_patch.o(.data)
</UL>
<P><STRONG><a name="[72]"></a>l2cap_lecb_sdu_recv_cb</STRONG> (Thumb, 60 bytes, Stack size 56 bytes, ble_event_patch.o(i.l2cap_lecb_sdu_recv_cb))
<BR><BR>[Stack]<UL><LI>Max Depth = 104 + Unknown Stack Size
<LI>Call Chain = l2cap_lecb_sdu_recv_cb &rArr; ble_event_handle &rArr; ble_profile_evt_handle &rArr; gattc_srvc_browse_evt_handle &rArr; memcmp
</UL>
<BR>[Calls]<UL><LI><a href="#[191]">&gt;&gt;</a>&nbsp;&nbsp;&nbsp;ble_event_handle
<LI><a href="#[e8]">&gt;&gt;</a>&nbsp;&nbsp;&nbsp;__aeabi_memset
</UL>
<BR>[Address Reference Count : 1]<UL><LI> ble_event_patch.o(.data)
</UL>
<P><STRONG><a name="[73]"></a>l2cap_lecb_sdu_send_cb</STRONG> (Thumb, 50 bytes, Stack size 56 bytes, ble_event_patch.o(i.l2cap_lecb_sdu_send_cb))
<BR><BR>[Stack]<UL><LI>Max Depth = 104 + Unknown Stack Size
<LI>Call Chain = l2cap_lecb_sdu_send_cb &rArr; ble_event_handle &rArr; ble_profile_evt_handle &rArr; gattc_srvc_browse_evt_handle &rArr; memcmp
</UL>
<BR>[Calls]<UL><LI><a href="#[191]">&gt;&gt;</a>&nbsp;&nbsp;&nbsp;ble_event_handle
<LI><a href="#[e8]">&gt;&gt;</a>&nbsp;&nbsp;&nbsp;__aeabi_memset
</UL>
<BR>[Address Reference Count : 1]<UL><LI> ble_event_patch.o(.data)
</UL>
<P><STRONG><a name="[77]"></a>sec_rcv_enc_ind_cb</STRONG> (Thumb, 60 bytes, Stack size 56 bytes, ble_event_patch.o(i.sec_rcv_enc_ind_cb))
<BR><BR>[Stack]<UL><LI>Max Depth = 104 + Unknown Stack Size
<LI>Call Chain = sec_rcv_enc_ind_cb &rArr; ble_event_handle &rArr; ble_profile_evt_handle &rArr; gattc_srvc_browse_evt_handle &rArr; memcmp
</UL>
<BR>[Calls]<UL><LI><a href="#[191]">&gt;&gt;</a>&nbsp;&nbsp;&nbsp;ble_event_handle
<LI><a href="#[e8]">&gt;&gt;</a>&nbsp;&nbsp;&nbsp;__aeabi_memset
</UL>
<BR>[Address Reference Count : 1]<UL><LI> ble_event_patch.o(.data)
</UL>
<P><STRONG><a name="[76]"></a>sec_rcv_enc_req_cb</STRONG> (Thumb, 58 bytes, Stack size 56 bytes, ble_event_patch.o(i.sec_rcv_enc_req_cb))
<BR><BR>[Stack]<UL><LI>Max Depth = 104 + Unknown Stack Size
<LI>Call Chain = sec_rcv_enc_req_cb &rArr; ble_event_handle &rArr; ble_profile_evt_handle &rArr; gattc_srvc_browse_evt_handle &rArr; memcmp
</UL>
<BR>[Calls]<UL><LI><a href="#[191]">&gt;&gt;</a>&nbsp;&nbsp;&nbsp;ble_event_handle
<LI><a href="#[e8]">&gt;&gt;</a>&nbsp;&nbsp;&nbsp;__aeabi_memset
<LI><a href="#[123]">&gt;&gt;</a>&nbsp;&nbsp;&nbsp;__aeabi_memcpy
</UL>
<BR>[Address Reference Count : 1]<UL><LI> ble_event_patch.o(.data)
</UL>
<P><STRONG><a name="[79]"></a>sec_rcv_key_missing_cb</STRONG> (Thumb, 50 bytes, Stack size 56 bytes, ble_event_patch.o(i.sec_rcv_key_missing_cb))
<BR><BR>[Stack]<UL><LI>Max Depth = 104 + Unknown Stack Size
<LI>Call Chain = sec_rcv_key_missing_cb &rArr; ble_event_handle &rArr; ble_profile_evt_handle &rArr; gattc_srvc_browse_evt_handle &rArr; memcmp
</UL>
<BR>[Calls]<UL><LI><a href="#[191]">&gt;&gt;</a>&nbsp;&nbsp;&nbsp;ble_event_handle
<LI><a href="#[e8]">&gt;&gt;</a>&nbsp;&nbsp;&nbsp;__aeabi_memset
</UL>
<BR>[Address Reference Count : 1]<UL><LI> ble_event_patch.o(.data)
</UL>
<P><STRONG><a name="[78]"></a>sec_rcv_keypress_notify_cb</STRONG> (Thumb, 50 bytes, Stack size 56 bytes, ble_event_patch.o(i.sec_rcv_keypress_notify_cb))
<BR><BR>[Stack]<UL><LI>Max Depth = 104 + Unknown Stack Size
<LI>Call Chain = sec_rcv_keypress_notify_cb &rArr; ble_event_handle &rArr; ble_profile_evt_handle &rArr; gattc_srvc_browse_evt_handle &rArr; memcmp
</UL>
<BR>[Calls]<UL><LI><a href="#[191]">&gt;&gt;</a>&nbsp;&nbsp;&nbsp;ble_event_handle
<LI><a href="#[e8]">&gt;&gt;</a>&nbsp;&nbsp;&nbsp;__aeabi_memset
</UL>
<BR>[Address Reference Count : 1]<UL><LI> ble_event_patch.o(.data)
</UL>
<P><STRONG><a name="[1d3]"></a>get_ori_cmd</STRONG> (Thumb, 4 bytes, Stack size 0 bytes, platform_patch.o(i.get_ori_cmd))
<BR><BR>[Called By]<UL><LI><a href="#[1d1]">&gt;&gt;</a>&nbsp;&nbsp;&nbsp;fun_replace_by_svc
</UL>

<P><STRONG><a name="[1d4]"></a>get_svc_cmd</STRONG> (Thumb, 6 bytes, Stack size 0 bytes, platform_patch.o(i.get_svc_cmd))
<BR><BR>[Called By]<UL><LI><a href="#[1d1]">&gt;&gt;</a>&nbsp;&nbsp;&nbsp;fun_replace_by_svc
</UL>

<P><STRONG><a name="[11e]"></a>ll_adc_disable_clock</STRONG> (Thumb, 26 bytes, Stack size 0 bytes, platform_adc.o(i.ll_adc_disable_clock))
<BR><BR>[Called By]<UL><LI><a href="#[11d]">&gt;&gt;</a>&nbsp;&nbsp;&nbsp;adc_conversion
</UL>

<P><STRONG><a name="[372]"></a>xqspi_receive_patch</STRONG> (Thumb, 260 bytes, Stack size 48 bytes, gr55xx_hal_xqspi_patch.o(RAM_CODE), UNUSED)
<BR><BR>[Calls]<UL><LI><a href="#[370]">&gt;&gt;</a>&nbsp;&nbsp;&nbsp;xqspi_wait_flag_state_until_retry
<LI><a href="#[373]">&gt;&gt;</a>&nbsp;&nbsp;&nbsp;ll_xqspi_set_qspi_datasize
</UL>
<BR>[Called By]<UL><LI><a href="#[374]">&gt;&gt;</a>&nbsp;&nbsp;&nbsp;hal_xqspi_command_receive_patch
</UL>

<P><STRONG><a name="[373]"></a>ll_xqspi_set_qspi_datasize</STRONG> (Thumb, 16 bytes, Stack size 0 bytes, gr55xx_hal_xqspi_patch.o(RAM_CODE), UNUSED)
<BR><BR>[Called By]<UL><LI><a href="#[377]">&gt;&gt;</a>&nbsp;&nbsp;&nbsp;xqspi_receive_align_word
<LI><a href="#[372]">&gt;&gt;</a>&nbsp;&nbsp;&nbsp;xqspi_receive_patch
</UL>

<P><STRONG><a name="[377]"></a>xqspi_receive_align_word</STRONG> (Thumb, 154 bytes, Stack size 32 bytes, gr55xx_hal_xqspi_patch.o(RAM_CODE), UNUSED)
<BR><BR>[Calls]<UL><LI><a href="#[370]">&gt;&gt;</a>&nbsp;&nbsp;&nbsp;xqspi_wait_flag_state_until_retry
<LI><a href="#[373]">&gt;&gt;</a>&nbsp;&nbsp;&nbsp;ll_xqspi_set_qspi_datasize
</UL>
<BR>[Called By]<UL><LI><a href="#[376]">&gt;&gt;</a>&nbsp;&nbsp;&nbsp;hal_xqspi_command_receive_align_word
</UL>

<P><STRONG><a name="[8d]"></a>get_info</STRONG> (Thumb, 70 bytes, Stack size 16 bytes, dfu_cmd_handler_patch.o(i.get_info))
<BR><BR>[Stack]<UL><LI>Max Depth = 16<LI>Call Chain = get_info
</UL>
<BR>[Calls]<UL><LI><a href="#[21f]">&gt;&gt;</a>&nbsp;&nbsp;&nbsp;dfu_send_frame
</UL>
<BR>[Address Reference Count : 1]<UL><LI> dfu_cmd_handler_patch.o(i.dfu_cmd_handler_replace)
</UL>
<P><STRONG><a name="[217]"></a>ble_service_evt_handler_get</STRONG> (Thumb, 34 bytes, Stack size 0 bytes, ble_profile_patch.o(i.ble_service_evt_handler_get))
<BR><BR>[Called By]<UL><LI><a href="#[19b]">&gt;&gt;</a>&nbsp;&nbsp;&nbsp;gatts_evt_handle
</UL>

<P><STRONG><a name="[198]"></a>gatt_common_evt_handler</STRONG> (Thumb, 26 bytes, Stack size 16 bytes, ble_profile_patch.o(i.gatt_common_evt_handler))
<BR><BR>[Stack]<UL><LI>Max Depth = 16<LI>Call Chain = gatt_common_evt_handler
</UL>
<BR>[Called By]<UL><LI><a href="#[192]">&gt;&gt;</a>&nbsp;&nbsp;&nbsp;ble_profile_evt_handle
</UL>

<P><STRONG><a name="[19a]"></a>gattc_connect_state_evt</STRONG> (Thumb, 26 bytes, Stack size 16 bytes, ble_profile_patch.o(i.gattc_connect_state_evt))
<BR><BR>[Stack]<UL><LI>Max Depth = 16<LI>Call Chain = gattc_connect_state_evt
</UL>
<BR>[Called By]<UL><LI><a href="#[192]">&gt;&gt;</a>&nbsp;&nbsp;&nbsp;ble_profile_evt_handle
</UL>

<P><STRONG><a name="[19d]"></a>gattc_evt_handle</STRONG> (Thumb, 26 bytes, Stack size 16 bytes, ble_profile_patch.o(i.gattc_evt_handle))
<BR><BR>[Stack]<UL><LI>Max Depth = 16<LI>Call Chain = gattc_evt_handle
</UL>
<BR>[Called By]<UL><LI><a href="#[192]">&gt;&gt;</a>&nbsp;&nbsp;&nbsp;ble_profile_evt_handle
</UL>

<P><STRONG><a name="[19c]"></a>gattc_srvc_browse_evt_handle</STRONG> (Thumb, 62 bytes, Stack size 16 bytes, ble_profile_patch.o(i.gattc_srvc_browse_evt_handle))
<BR><BR>[Stack]<UL><LI>Max Depth = 24<LI>Call Chain = gattc_srvc_browse_evt_handle &rArr; memcmp
</UL>
<BR>[Calls]<UL><LI><a href="#[121]">&gt;&gt;</a>&nbsp;&nbsp;&nbsp;memcmp
<LI><a href="#[216]">&gt;&gt;</a>&nbsp;&nbsp;&nbsp;ble_sdk_gattc_get_record_profile_id
</UL>
<BR>[Called By]<UL><LI><a href="#[192]">&gt;&gt;</a>&nbsp;&nbsp;&nbsp;ble_profile_evt_handle
</UL>

<P><STRONG><a name="[199]"></a>gatts_connect_state_evt</STRONG> (Thumb, 26 bytes, Stack size 16 bytes, ble_profile_patch.o(i.gatts_connect_state_evt))
<BR><BR>[Stack]<UL><LI>Max Depth = 16<LI>Call Chain = gatts_connect_state_evt
</UL>
<BR>[Called By]<UL><LI><a href="#[192]">&gt;&gt;</a>&nbsp;&nbsp;&nbsp;ble_profile_evt_handle
</UL>

<P><STRONG><a name="[19b]"></a>gatts_evt_handle</STRONG> (Thumb, 26 bytes, Stack size 8 bytes, ble_profile_patch.o(i.gatts_evt_handle))
<BR><BR>[Stack]<UL><LI>Max Depth = 8<LI>Call Chain = gatts_evt_handle
</UL>
<BR>[Calls]<UL><LI><a href="#[217]">&gt;&gt;</a>&nbsp;&nbsp;&nbsp;ble_service_evt_handler_get
</UL>
<BR>[Called By]<UL><LI><a href="#[192]">&gt;&gt;</a>&nbsp;&nbsp;&nbsp;ble_profile_evt_handle
</UL>

<P><STRONG><a name="[378]"></a>ll_xqspi_disable_cache</STRONG> (Thumb, 28 bytes, Stack size 0 bytes, gr55xx_ll_xqspi_patch.o(RAM_CODE))
<BR><BR>[Called By]<UL><LI><a href="#[371]">&gt;&gt;</a>&nbsp;&nbsp;&nbsp;ll_xqspi_init_patch
</UL>

<P><STRONG><a name="[322]"></a>_dadd1</STRONG> (Thumb, 0 bytes, Stack size unknown bytes, daddsub_clz.o(x$fpl$dadd), UNUSED)
<BR><BR>[Called By]<UL><LI><a href="#[323]">&gt;&gt;</a>&nbsp;&nbsp;&nbsp;_dsub
<LI><a href="#[321]">&gt;&gt;</a>&nbsp;&nbsp;&nbsp;_drsb
</UL>

<P><STRONG><a name="[31a]"></a>_dsub1</STRONG> (Thumb, 0 bytes, Stack size unknown bytes, daddsub_clz.o(x$fpl$dsub), UNUSED)
<BR><BR>[Called By]<UL><LI><a href="#[321]">&gt;&gt;</a>&nbsp;&nbsp;&nbsp;_drsb
<LI><a href="#[319]">&gt;&gt;</a>&nbsp;&nbsp;&nbsp;_dadd
</UL>

<P><STRONG><a name="[7e]"></a>_printf_input_char</STRONG> (Thumb, 10 bytes, Stack size 0 bytes, _printf_char_common.o(.text))
<BR>[Address Reference Count : 1]<UL><LI> _printf_char_common.o(.text)
</UL>
<P><STRONG><a name="[104]"></a>_fp_digits</STRONG> (Thumb, 432 bytes, Stack size 96 bytes, _printf_fp_dec.o(.text))
<BR><BR>[Stack]<UL><LI>Max Depth = 220<LI>Call Chain = _fp_digits &rArr; _btod_etento &rArr; _btod_emul &rArr; _e2e
</UL>
<BR>[Calls]<UL><LI><a href="#[108]">&gt;&gt;</a>&nbsp;&nbsp;&nbsp;_btod_emul
<LI><a href="#[107]">&gt;&gt;</a>&nbsp;&nbsp;&nbsp;_btod_ediv
<LI><a href="#[106]">&gt;&gt;</a>&nbsp;&nbsp;&nbsp;_btod_d2e
<LI><a href="#[105]">&gt;&gt;</a>&nbsp;&nbsp;&nbsp;_btod_etento
<LI><a href="#[102]">&gt;&gt;</a>&nbsp;&nbsp;&nbsp;_ll_udiv10
</UL>
<BR>[Called By]<UL><LI><a href="#[109]">&gt;&gt;</a>&nbsp;&nbsp;&nbsp;_printf_fp_dec_real
</UL>
<P>
<H3>
Undefined Global Symbols
</H3><HR></body></html>
