Component: ARM Compiler 5.06 update 7 (build 960) Tool: armlink [4d3601]

==============================================================================

Section Cross References

    startup.o(RESET) refers to startup.o(.text) for Reset_Handler
    startup.o(RESET) refers to gr_interrupt.o(RAM_CODE) for HardFault_Handler
    startup.o(RESET) refers to gr_interrupt.o(i.MemManage_Handler) for MemManage_Handler
    startup.o(RESET) refers to gr_interrupt.o(i.BusFault_Handler) for BusFault_Handler
    startup.o(RESET) refers to gr_interrupt.o(i.UsageFault_Handler) for UsageFault_Handler
    startup.o(RESET) refers to gr_soc.o(RAM_CODE) for SVC_Handler
    startup.o(.text) refers to gr_system.o(i.SystemInit) for SystemInit
    startup.o(.text) refers to gr_platform.o(i.main_init) for main_init
    gr_interrupt.o(RAM_CODE) refers to gr_interrupt.o(RAM_CODE) for hardfault_trace_handler
    gr_interrupt.o(RAM_CODE) refers to gr_interrupt.o(.bss) for R4_R11_REG
    gr_interrupt.o(RAM_CODE) refers to _printf_pad.o(.text) for _printf_pre_padding
    gr_interrupt.o(RAM_CODE) refers to _printf_percent.o(.ARM.Collect$$_printf_percent$$00000000) for _printf_percent
    gr_interrupt.o(RAM_CODE) refers to _printf_x.o(.ARM.Collect$$_printf_percent$$0000000C) for _printf_x
    gr_interrupt.o(RAM_CODE) refers to _printf_hex_int_ll_ptr.o(.text) for _printf_longlong_hex
    gr_interrupt.o(RAM_CODE) refers to __2printf.o(.text) for __2printf
    gr_interrupt.o(RAM_CODE) refers to app_log.o(i.app_log_flush) for app_log_flush
    gr_interrupt.o(RAM_CODE) refers to gr_interrupt.o(.bss) for .bss
    gr_platform.o(i.main_init) refers to gr_soc.o(i.get_wakeup_flag) for get_wakeup_flag
    gr_platform.o(i.main_init) refers to gr_soc.o(i.warm_boot_process) for warm_boot_process
    gr_platform.o(i.main_init) refers to __main.o(!!!main) for __main
    gr_platform.o(i.system_platform_init) refers to gr_soc.o(i.vector_table_init) for vector_table_init
    gr_platform.o(i.system_platform_init) refers to sdk_ram_init_patch.o(i.sdk_init) for sdk_init
    gr_platform.o(i.system_platform_init) refers to gr_soc.o(i.soc_init) for soc_init
    gr_platform.o(.init_array) refers to gr_platform.o(i.system_platform_init) for system_platform_init
    gr_platform.o(.init_array) refers to init_aeabi.o(.text) for __cpp_initialize__aeabi_
    gr_soc.o(i.SystemCoreSetClock) refers to gr_soc.o(.constdata) for .constdata
    gr_soc.o(i.SystemCoreSetClock) refers to gr_soc.o(.data) for .data
    gr_soc.o(i.SystemCoreUpdateClock) refers to gr_soc.o(.constdata) for .constdata
    gr_soc.o(i.SystemCoreUpdateClock) refers to gr_soc.o(.data) for .data
    gr_soc.o(i.ble_sdk_env_init) refers to ke_task_patch.o(i.reg_msg_patch_tab) for reg_msg_patch_tab
    gr_soc.o(i.ble_sdk_env_init) refers to llm_hci_patch.o(i.reg_hci_cmd_patch_tab) for reg_hci_cmd_patch_tab
    gr_soc.o(i.ble_sdk_env_init) refers to gapm_task_patch.o(i.reg_gapm_hci_evt_patch_tab) for reg_gapm_hci_evt_patch_tab
    gr_soc.o(i.ble_sdk_env_init) refers to cold_patch.o(i.ble_con_env_init) for ble_con_env_init
    gr_soc.o(i.ble_sdk_env_init) refers to cold_patch.o(i.ble_adv_param_init) for ble_adv_param_init
    gr_soc.o(i.ble_sdk_env_init) refers to cold_patch.o(i.ble_scan_env_init) for ble_scan_env_init
    gr_soc.o(i.ble_sdk_env_init) refers to cold_patch.o(i.ble_adv_env_init) for ble_adv_env_init
    gr_soc.o(i.ble_sdk_env_init) refers to gr_soc.o(.data) for .data
    gr_soc.o(i.exflash_io_pull_config) refers to gr_soc.o(i.ll_gpio_set_pin_pull) for ll_gpio_set_pin_pull
    gr_soc.o(i.nvds_setup) refers to hal_flash_patch.o(i.hal_flash_erase) for hal_flash_erase
    gr_soc.o(i.platform_init) refers to warm_boot_patch.o(i.warm_boot_set_exflash_readid_delay) for warm_boot_set_exflash_readid_delay
    gr_soc.o(i.platform_init) refers to platform_sdk.o(i.ble_wakeup_osc_time_get) for ble_wakeup_osc_time_get
    gr_soc.o(i.platform_init) refers to platform_sdk.o(i.ble_wakeup_osc_time_set) for ble_wakeup_osc_time_set
    gr_soc.o(i.platform_init) refers to platform_sdk.o(i.platform_init_push) for platform_init_push
    gr_soc.o(i.platform_init) refers to platform_sram.o(i.mem_pwr_mgmt_init) for mem_pwr_mgmt_init
    gr_soc.o(i.platform_init) refers to gr_soc.o(i.nvds_setup) for nvds_setup
    gr_soc.o(i.platform_init) refers to platform_clock.o(i.platform_set_rtc_crystal_delay) for platform_set_rtc_crystal_delay
    gr_soc.o(i.platform_init) refers to platform_clock.o(i.platform_clock_init) for platform_clock_init
    gr_soc.o(i.platform_init) refers to platform_sdk.o(i.platform_sdk_init) for platform_sdk_init
    gr_soc.o(i.platform_init) refers to platform_sdk.o(i.system_pmu_deinit) for system_pmu_deinit
    gr_soc.o(i.platform_init) refers to gr_soc.o(i.SystemCoreSetClock) for SystemCoreSetClock
    gr_soc.o(i.platform_init) refers to platform_sdk.o(i.system_pmu_init) for system_pmu_init
    gr_soc.o(i.platform_init) refers to platform_sdk.o(i.pmu_calibration_handler) for pmu_calibration_handler
[...]
    0x00807508        -       0x0000016a   Zero   RW         2843    .bss                ble_sdk.lib(ble_sdk_gapm_patch.o)
    0x00807672        -       0x0000000c   Zero   RW         3244    .bss                ble_sdk.lib(llc_encrypt_patch.o)
    0x0080767e   0x01011330   0x00000002   PAD
    0x00807680        -       0x00000090   Zero   RW         3376    .bss                ble_sdk.lib(lld_con_patch.o)
    0x00807710        -       0x000000c8   Zero   RW         3980    .bss                ble_sdk.lib(platform_sys_context.o)
    0x008077d8        -       0x00000060   Zero   RW         4834    .bss                c_w.l(libspace.o)


    Execution Region ARM_LIB_HEAP (Exec base: 0x00807838, Load base: 0x01011330, Size: 0x00001000, Max: 0x00001000, ABSOLUTE)

    Exec Addr    Load Addr    Size         Type   Attr      Idx    E Section Name        Object

    0x00807838        -       0x00001000   Zero   RW            1    ARM_LIB_HEAP.bss    anon$$obj.o


    Execution Region ARM_LIB_STACK (Exec base: 0x0083c000, Load base: 0x01011330, Size: 0x00004000, Max: 0x00004000, ABSOLUTE)

    Exec Addr    Load Addr    Size         Type   Attr      Idx    E Section Name        Object

    0x0083c000        -       0x00004000   Zero   RW            2    ARM_LIB_STACK.bss   anon$$obj.o


    Execution Region FLASH_CODE (Exec base: 0x01002000, Load base: 0x01002000, Size: 0x0000c840, Max: 0x00800000, ABSOLUTE)

    Exec Addr    Load Addr    Size         Type   Attr      Idx    E Section Name        Object

    0x01002000   0x01002000   0x00000040   Data   RO            3    RESET               startup.o
    0x01002040   0x01002040   0x00000008   Code   RO         4557  * !!!main             c_w.l(__main.o)
    0x01002048   0x01002048   0x00000034   Code   RO         4918    !!!scatter          c_w.l(__scatter.o)
    0x0100207c   0x0100207c   0x0000005a   Code   RO         4916    !!dczerorl2         c_w.l(__dczerorl2.o)
    0x010020d6   0x010020d6   0x00000002   PAD
    0x010020d8   0x010020d8   0x0000001a   Code   RO         4920    !!handler_copy      c_w.l(__scatter_copy.o)
    0x010020f2   0x010020f2   0x00000002   PAD
    0x010020f4   0x010020f4   0x0000001c   Code   RO         4922    !!handler_zi        c_w.l(__scatter_zi.o)
    0x01002110   0x01002110   0x00000000   Code   RO         4535    .ARM.Collect$$_printf_percent$$00000000  c_w.l(_printf_percent.o)
    0x01002110   0x01002110   0x00000006   Code   RO         4642    .ARM.Collect$$_printf_percent$$00000001  c_w.l(_printf_n.o)
    0x01002116   0x01002116   0x00000006   Code   RO         4643    .ARM.Collect$$_printf_percent$$00000002  c_w.l(_printf_p.o)
    0x0100211c   0x0100211c   0x00000006   Code   RO         4647    .ARM.Collect$$_printf_percent$$00000003  c_w.l(_printf_f.o)
    0x01002122   0x01002122   0x00000006   Code   RO         4648    .ARM.Collect$$_printf_percent$$00000004  c_w.l(_printf_e.o)
    0x01002128   0x01002128   0x00000006   Code   RO         4649    .ARM.Collect$$_printf_percent$$00000005  c_w.l(_printf_g.o)
    0x0100212e   0x0100212e   0x00000006   Code   RO         4650    .ARM.Collect$$_printf_percent$$00000006  c_w.l(_printf_a.o)
    0x01002134   0x01002134   0x0000000a   Code   RO         4655    .ARM.Collect$$_printf_percent$$00000007  c_w.l(_printf_ll.o)
    0x0100213e   0x0100213e   0x00000006   Code   RO         4645    .ARM.Collect$$_printf_percent$$00000008  c_w.l(_printf_i.o)
    0x01002144   0x01002144   0x00000006   Code   RO         4534    .ARM.Collect$$_printf_percent$$00000009  c_w.l(_printf_d.o)
    0x0100214a   0x0100214a   0x00000006   Code   RO         4646    .ARM.Collect$$_printf_percent$$0000000A  c_w.l(_printf_u.o)
    0x01002150   0x01002150   0x00000006   Code   RO         4644    .ARM.Collect$$_printf_percent$$0000000B  c_w.l(_printf_o.o)
    0x01002156   0x01002156   0x00000006   Code   RO         4533    .ARM.Collect$$_printf_percent$$0000000C  c_w.l(_printf_x.o)
    0x0100215c   0x0100215c   0x00000006   Code   RO         4652    .ARM.Collect$$_printf_percent$$0000000D  c_w.l(_printf_lli.o)
    0x01002162   0x01002162   0x00000006   Code   RO         4653    .ARM.Collect$$_printf_percent$$0000000E  c_w.l(_printf_lld.o)
    0x01002168   0x01002168   0x00000006   Code   RO         4654    .ARM.Collect$$_printf_percent$$0000000F  c_w.l(_printf_llu.o)
    0x0100216e   0x0100216e   0x00000006   Code   RO         4659    .ARM.Collect$$_printf_percent$$00000010  c_w.l(_printf_llo.o)
    0x01002174   0x01002174   0x00000006   Code   RO         4660    .ARM.Collect$$_printf_percent$$00000011  c_w.l(_printf_llx.o)
    0x0100217a   0x0100217a   0x0000000a   Code   RO         4656    .ARM.Collect$$_printf_percent$$00000012  c_w.l(_printf_l.o)
    0x01002184   0x01002184   0x00000006   Code   RO         4641    .ARM.Collect$$_printf_percent$$00000013  c_w.l(_printf_c.o)
    0x0100218a   0x0100218a   0x00000006   Code   RO         4532    .ARM.Collect$$_printf_percent$$00000014  c_w.l(_printf_s.o)
    0x01002190   0x01002190   0x00000006   Code   RO         4657    .ARM.Collect$$_printf_percent$$00000015  c_w.l(_printf_lc.o)
    0x01002196   0x01002196   0x00000006   Code   RO         4658    .ARM.Collect$$_printf_percent$$00000016  c_w.l(_printf_ls.o)
    0x0100219c   0x0100219c   0x00000004   Code   RO         4651    .ARM.Collect$$_printf_percent$$00000017  c_w.l(_printf_percent_end.o)
    0x010021a0   0x010021a0   0x00000002   Code   RO         4828    .ARM.Collect$$libinit$$00000000  c_w.l(libinit.o)
    0x010021a2   0x010021a2   0x00000004   Code   RO         4661    .ARM.Collect$$libinit$$00000001  c_w.l(libinit2.o)
    0x010021a6   0x010021a6   0x00000000   Code   RO         4664    .ARM.Collect$$libinit$$00000004  c_w.l(libinit2.o)
    0x010021a6   0x010021a6   0x00000000   Code   RO         4667    .ARM.Collect$$libinit$$0000000A  c_w.l(libinit2.o)
    0x010021a6   0x010021a6   0x00000000   Code   RO         4669    .ARM.Collect$$libinit$$0000000C  c_w.l(libinit2.o)
    0x010021a6   0x010021a6   0x00000000   Code   RO         4671    .ARM.Collect$$libinit$$0000000E  c_w.l(libinit2.o)
    0x010021a6   0x010021a6   0x00000006   Code   RO         4672    .ARM.Collect$$libinit$$0000000F  c_w.l(libinit2.o)
    0x010021ac   0x010021ac   0x00000000   Code   RO         4674    .ARM.Collect$$libinit$$00000011  c_w.l(libinit2.o)
    0x010021ac   0x010021ac   0x0000000c   Code   RO         4675    .ARM.Collect$$libinit$$00000012  c_w.l(libinit2.o)
    0x010021b8   0x010021b8   0x00000000   Code   RO         4676    .ARM.Collect$$libinit$$00000013  c_w.l(libinit2.o)
    0x010021b8   0x010021b8   0x00000000   Code   RO         4678    .ARM.Collect$$libinit$$00000015  c_w.l(libinit2.o)
    0x010021b8   0x010021b8   0x0000000a   Code   RO         4679    .ARM.Collect$$libinit$$00000016  c_w.l(libinit2.o)
    0x010021c2   0x010021c2   0x00000000   Code   RO         4680    .ARM.Collect$$libinit$$00000017  c_w.l(libinit2.o)
    0x010021c2   0x010021c2   0x00000000   Code   RO         4682    .ARM.Collect$$libinit$$00000019  c_w.l(libinit2.o)
    0x010021c2   0x010021c2   0x00000000   Code   RO         4684    .ARM.Collect$$libinit$$0000001B  c_w.l(libinit2.o)
    0x010021c2   0x010021c2   0x00000000   Code   RO         4686    .ARM.Collect$$libinit$$0000001D  c_w.l(libinit2.o)
    0x010021c2   0x010021c2   0x00000000   Code   RO         4688    .ARM.Collect$$libinit$$0000001F  c_w.l(libinit2.o)
    0x010021c2   0x010021c2   0x00000000   Code   RO         4690    .ARM.Collect$$libinit$$00000021  c_w.l(libinit2.o)
    0x010021c2   0x010021c2   0x00000000   Code   RO         4692    .ARM.Collect$$libinit$$00000023  c_w.l(libinit2.o)
    0x010021c2   0x010021c2   0x00000000   Code   RO         4694    .ARM.Collect$$libinit$$00000025  c_w.l(libinit2.o)
    0x010021c2   0x010021c2   0x00000000   Code   RO         4698    .ARM.Collect$$libinit$$0000002C  c_w.l(libinit2.o)
    0x010021c2   0x010021c2   0x00000000   Code   RO         4700    .ARM.Collect$$libinit$$0000002E  c_w.l(libinit2.o)
    0x010021c2   0x010021c2   0x00000000   Code   RO         4702    .ARM.Collect$$libinit$$00000030  c_w.l(libinit2.o)
    0x010021c2   0x010021c2   0x00000004   Code   RO         4703    .ARM.Collect$$libinit$$00000031  c_w.l(libinit2.o)
    0x010021c6   0x010021c6   0x00000000   Code   RO         4704    .ARM.Collect$$libinit$$00000032  c_w.l(libinit2.o)
    0x010021c6   0x010021c6   0x00000002   Code   RO         4705    .ARM.Collect$$libinit$$00000033  c_w.l(libinit2.o)
    0x010021c8   0x010021c8   0x00000002   Code   RO         4881    .ARM.Collect$$libshutdown$$00000000  c_w.l(libshutdown.o)
    0x010021ca   0x010021ca   0x00000000   Code   RO         4897    .ARM.Collect$$libshutdown$$00000002  c_w.l(libshutdown2.o)
    0x010021ca   0x010021ca   0x00000000   Code   RO         4899    .ARM.Collect$$libshutdown$$00000004  c_w.l(libshutdown2.o)
    0x010021ca   0x010021ca   0x00000000   Code   RO         4901    .ARM.Collect$$libshutdown$$00000006  c_w.l(libshutdown2.o)
    0x010021ca   0x010021ca   0x00000000   Code   RO         4904    .ARM.Collect$$libshutdown$$00000009  c_w.l(libshutdown2.o)
    0x010021ca   0x010021ca   0x00000000   Code   RO         4907    .ARM.Collect$$libshutdown$$0000000C  c_w.l(libshutdown2.o)
    0x010021ca   0x010021ca   0x00000000   Code   RO         4909    .ARM.Collect$$libshutdown$$0000000E  c_w.l(libshutdown2.o)
    0x010021ca   0x010021ca   0x00000000   Code   RO         4912    .ARM.Collect$$libshutdown$$00000011  c_w.l(libshutdown2.o)
    0x010021ca   0x010021ca   0x00000002   Code   RO         4913    .ARM.Collect$$libshutdown$$00000012  c_w.l(libshutdown2.o)
    0x010021cc   0x010021cc   0x00000000   Code   RO         4609    .ARM.Collect$$rtentry$$00000000  c_w.l(__rtentry.o)
    0x010021cc   0x010021cc   0x00000000   Code   RO         4730    .ARM.Collect$$rtentry$$00000002  c_w.l(__rtentry2.o)
    0x010021cc   0x010021cc   0x00000004   Code   RO         4744    .ARM.Collect$$rtentry$$00000007  c_w.l(__rtentry7.o)
    0x010021d0   0x010021d0   0x00000000   Code   RO         4732    .ARM.Collect$$rtentry$$00000009  c_w.l(__rtentry2.o)
    0x010021d0   0x010021d0   0x00000004   Code   RO         4733    .ARM.Collect$$rtentry$$0000000A  c_w.l(__rtentry2.o)
    0x010021d4   0x010021d4   0x00000000   Code   RO         4735    .ARM.Collect$$rtentry$$0000000C  c_w.l(__rtentry2.o)
    0x010021d4   0x010021d4   0x00000008   Code   RO         4736    .ARM.Collect$$rtentry$$0000000D  c_w.l(__rtentry2.o)
    0x010021dc   0x010021dc   0x00000004   Code   RO         4745    .ARM.Collect$$rtentry$$00002718  c_w.l(__rtentry7.o)
    0x010021e0   0x010021e0   0x00000002   Code   RO         4838    .ARM.Collect$$rtexit$$00000000  c_w.l(rtexit.o)
    0x010021e2   0x010021e2   0x00000000   Code   RO         4865    .ARM.Collect$$rtexit$$00000002  c_w.l(rtexit2.o)
    0x010021e2   0x010021e2   0x00000004   Code   RO         4866    .ARM.Collect$$rtexit$$00000003  c_w.l(rtexit2.o)
    0x010021e6   0x010021e6   0x00000006   Code   RO         4867    .ARM.Collect$$rtexit$$00000004  c_w.l(rtexit2.o)
    0x010021ec   0x010021ec   0x00000010   Code   RO         4551    .text               c_w.l(aeabi_memset.o)
    0x010021fc   0x010021fc   0x00000002   Code   RO           15    i.BusFault_Handler  gr_interrupt.o
    0x010021fe   0x010021fe   0x00000002   Code   RO           16    i.MemManage_Handler  gr_interrupt.o
    0x01002200   0x01002200   0x00000040   Data   RO          399    .ARM.__AT_0x01002200  gr_platform.o
    0x01002240   0x01002240   0x00000024   Code   RO            4    .text               startup.o
    0x01002264   0x01002264   0x00000034   Code   RO         4469    .text               c_w.l(vsnprintf.o)
    0x01002298   0x01002298   0x00000018   Code   RO         4471    .text               c_w.l(__2printf.o)
    0x010022b0   0x010022b0   0x0000002c   Code   RO         4473    .text               c_w.l(__2sprintf.o)
    0x010022dc   0x010022dc   0x00000038   Code   RO         4475    .text               c_w.l(__2snprintf.o)
    0x01002314   0x01002314   0x0000004e   Code   RO         4485    .text               c_w.l(_printf_pad.o)
    0x01002362   0x01002362   0x00000052   Code   RO         4487    .text               c_w.l(_printf_str.o)
    0x010023b4   0x010023b4   0x00000078   Code   RO         4489    .text               c_w.l(_printf_dec.o)
    0x0100242c   0x0100242c   0x00000094   Code   RO         4509    .text               c_w.l(_printf_hex_int_ll_ptr.o)
    0x010024c0   0x010024c0   0x00000188   Code   RO         4529    .text               c_w.l(__printf_flags_ss_wp.o)
    0x01002648   0x01002648   0x00000058   Code   RO         4541    .text               c_w.l(memcmp.o)
    0x010026a0   0x010026a0   0x0000003e   Code   RO         4545    .text               c_w.l(strlen.o)
    0x010026de   0x010026de   0x0000008a   Code   RO         4547    .text               c_w.l(rt_memcpy_v6.o)
    0x01002768   0x01002768   0x00000064   Code   RO         4549    .text               c_w.l(rt_memcpy_w.o)
    0x010027cc   0x010027cc   0x00000044   Code   RO         4553    .text               c_w.l(rt_memclr.o)
    0x01002810   0x01002810   0x0000004e   Code   RO         4555    .text               c_w.l(rt_memclr_w.o)
    0x0100285e   0x0100285e   0x00000002   PAD
    0x01002860   0x01002860   0x00000024   Code   RO         4562    .text               c_w.l(init_aeabi.o)
    0x01002884   0x01002884   0x00000024   Code   RO         4614    .text               c_w.l(_printf_truncate.o)
    0x010028a8   0x010028a8   0x000000b2   Code   RO         4616    .text               c_w.l(_printf_intcommon.o)
    0x0100295a   0x0100295a   0x00000028   Code   RO         4618    .text               c_w.l(_printf_charcount.o)
    0x01002982   0x01002982   0x00000002   PAD
    0x01002984   0x01002984   0x00000030   Code   RO         4620    .text               c_w.l(_printf_char_common.o)
    0x010029b4   0x010029b4   0x0000000a   Code   RO         4622    .text               c_w.l(_sputc.o)
    0x010029be   0x010029be   0x00000010   Code   RO         4624    .text               c_w.l(_snputc.o)
    0x010029ce   0x010029ce   0x0000002c   Code   RO         4626    .text               c_w.l(_printf_char.o)
    0x010029fa   0x010029fa   0x00000002   PAD
    0x010029fc   0x010029fc   0x00000024   Code   RO         4628    .text               c_w.l(_printf_char_file.o)
    0x01002a20   0x01002a20   0x000000bc   Code   RO         4630    .text               c_w.l(_printf_wctomb.o)
    0x01002adc   0x01002adc   0x0000007c   Code   RO         4633    .text               c_w.l(_printf_longlong_dec.o)
    0x01002b58   0x01002b58   0x00000070   Code   RO         4639    .text               c_w.l(_printf_oct_int_ll.o)
    0x01002bc8   0x01002bc8   0x0000008a   Code   RO         4751    .text               c_w.l(lludiv10.o)
    0x01002c52   0x01002c52   0x0000041e   Code   RO         4753    .text               c_w.l(_printf_fp_dec.o)
    0x01003070   0x01003070   0x000002fc   Code   RO         4755    .text               c_w.l(_printf_fp_hex.o)
    0x0100336c   0x0100336c   0x0000002c   Code   RO         4760    .text               c_w.l(_printf_wchar.o)
    0x01003398   0x01003398   0x00000008   Code   RO         4762    .text               c_w.l(ferror.o)
    0x010033a0   0x010033a0   0x00000040   Code   RO         4766    .text               c_w.l(_wcrtomb.o)
    0x010033e0   0x010033e0   0x00000010   Code   RO         4776    .text               c_w.l(rt_ctype_table.o)
    0x010033f0   0x010033f0   0x00000008   Code   RO         4781    .text               c_w.l(rt_locale_intlibspace.o)
    0x010033f8   0x010033f8   0x00000080   Code   RO         4783    .text               c_w.l(_printf_fp_infnan.o)
    0x01003478   0x01003478   0x000000e4   Code   RO         4785    .text               c_w.l(bigflt0.o)
    0x0100355c   0x0100355c   0x00000012   Code   RO         4813    .text               c_w.l(exit.o)
    0x0100356e   0x0100356e   0x00000002   PAD
    0x01003570   0x01003570   0x00000080   Code   RO         4855    .text               c_w.l(strcmpv7m.o)
    0x010035f0   0x010035f0   0x0000003e   Code   RO         4788    CL$$btod_d2e        c_w.l(btod.o)
    0x0100362e   0x0100362e   0x00000046   Code   RO         4790    CL$$btod_d2e_denorm_low  c_w.l(btod.o)
    0x01003674   0x01003674   0x00000060   Code   RO         4789    CL$$btod_d2e_norm_op1  c_w.l(btod.o)
    0x010036d4   0x010036d4   0x00000338   Code   RO         4798    CL$$btod_div_common  c_w.l(btod.o)
    0x01003a0c   0x01003a0c   0x000000dc   Code   RO         4795    CL$$btod_e2e        c_w.l(btod.o)
    0x01003ae8   0x01003ae8   0x0000002a   Code   RO         4792    CL$$btod_ediv       c_w.l(btod.o)
    0x01003b12   0x01003b12   0x0000002a   Code   RO         4791    CL$$btod_emul       c_w.l(btod.o)
    0x01003b3c   0x01003b3c   0x00000244   Code   RO         4797    CL$$btod_mult_common  c_w.l(btod.o)
    0x01003d80   0x01003d80   0x000000e8   Code   RO         3573    i.BLESLP_Handler_without_stack_init  ble_sdk.lib(rwip_sleep_common.o)
    0x01003e68   0x01003e68   0x00000030   Code   RO         3574    i.BLE_IRQ_Handler_without_stack_init  ble_sdk.lib(rwip_sleep_common.o)
    0x01003e98   0x01003e98   0x00000018   Code   RO         3575    i.BLE_SDK_IRQ_Handler_without_stack_init  ble_sdk.lib(rwip_sleep_common.o)
    0x01003eb0   0x01003eb0   0x00000004   Code   RO         1040    i.SLPTIMER_IRQHandler  app_timer.o
    0x01003eb4   0x01003eb4   0x00000010   Code   RO          438    i.SystemCoreGetClock  gr_soc.o
    0x01003ec4   0x01003ec4   0x00000064   Code   RO          439    i.SystemCoreSetClock  gr_soc.o
    0x01003f28   0x01003f28   0x00000010   Code   RO          373    i.SystemInit        gr_system.o
    0x01003f38   0x01003f38   0x00000010   Code   RO         1452    i.UART0_IRQHandler  app_uart.o
    0x01003f48   0x01003f48   0x00000010   Code   RO         1453    i.UART1_IRQHandler  app_uart.o
    0x01003f58   0x01003f58   0x00000002   Code   RO           17    i.UsageFault_Handler  gr_interrupt.o
    0x01003f5a   0x01003f5a   0x00000030   Code   RO         4831    i.__ARM_fpclassify  m_wm.l(fpclassify.o)
    0x01003f8a   0x01003f8a   0x0000001c   Code   RO         1041    i.__NVIC_GetPriority  app_timer.o
    0x01003fa6   0x01003fa6   0x0000001c   Code   RO         1890    i.__NVIC_GetPriority  app_log.o
    0x01003fc2   0x01003fc2   0x00000002   PAD
    0x01003fc4   0x01003fc4   0x00000010   Code   RO         1042    i.__NVIC_GetPriorityGrouping  app_timer.o
    0x01003fd4   0x01003fd4   0x0000000e   Code   RO         4522    i._is_digit         c_w.l(__printf_wp.o)
    0x01003fe2   0x01003fe2   0x00000002   Code   RO         1892    i._sys_exit         app_log.o
    0x01003fe4   0x01003fe4   0x000001a0   Code   RO         4008    i.adc_conversion    ble_sdk.lib(platform_adc.o)
    0x01004184   0x01004184   0x000000cc   Code   RO         3825    i.add_ltk_item      ble_sdk.lib(ble_bondmgr_patch.o)
    0x01004250   0x01004250   0x0000001c   Code   RO         2619    i.aon_gpio_read_flag_it_patch  ble_sdk.lib(gr55xx_hal_aon_gpio_patch.o)
    0x0100426c   0x0100426c   0x0000004c   Code   RO         2978    i.aon_voltage_set   ble_sdk.lib(platform_sdk.o)
    0x010042b8   0x010042b8   0x00000080   Code   RO         1997    i.app_assert_err_cb  app_assert.o
    0x01004338   0x01004338   0x000000d4   Code   RO         1999    i.app_assert_info_output  app_assert.o
    0x0100440c   0x0100440c   0x0000000c   Code   RO         2000    i.app_assert_init   app_assert.o
    0x01004418   0x01004418   0x00000060   Code   RO         2001    i.app_assert_param_cb  app_assert.o
    0x01004478   0x01004478   0x00000060   Code   RO         2002    i.app_assert_warn_cb  app_assert.o
    0x010044d8   0x010044d8   0x00000050   Code   RO          982    i.app_gpiote_event_handler  app_key.o
    0x01004528   0x01004528   0x00000048   Code   RO         1319    i.app_gpiote_init   app_gpiote.o
    0x01004570   0x01004570   0x00000080   Code   RO         1345    i.app_io_deinit     app_io.o
    0x010045f0   0x010045f0   0x00000128   Code   RO         2229    i.app_io_event_handler  main.o
    0x01004718   0x01004718   0x0000017c   Code   RO         1346    i.app_io_event_register_cb  app_io.o
    0x01004894   0x01004894   0x0000017c   Code   RO         1348    i.app_io_init       app_io.o
    0x01004a10   0x01004a10   0x00000068   Code   RO         1349    i.app_io_read_pin   app_io.o
    0x01004a78   0x01004a78   0x00000068   Code   RO         1353    i.app_io_toggle_pin  app_io.o
    0x01004ae0   0x01004ae0   0x00000080   Code   RO         1354    i.app_io_write_pin  app_io.o
    0x01004b60   0x01004b60   0x00000014   Code   RO          917    i.app_key_core_cb_register  app_key_core.o
    0x01004b74   0x01004b74   0x00000050   Code   RO          918    i.app_key_core_click_event_handler  app_key_core.o
    0x01004bc4   0x01004bc4   0x000000cc   Code   RO          919    i.app_key_core_click_read  app_key_core.o
    0x01004c90   0x01004c90   0x00000028   Code   RO          983    i.app_key_core_evt_handler  app_key.o
    0x01004cb8   0x01004cb8   0x00000020   Code   RO          920    i.app_key_core_is_all_release  app_key_core.o
    0x01004cd8   0x01004cd8   0x00000014   Code   RO          921    i.app_key_core_key_polling_cplt  app_key_core.o
    0x01004cec   0x01004cec   0x0000000c   Code   RO          922    i.app_key_core_key_pressed_record  app_key_core.o
    0x01004cf8   0x01004cf8   0x00000010   Code   RO          923    i.app_key_core_key_wait_polling_record  app_key_core.o
    0x01004d08   0x01004d08   0x00000024   Code   RO          924    i.app_key_core_polling_10ms  app_key_core.o
    0x01004d2c   0x01004d2c   0x00000080   Code   RO          925    i.app_key_core_state_scan  app_key_core.o
    0x01004dac   0x01004dac   0x00000002   Code   RO          624    i.app_key_evt_handler  board_sk.o
    0x01004dae   0x01004dae   0x00000002   PAD
    0x01004db0   0x01004db0   0x00000084   Code   RO          984    i.app_key_init      app_key.o
    0x01004e34   0x01004e34   0x00000058   Code   RO          985    i.app_key_press_state_polling  app_key.o
    0x01004e8c   0x01004e8c   0x0000000e   Code   RO          986    i.app_key_timeout_handler  app_key.o
    0x01004e9a   0x01004e9a   0x00000002   PAD
    0x01004e9c   0x01004e9c   0x0000002c   Code   RO          987    i.app_key_timer_start  app_key.o
    0x01004ec8   0x01004ec8   0x00000018   Code   RO          988    i.app_key_timer_stop  app_key.o
    0x01004ee0   0x01004ee0   0x00000018   Code   RO         1894    i.app_log_data_trans  app_log.o
    0x01004ef8   0x01004ef8   0x00000010   Code   RO         1895    i.app_log_flush     app_log.o
    0x01004f08   0x01004f08   0x00000040   Code   RO         1897    i.app_log_init      app_log.o
    0x01004f48   0x01004f48   0x00000018   Code   RO         1898    i.app_log_is_fmt_set  app_log.o
    0x01004f60   0x01004f60   0x000001b0   Code   RO         1899    i.app_log_output    app_log.o
    0x01005110   0x01005110   0x00000026   Code   RO         1901    i.app_log_strcpy    app_log.o
    0x01005136   0x01005136   0x00000052   Code   RO         1043    i.app_timer_create  app_timer.o
    0x01005188   0x01005188   0x00000026   Code   RO         1044    i.app_timer_delete  app_timer.o
    0x010051ae   0x010051ae   0x0000002e   Code   RO         1046    i.app_timer_node_init  app_timer.o
    0x010051dc   0x010051dc   0x00000078   Code   RO         1047    i.app_timer_running_queue_insert  app_timer.o
    0x01005254   0x01005254   0x00000078   Code   RO         1048    i.app_timer_running_queue_remove  app_timer.o
    0x010052cc   0x010052cc   0x0000006c   Code   RO         1049    i.app_timer_running_queue_trigger_window_execute  app_timer.o
    0x01005338   0x01005338   0x00000098   Code   RO         1050    i.app_timer_running_queue_trigger_window_mark  app_timer.o
    0x010053d0   0x010053d0   0x00000124   Code   RO         1051    i.app_timer_start_api  app_timer.o
    0x010054f4   0x010054f4   0x00000088   Code   RO         1052    i.app_timer_stop_api  app_timer.o
    0x0100557c   0x0100557c   0x00000074   Code   RO         1640    i.app_uart_dma_start_transmit_async  app_uart_dma.o
    0x010055f0   0x010055f0   0x00000002   Code   RO          625    i.app_uart_evt_handler  board_sk.o
    0x010055f2   0x010055f2   0x00000002   PAD
    0x010055f4   0x010055f4   0x0000013c   Code   RO         1459    i.app_uart_flush    app_uart.o
    0x01005730   0x01005730   0x00000114   Code   RO         1461    i.app_uart_init     app_uart.o
    0x01005844   0x01005844   0x00000074   Code   RO         1464    i.app_uart_start_transmit_async  app_uart.o
    0x010058b8   0x010058b8   0x00000040   Code   RO         1466    i.app_uart_transmit_sync  app_uart.o
    0x010058f8   0x010058f8   0x000000f8   Code   RO         3680    i.append_item       ble_sdk.lib(sdk_nvds_patch.o)
    0x010059f0   0x010059f0   0x00000066   Code   RO         2820    i.attm_update_max_len  ble_sdk.lib(ble_sdk_gapm_patch.o)
    0x01005a56   0x01005a56   0x00000002   PAD
    0x01005a58   0x01005a58   0x000000e4   Code   RO         3322    i.atts_l2cc_pdu_recv_handler_patch  ble_sdk.lib(atts_patch.o)
    0x01005b3c   0x01005b3c   0x000000ac   Code   RO         3826    i.ble_bm_set_sec_info_patch  ble_sdk.lib(ble_bondmgr_patch.o)
    0x01005be8   0x01005be8   0x00000004   Code   RO         3619    i.ble_communication_core_init  ble_sdk.lib(rf_gdx_patch.o)
    0x01005bec   0x01005bec   0x00000024   Code   RO         3576    i.ble_core_init_without_stack_init  ble_sdk.lib(rwip_sleep_common.o)
    0x01005c10   0x01005c10   0x00000028   Code   RO         3856    i.ble_event_handle  ble_sdk.lib(ble_event_patch.o)
    0x01005c38   0x01005c38   0x00000018   Code   RO         2933    i.ble_gatt_mtu_exch_allow  ble_sdk.lib(ble_sdk_gatt_task_patch.o)
    0x01005c50   0x01005c50   0x0000001e   Code   RO         3756    i.ble_gattc_indicate_cfm  ble_sdk.lib(ble_sdk_gattc_patch.o)
    0x01005c6e   0x01005c6e   0x00000002   PAD
    0x01005c70   0x01005c70   0x00000030   Code   RO         3857    i.ble_init_cplt_callback  ble_sdk.lib(ble_event_patch.o)
    0x01005ca0   0x01005ca0   0x00000020   Code   RO         3577    i.ble_is_prevent_sleep_without_stack_init  ble_sdk.lib(rwip_sleep_common.o)
    0x01005cc0   0x01005cc0   0x000000c8   Code   RO         4327    i.ble_profile_evt_handle  ble_sdk.lib(ble_profile_patch.o)
    0x01005d88   0x01005d88   0x00000048   Code   RO         2934    i.ble_sdk_gatt_mtu_changed_ind_handler_patch  ble_sdk.lib(ble_sdk_gatt_task_patch.o)
    0x01005dd0   0x01005dd0   0x00000068   Code   RO         2935    i.ble_sdk_gattc_event_ind_handler_patch  ble_sdk.lib(ble_sdk_gatt_task_patch.o)
    0x01005e38   0x01005e38   0x0000000c   Code   RO         4451    i.ble_sdk_gattc_get_record_profile_id  ble_sdk.lib(ble_sdk_prf_cllient_patch.o)
    0x01005e44   0x01005e44   0x00000070   Code   RO         2936    i.ble_sdk_gatts_svc_changed_cfg_ind_handler_patch  ble_sdk.lib(ble_sdk_gatt_task_patch.o)
    0x01005eb4   0x01005eb4   0x0000002c   Code   RO         3859    i.ble_sec_ltk_req_cb  ble_sdk.lib(ble_event_patch.o)
    0x01005ee0   0x01005ee0   0x00000028   Code   RO         4329    i.ble_service_evt_handler_get  ble_sdk.lib(ble_profile_patch.o)
    0x01005f08   0x01005f08   0x00000078   Code   RO         3578    i.ble_sleep_successfully_without_stack_init  ble_sdk.lib(rwip_sleep_common.o)
    0x01005f80   0x01005f80   0x00000058   Code   RO         3579    i.ble_sleep_without_stack_init  ble_sdk.lib(rwip_sleep_common.o)
    0x01005fd8   0x01005fd8   0x00000014   Code   RO         2984    i.ble_wakeup_osc_time_get  ble_sdk.lib(platform_sdk.o)
    0x01005fec   0x01005fec   0x00000014   Code   RO         2985    i.ble_wakeup_osc_time_set  ble_sdk.lib(platform_sdk.o)
    0x01006000   0x01006000   0x00000012   Code   RO          626    i.board_init        board_sk.o
    0x01006012   0x01006012   0x00000002   PAD
    0x01006014   0x01006014   0x00000084   Code   RO          627    i.bsp_key_init      board_sk.o
    0x01006098   0x01006098   0x00000036   Code   RO          629    i.bsp_led_init      board_sk.o
    0x010060ce   0x010060ce   0x00000002   PAD
    0x010060d0   0x010060d0   0x0000003c   Code   RO          631    i.bsp_log_init      board_sk.o
    0x0100610c   0x0100610c   0x00000006   Code   RO          632    i.bsp_uart_flush    board_sk.o
    0x01006112   0x01006112   0x00000002   PAD
    0x01006114   0x01006114   0x00000050   Code   RO          633    i.bsp_uart_init     board_sk.o
    0x01006164   0x01006164   0x0000000e   Code   RO          634    i.bsp_uart_send     board_sk.o
    0x01006172   0x01006172   0x00000002   PAD
    0x01006174   0x01006174   0x00000040   Code   RO         2986    i.clk_period_1V_set  ble_sdk.lib(platform_sdk.o)
    0x010061b4   0x010061b4   0x0000001a   Code   RO         3224    i.cold_patch_apply  ble_sdk.lib(cold_patch.o)
    0x010061ce   0x010061ce   0x00000002   PAD
    0x010061d0   0x010061d0   0x0000023c   Code   RO         3686    i.compact_nvds      ble_sdk.lib(sdk_nvds_patch.o)
    0x0100640c   0x0100640c   0x0000001e   Code   RO         3687    i.cp_hdr_incr       ble_sdk.lib(sdk_nvds_patch.o)
    0x0100642a   0x0100642a   0x00000002   PAD
    0x0100642c   0x0100642c   0x0000001c   Code   RO         2987    i.cpll_calibration  ble_sdk.lib(platform_sdk.o)
    0x01006448   0x01006448   0x0000009c   Code   RO         2988    i.cpll_calibration_init  ble_sdk.lib(platform_sdk.o)
    0x010064e4   0x010064e4   0x000000d0   Code   RO         2989    i.cpll_lock_check_recover  ble_sdk.lib(platform_sdk.o)
    0x010065b4   0x010065b4   0x000001bc   Code   RO         2990    i.cpll_renew_vco_base  ble_sdk.lib(platform_sdk.o)
    0x01006770   0x01006770   0x00000030   Code   RO         2991    i.current_shape_set  ble_sdk.lib(platform_sdk.o)
    0x010067a0   0x010067a0   0x00000034   Code   RO         3688    i.dec_flash_read    ble_sdk.lib(sdk_nvds_patch.o)
    0x010067d4   0x010067d4   0x00000034   Code   RO         3689    i.dec_flash_write   ble_sdk.lib(sdk_nvds_patch.o)
    0x01006808   0x01006808   0x00000010   Code   RO         4260    i.dfu_cmd_handler_replace  ble_sdk.lib(dfu_cmd_handler_patch.o)
    0x01006818   0x01006818   0x00000048   Code   RO          448    i.exflash_io_pull_config  gr_soc.o
    0x01006860   0x01006860   0x00000094   Code   RO         3690    i.find_item         ble_sdk.lib(sdk_nvds_patch.o)
    0x010068f4   0x010068f4   0x00000030   Code   RO         2791    i.find_ltk_again    ble_sdk.lib(ble_sdk_sec_patch.o)
    0x01006924   0x01006924   0x0000002c   Code   RO         2520    i.find_new_gapm_hci_evt_handler  ble_sdk.lib(gapm_task_patch.o)
    0x01006950   0x01006950   0x0000002c   Code   RO         2302    i.find_new_hci_cmd_handler  ble_sdk.lib(llm_hci_patch.o)
    0x0100697c   0x0100697c   0x0000002c   Code   RO         2533    i.find_new_msg_handler  ble_sdk.lib(ke_task_patch.o)
    0x010069a8   0x010069a8   0x00000014   Code   RO         3240    i.finish_encryt_check_by_llcp  ble_sdk.lib(llc_encrypt_patch.o)
    0x010069bc   0x010069bc   0x00000034   Code   RO         3990    i.fpb_enable        ble_sdk.lib(platform_patch.o)
    0x010069f0   0x010069f0   0x00000068   Code   RO         2283    i.fpb_patch_enable  ble_sdk.lib(fpb_patch_init.o)
    0x01006a58   0x01006a58   0x0000000e   Code   RO         1902    i.fputc             app_log.o
    0x01006a66   0x01006a66   0x00000002   PAD
    0x01006a68   0x01006a68   0x00000058   Code   RO         3991    i.fun_replace_by_svc  ble_sdk.lib(platform_patch.o)
    0x01006ac0   0x01006ac0   0x00000178   Code   RO         2835    i.gap_activity_stopped_ind_handler_patch  ble_sdk.lib(ble_sdk_gapm_patch.o)
    0x01006c38   0x01006c38   0x00000026   Code   RO         3861    i.gap_adv_data_update_cb  ble_sdk.lib(ble_event_patch.o)
    0x01006c5e   0x01006c5e   0x00000036   Code   RO         3862    i.gap_adv_report_ind_cb  ble_sdk.lib(ble_event_patch.o)
    0x01006c94   0x01006c94   0x0000002c   Code   RO         3863    i.gap_adv_start_cb  ble_sdk.lib(ble_event_patch.o)
    0x01006cc0   0x01006cc0   0x00000034   Code   RO         3864    i.gap_adv_stop_cb   ble_sdk.lib(ble_event_patch.o)
    0x01006cf4   0x01006cf4   0x00000026   Code   RO         3865    i.gap_auto_connection_timeout_cb  ble_sdk.lib(ble_event_patch.o)
    0x01006d1a   0x01006d1a   0x00000002   PAD
    0x01006d1c   0x01006d1c   0x000001c4   Code   RO         2917    i.gap_cmp_evt_handler_patch  ble_sdk.lib(ble_sdk_gapc_patch.o)
    0x01006ee0   0x01006ee0   0x00000026   Code   RO         3866    i.gap_connect_cancel_cb  ble_sdk.lib(ble_event_patch.o)
    0x01006f06   0x01006f06   0x00000038   Code   RO         3867    i.gap_connect_cb    ble_sdk.lib(ble_event_patch.o)
    0x01006f3e   0x01006f3e   0x00000038   Code   RO         3868    i.gap_connection_info_get_cb  ble_sdk.lib(ble_event_patch.o)
    0x01006f76   0x01006f76   0x00000002   PAD
    0x01006f78   0x01006f78   0x000001a8   Code   RO         2918    i.gap_connection_req_ind_handler_patch  ble_sdk.lib(ble_sdk_gapc_patch.o)
    0x01007120   0x01007120   0x00000038   Code   RO         3869    i.gap_connection_update_cb  ble_sdk.lib(ble_event_patch.o)
    0x01007158   0x01007158   0x00000036   Code   RO         3870    i.gap_connection_update_req_cb  ble_sdk.lib(ble_event_patch.o)
    0x0100718e   0x0100718e   0x00000002   PAD
    0x01007190   0x01007190   0x00000080   Code   RO         2836    i.gap_dev_bdaddr_ind_handler_patch  ble_sdk.lib(ble_sdk_gapm_patch.o)
    0x01007210   0x01007210   0x00000032   Code   RO         3871    i.gap_dev_info_get_cb  ble_sdk.lib(ble_event_patch.o)
    0x01007242   0x01007242   0x00000032   Code   RO         3872    i.gap_disconnect_cb  ble_sdk.lib(ble_event_patch.o)
    0x01007274   0x01007274   0x000000ac   Code   RO         2919    i.gap_disconnect_ind_handler_patch  ble_sdk.lib(ble_sdk_gapc_patch.o)
    0x01007320   0x01007320   0x00000036   Code   RO         3873    i.gap_le_pkt_size_info_cb  ble_sdk.lib(ble_event_patch.o)
    0x01007356   0x01007356   0x0000005e   Code   RO         3874    i.gap_param_set_cb  ble_sdk.lib(ble_event_patch.o)
    0x010073b4   0x010073b4   0x0000003c   Code   RO         3875    i.gap_peer_info_get_cb  ble_sdk.lib(ble_event_patch.o)
    0x010073f0   0x010073f0   0x0000003a   Code   RO         3876    i.gap_peer_name_ind_cb  ble_sdk.lib(ble_event_patch.o)
    0x0100742a   0x0100742a   0x00000034   Code   RO         3877    i.gap_phy_update_cb  ble_sdk.lib(ble_event_patch.o)
    0x0100745e   0x0100745e   0x0000003c   Code   RO         3878    i.gap_psm_manager_cb  ble_sdk.lib(ble_event_patch.o)
    0x0100749a   0x0100749a   0x00000038   Code   RO         3879    i.gap_rslv_addr_read_cb  ble_sdk.lib(ble_event_patch.o)
    0x010074d2   0x010074d2   0x00000038   Code   RO         3880    i.gap_scan_req_ind_cb  ble_sdk.lib(ble_event_patch.o)
    0x0100750a   0x0100750a   0x00000026   Code   RO         3881    i.gap_scan_start_cb  ble_sdk.lib(ble_event_patch.o)
    0x01007530   0x01007530   0x0000002e   Code   RO         3882    i.gap_scan_stop_cb  ble_sdk.lib(ble_event_patch.o)
    0x0100755e   0x0100755e   0x0000002c   Code   RO         3883    i.gap_stop_sync_cb  ble_sdk.lib(ble_event_patch.o)
    0x0100758a   0x0100758a   0x00000038   Code   RO         3884    i.gap_sync_establish_cb  ble_sdk.lib(ble_event_patch.o)
    0x010075c2   0x010075c2   0x0000002c   Code   RO         3885    i.gap_sync_lost_cb  ble_sdk.lib(ble_event_patch.o)
    0x010075ee   0x010075ee   0x00000002   PAD
    0x010075f0   0x010075f0   0x00000094   Code   RO         2691    i.gapc_hci_handler_patch  ble_sdk.lib(gapc_hci_patch.o)
    0x01007684   0x01007684   0x000000bc   Code   RO         2512    i.gapm_activity_create_cmd_handler_patch  ble_sdk.lib(gapm_actv_patch.o)
    0x01007740   0x01007740   0x00000024   Code   RO         2575    i.gapm_adv_filter_list_clear  ble_sdk.lib(gapm_scan_patch.o)
    0x01007764   0x01007764   0x00000114   Code   RO         2839    i.gapm_cmp_evt_handler_patch  ble_sdk.lib(ble_sdk_gapm_patch.o)
    0x01007878   0x01007878   0x00000074   Code   RO         2521    i.gapm_hci_handler_patch  ble_sdk.lib(gapm_task_patch.o)
    0x010078ec   0x010078ec   0x00000080   Code   RO         2493    i.gapm_init_create_patch  ble_sdk.lib(gapm_init_patch.o)
    0x0100796c   0x0100796c   0x00000088   Code   RO         2495    i.gapm_init_start_patch  ble_sdk.lib(gapm_init_patch.o)
    0x010079f4   0x010079f4   0x0000002c   Code   RO         2496    i.gapm_init_stop_patch  ble_sdk.lib(gapm_init_patch.o)
    0x01007a20   0x01007a20   0x00000084   Code   RO         2580    i.gapm_scan_send_hci_le_set_ext_scan_en_cmd_patch  ble_sdk.lib(gapm_scan_patch.o)
    0x01007aa4   0x01007aa4   0x00000264   Code   RO         2598    i.gapm_set_dev_config_cmd_handler_patch  ble_sdk.lib(gapm_cfg_patch.o)
    0x01007d08   0x01007d08   0x0000013c   Code   RO         3802    i.gatt_clear_cccd_patch  ble_sdk.lib(ble_sdk_gatts_patch.o)
    0x01007e44   0x01007e44   0x00000020   Code   RO         4332    i.gatt_common_evt_handler  ble_sdk.lib(ble_profile_patch.o)
    0x01007e64   0x01007e64   0x00000064   Code   RO         3803    i.gatt_find_item_patch  ble_sdk.lib(ble_sdk_gatts_patch.o)
    0x01007ec8   0x01007ec8   0x00000032   Code   RO         3886    i.gatt_mtu_exchange_cb  ble_sdk.lib(ble_event_patch.o)
    0x01007efa   0x01007efa   0x00000002   PAD
    0x01007efc   0x01007efc   0x00000100   Code   RO         3804    i.gatt_on_connection_func_patch  ble_sdk.lib(ble_sdk_gatts_patch.o)
    0x01007ffc   0x01007ffc   0x00000038   Code   RO         3887    i.gatt_prf_register_cb  ble_sdk.lib(ble_event_patch.o)
    0x01008034   0x01008034   0x00000058   Code   RO         3807    i.gatt_remove_item_patch  ble_sdk.lib(ble_sdk_gatts_patch.o)
    0x0100808c   0x0100808c   0x00000038   Code   RO         3888    i.gattc_char_desc_disc_cb  ble_sdk.lib(ble_event_patch.o)
    0x010080c4   0x010080c4   0x00000038   Code   RO         3889    i.gattc_char_disc_cb  ble_sdk.lib(ble_event_patch.o)
    0x010080fc   0x010080fc   0x00000020   Code   RO         4333    i.gattc_connect_state_evt  ble_sdk.lib(ble_profile_patch.o)
    0x0100811c   0x0100811c   0x00000020   Code   RO         4334    i.gattc_evt_handle  ble_sdk.lib(ble_profile_patch.o)
    0x0100813c   0x0100813c   0x00000038   Code   RO         3890    i.gattc_inc_srvc_disc_cb  ble_sdk.lib(ble_event_patch.o)
    0x01008174   0x01008174   0x0000003a   Code   RO         3891    i.gattc_ntf_ind_cb  ble_sdk.lib(ble_event_patch.o)
    0x010081ae   0x010081ae   0x00000038   Code   RO         3892    i.gattc_read_cb     ble_sdk.lib(ble_event_patch.o)
    0x010081e6   0x010081e6   0x0000003c   Code   RO         3893    i.gattc_srvc_browse_cb  ble_sdk.lib(ble_event_patch.o)
    0x01008222   0x01008222   0x00000002   PAD
    0x01008224   0x01008224   0x00000044   Code   RO         4335    i.gattc_srvc_browse_evt_handle  ble_sdk.lib(ble_profile_patch.o)
    0x01008268   0x01008268   0x00000038   Code   RO         3894    i.gattc_srvc_disc_cb  ble_sdk.lib(ble_event_patch.o)
    0x010082a0   0x010082a0   0x00000032   Code   RO         3895    i.gattc_write_cb    ble_sdk.lib(ble_event_patch.o)
    0x010082d2   0x010082d2   0x00000002   PAD
    0x010082d4   0x010082d4   0x00000020   Code   RO         4336    i.gatts_connect_state_evt  ble_sdk.lib(ble_profile_patch.o)
    0x010082f4   0x010082f4   0x0000001a   Code   RO         4337    i.gatts_evt_handle  ble_sdk.lib(ble_profile_patch.o)
    0x0100830e   0x0100830e   0x0000000e   Code   RO         3691    i.gen_hdr_checksum  ble_sdk.lib(sdk_nvds_patch.o)
    0x0100831c   0x0100831c   0x0000001e   Code   RO         3692    i.gen_value_checksum  ble_sdk.lib(sdk_nvds_patch.o)
    0x0100833a   0x0100833a   0x00000002   PAD
    0x0100833c   0x0100833c   0x00000030   Code   RO         3409    i.get_conn_idx_by_id  ble_sdk.lib(l2cm_patch.o)
    0x0100836c   0x0100836c   0x00000108   Code   RO         4009    i.get_data_from_adc  ble_sdk.lib(platform_adc.o)
    0x01008474   0x01008474   0x00000028   Code   RO         2482    i.get_id_by_conn_idx  ble_sdk.lib(l2cc_task_patch.o)
    0x0100849c   0x0100849c   0x00000050   Code   RO         4264    i.get_info          ble_sdk.lib(dfu_cmd_handler_patch.o)
    0x010084ec   0x010084ec   0x00000004   Code   RO         3992    i.get_ori_cmd       ble_sdk.lib(platform_patch.o)
    0x010084f0   0x010084f0   0x00000010   Code   RO         1355    i.get_pin_index     app_io.o
    0x01008500   0x01008500   0x00000006   Code   RO         3994    i.get_svc_cmd       ble_sdk.lib(platform_patch.o)
    0x01008506   0x01008506   0x00000002   PAD
    0x01008508   0x01008508   0x00000064   Code   RO         2993    i.get_ton_value_for_1p5uH  ble_sdk.lib(platform_sdk.o)
    0x0100856c   0x0100856c   0x00000080   Code   RO         2994    i.get_ton_value_for_2p2uH  ble_sdk.lib(platform_sdk.o)
    0x010085ec   0x010085ec   0x00000010   Code   RO          449    i.get_wakeup_flag   gr_soc.o
    0x010085fc   0x010085fc   0x000000ac   Code   RO         2230    i.gpio_interrupt_demo  main.o
    0x010086a8   0x010086a8   0x0000021c   Code   RO         2231    i.gpio_output_input_demo  main.o
    0x010088c4   0x010088c4   0x0000000c   Code   RO         2232    i.gpiote_demo       main.o
    0x010088d0   0x010088d0   0x00000020   Code   RO         2995    i.hal_adc_is_using  ble_sdk.lib(platform_sdk.o)
    0x010088f0   0x010088f0   0x00000040   Code   RO         1356    i.hal_aon_gpio_callback  app_io.o
    0x01008930   0x01008930   0x00000016   Code   RO         3166    i.hal_aon_gpio_deinit  ble_sdk.lib(gr55xx_hal_aon_gpio_1.o)
    0x01008946   0x01008946   0x00000002   PAD
    0x01008948   0x01008948   0x0000006c   Code   RO         2620    i.hal_aon_gpio_deinit_ext  ble_sdk.lib(gr55xx_hal_aon_gpio_patch.o)
    0x010089b4   0x010089b4   0x00000024   Code   RO         3167    i.hal_aon_gpio_init  ble_sdk.lib(gr55xx_hal_aon_gpio_1.o)
    0x010089d8   0x010089d8   0x00000028   Code   RO         2621    i.hal_aon_gpio_init_ext  ble_sdk.lib(gr55xx_hal_aon_gpio_patch.o)
    0x01008a00   0x01008a00   0x0000005c   Code   RO         2622    i.hal_aon_gpio_irq_handler  ble_sdk.lib(gr55xx_hal_aon_gpio_patch.o)
    0x01008a5c   0x01008a5c   0x00000028   Code   RO         2623    i.hal_aon_gpio_toggle_pin  ble_sdk.lib(gr55xx_hal_aon_gpio_patch.o)
    0x01008a84   0x01008a84   0x00000034   Code   RO         2624    i.hal_aon_gpio_write_pin  ble_sdk.lib(gr55xx_hal_aon_gpio_patch.o)
    0x01008ab8   0x01008ab8   0x00000040   Code   RO         2606    i.hal_dwt_disable   ble_sdk.lib(gr55xx_hal_patch.o)
    0x01008af8   0x01008af8   0x00000038   Code   RO         2607    i.hal_dwt_enable    ble_sdk.lib(gr55xx_hal_patch.o)
    0x01008b30   0x01008b30   0x0000008c   Code   RO         3520    i.hal_efuse_deinit_ext  ble_sdk.lib(gr55xx_hal_efuse_patch.o)
    0x01008bbc   0x01008bbc   0x000000ac   Code   RO         3521    i.hal_efuse_init_ext  ble_sdk.lib(gr55xx_hal_efuse_patch.o)
    0x01008c68   0x01008c68   0x00000004   Code   RO          450    i.hal_exflash_read  gr_soc.o
    0x01008c6c   0x01008c6c   0x0000001c   Code   RO         2890    i.hal_flash_erase   ble_sdk.lib(hal_flash_patch.o)
    0x01008c88   0x01008c88   0x00000064   Code   RO         2892    i.hal_flash_init    ble_sdk.lib(hal_flash_patch.o)
    0x01008cec   0x01008cec   0x00000020   Code   RO         2893    i.hal_flash_read    ble_sdk.lib(hal_flash_patch.o)
    0x01008d0c   0x01008d0c   0x00000074   Code   RO         2898    i.hal_flash_write_r  ble_sdk.lib(hal_flash_patch.o)
    0x01008d80   0x01008d80   0x00000028   Code   RO         3178    i.hal_gpio_deinit   ble_sdk.lib(gr55xx_hal_gpio_1.o)
    0x01008da8   0x01008da8   0x00000074   Code   RO         1357    i.hal_gpio_exti_callback  app_io.o
    0x01008e1c   0x01008e1c   0x00000028   Code   RO         3180    i.hal_gpio_init     ble_sdk.lib(gr55xx_hal_gpio_1.o)
    0x01008e44   0x01008e44   0x00000020   Code   RO         3151    i.hal_init          ble_sdk.lib(gr55xx_hal_1.o)
    0x01008e64   0x01008e64   0x00000090   Code   RO         2658    i.hal_msio_deinit   ble_sdk.lib(gr55xx_hal_msio_patch.o)
    0x01008ef4   0x01008ef4   0x00000006   Code   RO         2659    i.hal_msio_init     ble_sdk.lib(gr55xx_hal_msio_patch.o)
    0x01008efa   0x01008efa   0x00000006   Code   RO         2660    i.hal_msio_read_pin  ble_sdk.lib(gr55xx_hal_msio_patch.o)
    0x01008f00   0x01008f00   0x00000006   Code   RO         2661    i.hal_msio_toggle_pin  ble_sdk.lib(gr55xx_hal_msio_patch.o)
    0x01008f06   0x01008f06   0x00000008   Code   RO         2662    i.hal_msio_write_pin  ble_sdk.lib(gr55xx_hal_msio_patch.o)
    0x01008f0e   0x01008f0e   0x00000002   Code   RO         3152    i.hal_msp_deinit    ble_sdk.lib(gr55xx_hal_1.o)
    0x01008f10   0x01008f10   0x00000002   Code   RO         3153    i.hal_msp_init      ble_sdk.lib(gr55xx_hal_1.o)
    0x01008f12   0x01008f12   0x00000002   PAD
    0x01008f14   0x01008f14   0x0000001c   Code   RO         4040    i.hal_pwr_config_timer_wakeup  ble_sdk.lib(gr55xx_hal_pwr_1.o)
    0x01008f30   0x01008f30   0x000000a0   Code   RO         1055    i.hal_pwr_sleep_timer_elapsed_callback  app_timer.o
    0x01008fd0   0x01008fd0   0x0000001c   Code   RO         2674    i.hal_sleep_timer_config_and_start  ble_sdk.lib(gr55xx_hal_sleep_timer_patch.o)
    0x01008fec   0x01008fec   0x0000005c   Code   RO         2675    i.hal_sleep_timer_get_clock_freq  ble_sdk.lib(gr55xx_hal_sleep_timer_patch.o)
    0x01009048   0x01009048   0x0000001a   Code   RO         2676    i.hal_sleep_timer_get_current_value  ble_sdk.lib(gr55xx_hal_sleep_timer_patch.o)
    0x01009062   0x01009062   0x00000002   PAD
    0x01009064   0x01009064   0x0000000c   Code   RO         2677    i.hal_sleep_timer_status_get  ble_sdk.lib(gr55xx_hal_sleep_timer_patch.o)
    0x01009070   0x01009070   0x00000018   Code   RO         2678    i.hal_sleep_timer_stop  ble_sdk.lib(gr55xx_hal_sleep_timer_patch.o)
    0x01009088   0x01009088   0x0000002c   Code   RO         1467    i.hal_uart_abort_cplt_callback  app_uart.o
    0x010090b4   0x010090b4   0x0000002c   Code   RO         1468    i.hal_uart_abort_rx_cplt_callback  app_uart.o
    0x010090e0   0x010090e0   0x0000002c   Code   RO         1469    i.hal_uart_abort_tx_cplt_callback  app_uart.o
    0x0100910c   0x0100910c   0x00000024   Code   RO         3194    i.hal_uart_deinit   ble_sdk.lib(gr55xx_hal_uart_1.o)
    0x01009130   0x01009130   0x00000034   Code   RO         1470    i.hal_uart_error_callback  app_uart.o
    0x01009164   0x01009164   0x00000012   Code   RO         2949    i.hal_uart_get_state  ble_sdk.lib(gr55xx_hal_uart_patch.o)
    0x01009176   0x01009176   0x00000002   PAD
    0x01009178   0x01009178   0x00000024   Code   RO         3196    i.hal_uart_init     ble_sdk.lib(gr55xx_hal_uart_1.o)
    0x0100919c   0x0100919c   0x00000002   Code   RO         3197    i.hal_uart_msp_deinit  ble_sdk.lib(gr55xx_hal_uart_1.o)
    0x0100919e   0x0100919e   0x00000002   Code   RO         3198    i.hal_uart_msp_init  ble_sdk.lib(gr55xx_hal_uart_1.o)
    0x010091a0   0x010091a0   0x00000030   Code   RO         1471    i.hal_uart_rx_cplt_callback  app_uart.o
    0x010091d0   0x010091d0   0x00000054   Code   RO         1472    i.hal_uart_tx_cplt_callback  app_uart.o
    0x01009224   0x01009224   0x00000058   Code   RO         2692    i.hci_disc_cmp_evt_handler_patch  ble_sdk.lib(gapc_hci_patch.o)
    0x0100927c   0x0100927c   0x00000050   Code   RO         2305    i.hci_le_add_dev_to_rslv_list_cmd_handler_patch  ble_sdk.lib(llm_hci_patch.o)
    0x010092cc   0x010092cc   0x000000a4   Code   RO         2306    i.hci_le_add_dev_to_wlst_cmd_handler_patch  ble_sdk.lib(llm_hci_patch.o)
    0x01009370   0x01009370   0x00000014   Code   RO         2307    i.hci_le_clear_rslv_list_cmd_handler_patch  ble_sdk.lib(llm_hci_patch.o)
    0x01009384   0x01009384   0x0000005c   Code   RO         2308    i.hci_le_clear_wlst_cmd_handler_patch  ble_sdk.lib(llm_hci_patch.o)
    0x010093e0   0x010093e0   0x00000042   Code   RO         2497    i.hci_le_cmd_cmp_evt_init_handler_patch  ble_sdk.lib(gapm_init_patch.o)
    0x01009422   0x01009422   0x00000038   Code   RO         2581    i.hci_le_cmd_cmp_evt_scan_handler_patch  ble_sdk.lib(gapm_scan_patch.o)
    0x0100945a   0x0100945a   0x00000002   PAD
    0x0100945c   0x0100945c   0x00000148   Code   RO         2401    i.hci_le_con_upd_cmd_handler_patch  ble_sdk.lib(llc_con_upd_patch.o)
    0x010095a4   0x010095a4   0x00000388   Code   RO         2309    i.hci_le_ext_create_con_cmd_handler_patch  ble_sdk.lib(llm_hci_patch.o)
    0x0100992c   0x0100992c   0x000000b8   Code   RO         2693    i.hci_le_ltk_request_evt_handler_patch  ble_sdk.lib(gapc_hci_patch.o)
    0x010099e4   0x010099e4   0x0000006c   Code   RO         2310    i.hci_le_rmv_dev_from_wlst_cmd_handler_patch  ble_sdk.lib(llm_hci_patch.o)
    0x01009a50   0x01009a50   0x00000050   Code   RO         2311    i.hci_le_set_addr_resol_en_cmd_handler_patch  ble_sdk.lib(llm_hci_patch.o)
    0x01009aa0   0x01009aa0   0x00000224   Code   RO         2358    i.hci_le_set_ext_scan_en_cmd_handler_patch  ble_sdk.lib(llm_scan_patch.o)
    0x01009cc4   0x01009cc4   0x000000ec   Code   RO         2359    i.hci_le_set_ext_scan_param_cmd_handler_patch  ble_sdk.lib(llm_scan_patch.o)
    0x01009db0   0x01009db0   0x00000026   Code   RO         2312    i.hci_le_set_priv_mode_cmd_handler_patch  ble_sdk.lib(llm_hci_patch.o)
    0x01009dd6   0x01009dd6   0x00000002   PAD
    0x01009dd8   0x01009dd8   0x000000b4   Code   RO         2483    i.hci_nb_cmp_pkts_evt_handler_patch  ble_sdk.lib(l2cc_task_patch.o)
    0x01009e8c   0x01009e8c   0x0000012c   Code   RO         3351    i.hci_send_2_controller_patch  ble_sdk.lib(hci_patch.o)
    0x01009fb8   0x01009fb8   0x00000080   Code   RO         2969    i.host_to_sdk_msg_handler_patch  ble_sdk.lib(ble_sdk_task_patch.o)
    0x0100a038   0x0100a038   0x00000054   Code   RO         2996    i.i0nd_ioldo_3v_get  ble_sdk.lib(platform_sdk.o)
    0x0100a08c   0x0100a08c   0x00000038   Code   RO         2498    i.init_hci_le_cmd_cmp_evt_starting_handler_patch  ble_sdk.lib(gapm_init_patch.o)
    0x0100a0c4   0x0100a0c4   0x00000044   Code   RO         2997    i.internal_3p3_ioldo_update  ble_sdk.lib(platform_sdk.o)
    0x0100a108   0x0100a108   0x00000030   Code   RO         3695    i.is_item_same      ble_sdk.lib(sdk_nvds_patch.o)
    0x0100a138   0x0100a138   0x00000060   Code   RO         1056    i.is_need_insert_front  app_timer.o
    0x0100a198   0x0100a198   0x00000018   Code   RO         1057    i.is_timer_node_created  app_timer.o
    0x0100a1b0   0x0100a1b0   0x0000013c   Code   RO         2534    i.ke_task_schedule_patch  ble_sdk.lib(ke_task_patch.o)
    0x0100a2ec   0x0100a2ec   0x00000032   Code   RO         3901    i.l2cap_lecb_add_credits_ind_cb  ble_sdk.lib(ble_event_patch.o)
    0x0100a31e   0x0100a31e   0x0000003a   Code   RO         3902    i.l2cap_lecb_conn_cb  ble_sdk.lib(ble_event_patch.o)
    0x0100a358   0x0100a358   0x00000036   Code   RO         3903    i.l2cap_lecb_conn_req_cb  ble_sdk.lib(ble_event_patch.o)
    0x0100a38e   0x0100a38e   0x00000032   Code   RO         3904    i.l2cap_lecb_credit_add_cmp_cb  ble_sdk.lib(ble_event_patch.o)
    0x0100a3c0   0x0100a3c0   0x00000032   Code   RO         3905    i.l2cap_lecb_disconn_cb  ble_sdk.lib(ble_event_patch.o)
    0x0100a3f2   0x0100a3f2   0x0000003c   Code   RO         3906    i.l2cap_lecb_sdu_recv_cb  ble_sdk.lib(ble_event_patch.o)
    0x0100a42e   0x0100a42e   0x00000032   Code   RO         3907    i.l2cap_lecb_sdu_send_cb  ble_sdk.lib(ble_event_patch.o)
    0x0100a460   0x0100a460   0x000000c8   Code   RO         2427    i.l2cc_pdu_recv_ind_handler_patch  ble_sdk.lib(gattc_task_patch.o)
    0x0100a528   0x0100a528   0x000000a4   Code   RO         3410    i.l2cm_l2cap_tx_handler_patch  ble_sdk.lib(l2cm_patch.o)
    0x0100a5cc   0x0100a5cc   0x0000000c   Code   RO         3411    i.l2cm_l2cap_tx_handler_replace  ble_sdk.lib(l2cm_patch.o)
    0x0100a5d8   0x0100a5d8   0x000000e0   Code   RO         2998    i.ldo_voltage_set   ble_sdk.lib(platform_sdk.o)
    0x0100a6b8   0x0100a6b8   0x00000020   Code   RO         4010    i.ll_adc_disable_clock  ble_sdk.lib(platform_adc.o)
    0x0100a6d8   0x0100a6d8   0x00000104   Code   RO         3531    i.ll_aon_gpio_init  ble_sdk.lib(gr55xx_ll_aon_gpio_patch.o)
    0x0100a7dc   0x0100a7dc   0x00000014   Code   RO         2999    i.ll_aon_gpio_is_enabled_it  ble_sdk.lib(platform_sdk.o)
    0x0100a7f0   0x0100a7f0   0x00000028   Code   RO         2625    i.ll_aon_gpio_reset_output_pin  ble_sdk.lib(gr55xx_hal_aon_gpio_patch.o)
    0x0100a818   0x0100a818   0x00000028   Code   RO         3532    i.ll_aon_gpio_set_pin_mode  ble_sdk.lib(gr55xx_ll_aon_gpio_patch.o)
    0x0100a840   0x0100a840   0x0000001c   Code   RO         2711    i.ll_aon_wdt_get_counter  ble_sdk.lib(system_sdk_patch.o)
    0x0100a85c   0x0100a85c   0x0000001c   Code   RO         2712    i.ll_calendar_clear_flag_alarm  ble_sdk.lib(system_sdk_patch.o)
    0x0100a878   0x0100a878   0x00000024   Code   RO         2713    i.ll_calendar_get_counter  ble_sdk.lib(system_sdk_patch.o)
    0x0100a89c   0x0100a89c   0x00000014   Code   RO         2714    i.ll_calendar_set_clock_div  ble_sdk.lib(system_sdk_patch.o)
    0x0100a8b0   0x0100a8b0   0x00000044   Code   RO          451    i.ll_gpio_set_pin_pull  gr_soc.o
    0x0100a8f4   0x0100a8f4   0x00000114   Code   RO         3561    i.ll_msio_init      ble_sdk.lib(gr55xx_ll_msio_patch.o)
    0x0100aa08   0x0100aa08   0x00000030   Code   RO         3562    i.ll_msio_set_pin_mode  ble_sdk.lib(gr55xx_ll_msio_patch.o)
    0x0100aa38   0x0100aa38   0x0000003c   Code   RO         2472    i.llc_auth_payl_nearly_to_handler_patch  ble_sdk.lib(llc_le_ping_patch.o)
    0x0100aa74   0x0100aa74   0x0000003c   Code   RO         2473    i.llc_auth_payl_real_to_handler_patch  ble_sdk.lib(llc_le_ping_patch.o)
    0x0100aab0   0x0100aab0   0x0000004c   Code   RO         2390    i.llc_hci_command_handler_patch  ble_sdk.lib(llc_hci_patch.o)
    0x0100aafc   0x0100aafc   0x00000014   Code   RO         2391    i.llc_hci_new_handler_find  ble_sdk.lib(llc_hci_patch.o)
    0x0100ab10   0x0100ab10   0x00000048   Code   RO         2436    i.llc_llcp_rsp_to   ble_sdk.lib(llc_task_patch.o)
    0x0100ab58   0x0100ab58   0x0000000c   Code   RO         2437    i.llc_loc_llcp_rsp_to_handler_patch  ble_sdk.lib(llc_task_patch.o)
    0x0100ab64   0x0100ab64   0x00000018   Code   RO         2547    i.llc_op_dl_upd_ind_handler_patch  ble_sdk.lib(llc_dl_upd_patch.o)
    0x0100ab7c   0x0100ab7c   0x000000b0   Code   RO         3243    i.llc_rem_encrypt_proc_finish  ble_sdk.lib(llc_encrypt_patch.o)
    0x0100ac2c   0x0100ac2c   0x0000000c   Code   RO         2438    i.llc_rem_llcp_rsp_to_handler_patch  ble_sdk.lib(llc_task_patch.o)
    0x0100ac38   0x0100ac38   0x00000032   Code   RO         2439    i.lld_acl_rx_ind_handler_patch  ble_sdk.lib(llc_task_patch.o)
    0x0100ac6a   0x0100ac6a   0x00000002   PAD
    0x0100ac6c   0x0100ac6c   0x00000050   Code   RO         2463    i.lld_ch_map_upd_cfm_handler_patch  ble_sdk.lib(llc_chmap_upd_patch.o)
    0x0100acbc   0x0100acbc   0x00000014   Code   RO         3361    i.lld_con_ci_get    ble_sdk.lib(lld_con_patch.o)
    0x0100acd0   0x0100acd0   0x00000018   Code   RO         3363    i.lld_con_env_is_free  ble_sdk.lib(lld_con_patch.o)
    0x0100ace8   0x0100ace8   0x00000050   Code   RO         2408    i.lld_con_offset_upd_ind_handler_patch  ble_sdk.lib(llc_con_upd_patch.o)
    0x0100ad38   0x0100ad38   0x0000002a   Code   RO         2409    i.lld_con_param_upd_cfm_handler_patch  ble_sdk.lib(llc_con_upd_patch.o)
    0x0100ad62   0x0100ad62   0x00000002   PAD
    0x0100ad64   0x0100ad64   0x00000028   Code   RO         3371    i.lld_con_ultra_link_update  ble_sdk.lib(lld_con_patch.o)
    0x0100ad8c   0x0100ad8c   0x00000030   Code   RO         2557    i.lld_init_end_ind_handler_patch  ble_sdk.lib(llm_init_patch.o)
    0x0100adbc   0x0100adbc   0x0000000c   Code   RO         3423    i.lld_lcp_get_noise_scan_flag  ble_sdk.lib(lld_lcp_scan.o)
    0x0100adc8   0x0100adc8   0x000000e4   Code   RO         2373    i.lld_llcp_rx_ind_handler_patch  ble_sdk.lib(llc_llcp_patch.o)
    0x0100aeac   0x0100aeac   0x0000002a   Code   RO         2374    i.lld_llcp_tx_cfm_handler_patch  ble_sdk.lib(llc_llcp_patch.o)
    0x0100aed6   0x0100aed6   0x00000002   PAD
    0x0100aed8   0x0100aed8   0x00000050   Code   RO         2452    i.lld_phy_upd_cfm_handler_patch  ble_sdk.lib(llc_phy_upd_patch.o)
    0x0100af28   0x0100af28   0x0000000c   Code   RO         2558    i.llm_ch_map_to_handler_patch  ble_sdk.lib(llm_init_patch.o)
    0x0100af34   0x0100af34   0x000001f0   Code   RO         2559    i.llm_ch_map_update_patch  ble_sdk.lib(llm_init_patch.o)
    0x0100b124   0x0100b124   0x00000040   Code   RO         2316    i.llm_hci_command_handler_patch  ble_sdk.lib(llm_hci_patch.o)
    0x0100b164   0x0100b164   0x00000054   Code   RO         2317    i.llm_is_wl_accessible_patch  ble_sdk.lib(llm_hci_patch.o)
    0x0100b1b8   0x0100b1b8   0x0000006c   Code   RO         1058    i.low_level_timer_rest_get  app_timer.o
    0x0100b224   0x0100b224   0x000000cc   Code   RO         1059    i.low_level_timer_startup  app_timer.o
    0x0100b2f0   0x0100b2f0   0x0000006c   Code   RO         1060    i.low_level_timer_stop  app_timer.o
    0x0100b35c   0x0100b35c   0x00000370   Code   RO         2233    i.main              main.o
    0x0100b6cc   0x0100b6cc   0x00000016   Code   RO          397    i.main_init         gr_platform.o
    0x0100b6e2   0x0100b6e2   0x00000016   Code   RO         3133    i.mem_pwr_mgmt_init  ble_sdk.lib(platform_sram.o)
    0x0100b6f8   0x0100b6f8   0x00000138   Code   RO         3699    i.nvds_put          ble_sdk.lib(sdk_nvds_patch.o)
    0x0100b830   0x0100b830   0x0000004c   Code   RO          452    i.nvds_setup        gr_soc.o
    0x0100b87c   0x0100b87c   0x00000050   Code   RO         3078    i.platform_clock_init  ble_sdk.lib(platform_clock.o)
    0x0100b8cc   0x0100b8cc   0x00000014   Code   RO         3080    i.platform_disable_sleep_timer  ble_sdk.lib(platform_clock.o)
    0x0100b8e0   0x0100b8e0   0x00000020   Code   RO         3119    i.platform_flash_enable_quad  ble_sdk.lib(platform_exflash.o)
    0x0100b900   0x0100b900   0x0000000c   Code   RO         3120    i.platform_flash_protection  ble_sdk.lib(platform_exflash.o)
    0x0100b90c   0x0100b90c   0x0000014c   Code   RO          453    i.platform_init     gr_soc.o
    0x0100ba58   0x0100ba58   0x0000001c   Code   RO         3000    i.platform_init_pop  ble_sdk.lib(platform_sdk.o)
    0x0100ba74   0x0100ba74   0x00000048   Code   RO         3001    i.platform_init_push  ble_sdk.lib(platform_sdk.o)
    0x0100babc   0x0100babc   0x000000b4   Code   RO         3002    i.platform_param_adjust  ble_sdk.lib(platform_sdk.o)
    0x0100bb70   0x0100bb70   0x0000009c   Code   RO         3003    i.platform_sdk_init  ble_sdk.lib(platform_sdk.o)
    0x0100bc0c   0x0100bc0c   0x000000bc   Code   RO         3085    i.platform_set_ble_rtc_clk  ble_sdk.lib(platform_clock.o)
    0x0100bcc8   0x0100bcc8   0x00000050   Code   RO         3086    i.platform_set_psc_clk  ble_sdk.lib(platform_clock.o)
    0x0100bd18   0x0100bd18   0x00000010   Code   RO         3087    i.platform_set_rtc_crystal_delay  ble_sdk.lib(platform_clock.o)
    0x0100bd28   0x0100bd28   0x00000110   Code   RO         3004    i.pmu_calibration_handler  ble_sdk.lib(platform_sdk.o)
    0x0100be38   0x0100be38   0x00000048   Code   RO         1276    i.pwr_enter_sleep_check  app_pwr_mgmt.o
    0x0100be80   0x0100be80   0x00000010   Code   RO         3667    i.pwr_mgmt_shutdown_replace  ble_sdk.lib(sdk_pwr_mgmt_patch.o)
    0x0100be90   0x0100be90   0x0000001c   Code   RO         3005    i.pwr_mgmt_warm_boot  ble_sdk.lib(platform_sdk.o)
    0x0100beac   0x0100beac   0x0000007c   Code   RO         1277    i.pwr_register_sleep_cb  app_pwr_mgmt.o
    0x0100bf28   0x0100bf28   0x00000080   Code   RO         4011    i.read_adc_value    ble_sdk.lib(platform_adc.o)
    0x0100bfa8   0x0100bfa8   0x0000002c   Code   RO         3701    i.read_incr         ble_sdk.lib(sdk_nvds_patch.o)
    0x0100bfd4   0x0100bfd4   0x000000dc   Code   RO         3702    i.replace_item      ble_sdk.lib(sdk_nvds_patch.o)
    0x0100c0b0   0x0100c0b0   0x00000048   Code   RO         3006    i.retention_mem_set  ble_sdk.lib(platform_sdk.o)
    0x0100c0f8   0x0100c0f8   0x00000016   Code   RO         3007    i.rf_calibration_set  ble_sdk.lib(platform_sdk.o)
    0x0100c10e   0x0100c10e   0x00000002   PAD
    0x0100c110   0x0100c110   0x000000f8   Code   RO         3626    i.rf_communication_core_init_patch  ble_sdk.lib(rf_gdx_patch.o)
    0x0100c208   0x0100c208   0x00000070   Code   RO         3088    i.rf_xo_offset_init  ble_sdk.lib(platform_clock.o)
    0x0100c278   0x0100c278   0x0000002a   Code   RO         1821    i.ring_buffer_init  ring_buffer.o
    0x0100c2a2   0x0100c2a2   0x0000002a   Code   RO         1823    i.ring_buffer_items_count_get  ring_buffer.o
    0x0100c2cc   0x0100c2cc   0x00000088   Code   RO         1825    i.ring_buffer_read  ring_buffer.o
    0x0100c354   0x0100c354   0x00000100   Code   RO         2715    i.rng_calibration   ble_sdk.lib(system_sdk_patch.o)
    0x0100c454   0x0100c454   0x00000010   Code   RO         3580    i.rom_callback_replace  ble_sdk.lib(rwip_sleep_common.o)
    0x0100c464   0x0100c464   0x0000003c   Code   RO         3581    i.rwip_sleep_without_stack_init_replace  ble_sdk.lib(rwip_sleep_common.o)
    0x0100c4a0   0x0100c4a0   0x00000040   Code   RO         2582    i.scan_hci_le_cmd_cmp_evt_starting_handler_patch  ble_sdk.lib(gapm_scan_patch.o)
    0x0100c4e0   0x0100c4e0   0x00000020   Code   RO         3771    i.sdk_gatt_check_conidx  ble_sdk.lib(ble_sdk_gattc_patch.o)
    0x0100c500   0x0100c500   0x00000064   Code   RO         2871    i.sdk_init          ble_sdk.lib(sdk_ram_init_patch.o)
    0x0100c564   0x0100c564   0x0000004c   Code   RO         2793    i.sec_bond_info_miss_check  ble_sdk.lib(ble_sdk_sec_patch.o)
    0x0100c5b0   0x0100c5b0   0x00000088   Code   RO         2794    i.sec_check_conn_bond_patch  ble_sdk.lib(ble_sdk_sec_patch.o)
    0x0100c638   0x0100c638   0x0000003c   Code   RO         3908    i.sec_rcv_enc_ind_cb  ble_sdk.lib(ble_event_patch.o)
    0x0100c674   0x0100c674   0x0000003a   Code   RO         3909    i.sec_rcv_enc_req_cb  ble_sdk.lib(ble_event_patch.o)
    0x0100c6ae   0x0100c6ae   0x00000002   PAD
    0x0100c6b0   0x0100c6b0   0x00000234   Code   RO         2798    i.sec_rcv_encrypt_req_ind_handler_patch  ble_sdk.lib(ble_sdk_sec_patch.o)
    0x0100c8e4   0x0100c8e4   0x00000032   Code   RO         3910    i.sec_rcv_key_missing_cb  ble_sdk.lib(ble_event_patch.o)
    0x0100c916   0x0100c916   0x00000032   Code   RO         3911    i.sec_rcv_keypress_notify_cb  ble_sdk.lib(ble_event_patch.o)
    0x0100c948   0x0100c948   0x000000ec   Code   RO         2799    i.sec_rcv_sec_req_ind_handler_patch  ble_sdk.lib(ble_sdk_sec_patch.o)
    0x0100ca34   0x0100ca34   0x00000020   Code   RO         1061    i.sleep_timer_handler_register  app_timer.o
    0x0100ca54   0x0100ca54   0x00000034   Code   RO          455    i.soc_init          gr_soc.o
    0x0100ca88   0x0100ca88   0x00000010   Code   RO          456    i.soc_register_nvic  gr_soc.o
    0x0100ca98   0x0100ca98   0x000000e0   Code   RO         2717    i.sys_adc_trim_get  ble_sdk.lib(system_sdk_patch.o)
    0x0100cb78   0x0100cb78   0x00000024   Code   RO         2722    i.sys_device_package_get  ble_sdk.lib(system_sdk_patch.o)
    0x0100cb9c   0x0100cb9c   0x00000024   Code   RO         2723    i.sys_device_sram_get  ble_sdk.lib(system_sdk_patch.o)
    0x0100cbc0   0x0100cbc0   0x000000dc   Code   RO         2725    i.sys_efuse_info_sync  ble_sdk.lib(system_sdk_patch.o)
    0x0100cc9c   0x0100cc9c   0x00000074   Code   RO         2729    i.sys_get_efuse_io_ldo  ble_sdk.lib(system_sdk_patch.o)
    0x0100cd10   0x0100cd10   0x00000040   Code   RO         3008    i.sys_is_use_ext_flash  ble_sdk.lib(platform_sdk.o)
    0x0100cd50   0x0100cd50   0x00000028   Code   RO         3009    i.sys_is_use_internal_3p3_ioldo  ble_sdk.lib(platform_sdk.o)
    0x0100cd78   0x0100cd78   0x00000084   Code   RO         2734    i.sys_pmu_trim_get  ble_sdk.lib(system_sdk_patch.o)
    0x0100cdfc   0x0100cdfc   0x00000038   Code   RO         3090    i.system_clk_mgmt_init  ble_sdk.lib(platform_clock.o)
    0x0100ce34   0x0100ce34   0x00000004   Code   RO         3225    i.system_conf_correction  ble_sdk.lib(cold_patch.o)
    0x0100ce38   0x0100ce38   0x000000ec   Code   RO         3012    i.system_low_power_set  ble_sdk.lib(platform_sdk.o)
    0x0100cf24   0x0100cf24   0x00000012   Code   RO          398    i.system_platform_init  gr_platform.o
    0x0100cf36   0x0100cf36   0x0000000a   Code   RO         3014    i.system_pmu_deinit  ble_sdk.lib(platform_sdk.o)
    0x0100cf40   0x0100cf40   0x000000e0   Code   RO         3015    i.system_pmu_init   ble_sdk.lib(platform_sdk.o)
    0x0100d020   0x0100d020   0x000000b0   Code   RO         3016    i.system_priority_init  ble_sdk.lib(platform_sdk.o)
    0x0100d0d0   0x0100d0d0   0x0000001c   Code   RO         3703    i.tags_cache_clean  ble_sdk.lib(sdk_nvds_patch.o)
    0x0100d0ec   0x0100d0ec   0x00000038   Code   RO         3704    i.tags_cache_rec_add  ble_sdk.lib(sdk_nvds_patch.o)
    0x0100d124   0x0100d124   0x00000140   Code   RO         3705    i.tags_cache_rec_del  ble_sdk.lib(sdk_nvds_patch.o)
    0x0100d264   0x0100d264   0x00000088   Code   RO         3706    i.tags_cache_rec_find  ble_sdk.lib(sdk_nvds_patch.o)
    0x0100d2ec   0x0100d2ec   0x00000024   Code   RO         3017    i.temperature_calibrations  ble_sdk.lib(platform_sdk.o)
    0x0100d310   0x0100d310   0x00000018   Code   RO         3018    i.tiny_rw_section_init  ble_sdk.lib(platform_sdk.o)
    0x0100d328   0x0100d328   0x0000003c   Code   RO         3019    i.ton_value_set     ble_sdk.lib(platform_sdk.o)
    0x0100d364   0x0100d364   0x00000024   Code   RO         1473    i.uart_get_id       app_uart.o
    0x0100d388   0x0100d388   0x000000a4   Code   RO         1474    i.uart_gpio_config  app_uart.o
    0x0100d42c   0x0100d42c   0x0000004c   Code   RO         1475    i.uart_prepare_for_sleep  app_uart.o
    0x0100d478   0x0100d478   0x00000034   Code   RO         3020    i.update_io_ldo_to_prevent_leakage  ble_sdk.lib(platform_sdk.o)
    0x0100d4ac   0x0100d4ac   0x00000010   Code   RO         3091    i.update_lp_clk     ble_sdk.lib(platform_clock.o)
    0x0100d4bc   0x0100d4bc   0x00000012   Code   RO         3021    i.vbatt_calibrations  ble_sdk.lib(platform_sdk.o)
    0x0100d4ce   0x0100d4ce   0x00000002   PAD
    0x0100d4d0   0x0100d4d0   0x00000020   Code   RO          457    i.vector_table_init  gr_soc.o
    0x0100d4f0   0x0100d4f0   0x00000016   Code   RO         3707    i.verify_hdr_checksum  ble_sdk.lib(sdk_nvds_patch.o)
    0x0100d506   0x0100d506   0x00000002   PAD
    0x0100d508   0x0100d508   0x00000020   Code   RO         4366    i.warm_boot_cfg_patch  ble_sdk.lib(boot_patch.o)
    0x0100d528   0x0100d528   0x0000000e   Code   RO          458    i.warm_boot_process  gr_soc.o
    0x0100d536   0x0100d536   0x00000002   PAD
    0x0100d538   0x0100d538   0x0000000c   Code   RO         2878    i.warm_boot_set_exflash_readid_delay  ble_sdk.lib(warm_boot_patch.o)
    0x0100d544   0x0100d544   0x00000190   Code   RO         3709    i.write_compacted_items  ble_sdk.lib(sdk_nvds_patch.o)
    0x0100d6d4   0x0100d6d4   0x00000044   Code   RO         3710    i.write_incr        ble_sdk.lib(sdk_nvds_patch.o)
    0x0100d718   0x0100d718   0x00000170   Code   RO         3711    i.write_item        ble_sdk.lib(sdk_nvds_patch.o)
    0x0100d888   0x0100d888   0x0000002c   Code   RO         4811    locale$$code        c_w.l(lc_numeric_c.o)
    0x0100d8b4   0x0100d8b4   0x0000002c   Code   RO         4845    locale$$code        c_w.l(lc_ctype_c.o)
    0x0100d8e0   0x0100d8e0   0x00000018   Code   RO         4565    x$fpl$basic         fz_wm.l(basic.o)
    0x0100d8f8   0x0100d8f8   0x00000150   Code   RO         4569    x$fpl$dadd          fz_wm.l(daddsub_clz.o)
    0x0100da48   0x0100da48   0x000002b0   Code   RO         4576    x$fpl$ddiv          fz_wm.l(ddiv.o)
    0x0100dcf8   0x0100dcf8   0x0000005e   Code   RO         4579    x$fpl$dfix          fz_wm.l(dfix.o)
    0x0100dd56   0x0100dd56   0x00000002   PAD
    0x0100dd58   0x0100dd58   0x0000005a   Code   RO         4583    x$fpl$dfixu         fz_wm.l(dfixu.o)
    0x0100ddb2   0x0100ddb2   0x00000026   Code   RO         4587    x$fpl$dfltu         fz_wm.l(dflt_clz.o)
    0x0100ddd8   0x0100ddd8   0x0000008a   Code   RO         4594    x$fpl$dfltull       fz_wm.l(dfltll_clz.o)
    0x0100de62   0x0100de62   0x00000002   PAD
    0x0100de64   0x0100de64   0x00000154   Code   RO         4597    x$fpl$dmul          fz_wm.l(dmul.o)
    0x0100dfb8   0x0100dfb8   0x0000009c   Code   RO         4708    x$fpl$dnaninf       fz_wm.l(dnaninf.o)
    0x0100e054   0x0100e054   0x0000000c   Code   RO         4710    x$fpl$dretinf       fz_wm.l(dretinf.o)
    0x0100e060   0x0100e060   0x00000016   Code   RO         4570    x$fpl$drsb          fz_wm.l(daddsub_clz.o)
    0x0100e076   0x0100e076   0x00000002   PAD
    0x0100e078   0x0100e078   0x000001d4   Code   RO         4571    x$fpl$dsub          fz_wm.l(daddsub_clz.o)
    0x0100e24c   0x0100e24c   0x0000008c   Code   RO         4716    x$fpl$fnaninf       fz_wm.l(fnaninf.o)
    0x0100e2d8   0x0100e2d8   0x0000000a   Code   RO         4772    x$fpl$fpinit        fz_wm.l(fpinit.o)
    0x0100e2e2   0x0100e2e2   0x00000002   PAD
    0x0100e2e4   0x0100e2e4   0x0000005c   Code   RO         4601    x$fpl$llufromf      fz_wm.l(ffixull.o)
    0x0100e340   0x0100e340   0x00000004   Code   RO         4720    x$fpl$printf1       fz_wm.l(printf1.o)
    0x0100e344   0x0100e344   0x00000004   Code   RO         4722    x$fpl$printf2       fz_wm.l(printf2.o)
    0x0100e348   0x0100e348   0x00000000   Code   RO         4728    x$fpl$usenofp       fz_wm.l(usenofp.o)
    0x0100e348   0x0100e348   0x00000030   Data   RO          459    .constdata          gr_soc.o
    0x0100e378   0x0100e378   0x00000098   Data   RO         1359    .constdata          app_io.o
    0x0100e410   0x0100e410   0x00000024   Data   RO         1476    .constdata          app_uart.o
    0x0100e434   0x0100e434   0x00000030   Data   RO         2234    .constdata          main.o
    0x0100e464   0x0100e464   0x0000003c   Data   RO         2284    .constdata          ble_sdk.lib(fpb_patch_init.o)
    0x0100e4a0   0x0100e4a0   0x00000020   Data   RO         2428    .constdata          ble_sdk.lib(gattc_task_patch.o)
    0x0100e4c0   0x0100e4c0   0x0000001a   Data   RO         2921    .constdata          ble_sdk.lib(ble_sdk_gapc_patch.o)
    0x0100e4da   0x0100e4da   0x0000005f   Data   RO         3712    .constdata          ble_sdk.lib(sdk_nvds_patch.o)
    0x0100e539   0x0100e539   0x00000003   PAD
    0x0100e53c   0x0100e53c   0x00000059   Data   RO         3808    .constdata          ble_sdk.lib(ble_sdk_gatts_patch.o)
    0x0100e595   0x0100e595   0x00000003   PAD
    0x0100e598   0x0100e598   0x00000008   Data   RO         4275    .constdata          ble_sdk.lib(dfu_cmd_handler_patch.o)
    0x0100e5a0   0x0100e5a0   0x00000028   Data   RO         4510    .constdata          c_w.l(_printf_hex_int_ll_ptr.o)
    0x0100e5c8   0x0100e5c8   0x00000011   Data   RO         4530    .constdata          c_w.l(__printf_flags_ss_wp.o)
    0x0100e5d9   0x0100e5d9   0x00000003   PAD
    0x0100e5dc   0x0100e5dc   0x00000008   Data   RO         4631    .constdata          c_w.l(_printf_wctomb.o)
    0x0100e5e4   0x0100e5e4   0x00000026   Data   RO         4756    .constdata          c_w.l(_printf_fp_hex.o)
    0x0100e60a   0x0100e60a   0x00000002   PAD
    0x0100e60c   0x0100e60c   0x00000094   Data   RO         4786    .constdata          c_w.l(bigflt0.o)
    0x0100e6a0   0x0100e6a0   0x00000020   Data   RO         1904    .conststring        app_log.o
    0x0100e6c0   0x0100e6c0   0x00000050   Data   RO         4914    Region$$Table       anon$$obj.o
    0x0100e710   0x0100e710   0x0000001c   Data   RO         4810    locale$$data        c_w.l(lc_numeric_c.o)
    0x0100e72c   0x0100e72c   0x00000110   Data   RO         4844    locale$$data        c_w.l(lc_ctype_c.o)
    0x0100e83c   0x0100e83c   0x00000004   Data   RO          400    .init_array         gr_platform.o
    0x0100e840   0x0100e83c   0x00000000   Data   RO         4560    .init_array         c_w.l(init_aeabi.o)


    Execution Region RAM_TINY_RW (Exec base: 0x300035cc, Load base: 0x0100e840, Size: 0x0000056c, Max: 0x00000750, ABSOLUTE)

    Exec Addr    Load Addr    Size         Type   Attr      Idx    E Section Name        Object

    0x300035cc   0x0100e840   0x00000466   Code   RO         3665    TINY_RAM_SPACE      ble_sdk.lib(sdk_pwr_mgmt_patch.o)
    0x30003a32   0x0100eca6   0x0000000a   Ven    RO         4942    Veneer$$Code        anon$$obj.o
    0x30003a3c   0x0100ecb0   0x0000000a   Ven    RO         4943    Veneer$$Code        anon$$obj.o
    0x30003a46   0x0100ecba   0x0000000a   Ven    RO         4944    Veneer$$Code        anon$$obj.o
    0x30003a50   0x0100ecc4   0x0000000a   Ven    RO         4945    Veneer$$Code        anon$$obj.o
    0x30003a5a   0x0100ecce   0x0000000a   Ven    RO         4946    Veneer$$Code        anon$$obj.o
    0x30003a64   0x0100ecd8   0x0000000a   Ven    RO         4947    Veneer$$Code        anon$$obj.o
    0x30003a6e   0x0100ece2   0x0000000a   Ven    RO         4948    Veneer$$Code        anon$$obj.o
    0x30003a78   0x0100ecec   0x0000000a   Ven    RO         4949    Veneer$$Code        anon$$obj.o
    0x30003a82   0x0100ecf6   0x0000000a   Ven    RO         4950    Veneer$$Code        anon$$obj.o
    0x30003a8c   0x0100ed00   0x0000000a   Ven    RO         4951    Veneer$$Code        anon$$obj.o
    0x30003a96   0x0100ed0a   0x0000000a   Ven    RO         4952    Veneer$$Code        anon$$obj.o
    0x30003aa0   0x0100ed14   0x0000000a   Ven    RO         4953    Veneer$$Code        anon$$obj.o
    0x30003aaa   0x0100ed1e   0x0000000a   Ven    RO         4954    Veneer$$Code        anon$$obj.o
    0x30003ab4   0x0100ed28   0x0000000a   Ven    RO         4955    Veneer$$Code        anon$$obj.o
    0x30003abe   0x0100ed32   0x0000000a   Ven    RO         4956    Veneer$$Code        anon$$obj.o
    0x30003ac8   0x0100ed3c   0x0000000a   Ven    RO         4957    Veneer$$Code        anon$$obj.o
    0x30003ad2   0x0100ed46   0x0000000a   Ven    RO         4958    Veneer$$Code        anon$$obj.o
    0x30003adc   0x0100ed50   0x0000000a   Ven    RO         4959    Veneer$$Code        anon$$obj.o
    0x30003ae6   0x0100ed5a   0x0000000a   Ven    RO         4960    Veneer$$Code        anon$$obj.o
    0x30003af0   0x0100ed64   0x0000000a   Ven    RO         4961    Veneer$$Code        anon$$obj.o
    0x30003afa   0x0100ed6e   0x0000000a   Ven    RO         4962    Veneer$$Code        anon$$obj.o
    0x30003b04   0x0100ed78   0x0000000a   Ven    RO         4963    Veneer$$Code        anon$$obj.o
    0x30003b0e   0x0100ed82   0x0000000a   Ven    RO         4964    Veneer$$Code        anon$$obj.o
    0x30003b18   0x0100ed8c   0x0000000a   Ven    RO         4965    Veneer$$Code        anon$$obj.o
    0x30003b22   0x0100ed96   0x0000000a   Ven    RO         4966    Veneer$$Code        anon$$obj.o
    0x30003b2c   0x0100eda0   0x0000000a   Ven    RO         4967    Veneer$$Code        anon$$obj.o


    Execution Region FPB_TABLE (Exec base: 0x30004000, Load base: 0x0100edac, Size: 0x00000020, Max: 0x00000100, ABSOLUTE)

    Exec Addr    Load Addr    Size         Type   Attr      Idx    E Section Name        Object

    0x30004000   0x0100edac   0x00000020   Data   RW         3995    FPB                 ble_sdk.lib(platform_patch.o)


==============================================================================

Image component sizes


      Code (inc. data)   RO Data    RW Data    ZI Data      Debug   Object Name

       544        118          0         12        156       6305   app_assert.o
         0          0          0          0          0       7128   app_dma.o
        72          0          0          0          0       1434   app_gpiote.o
      1452        156        152          0        480      12504   app_io.o
       422         68          0          8        216       6636   app_key.o
       548         52          0          4         70       8594   app_key_core.o
       642         70         32         20        292      40221   app_log.o
       264         24          0          0         84       3942   app_pwr_mgmt.o
      1874        130          0          1         72      58177   app_timer.o
      1476        100         36         12          0      24274   app_uart.o
       116          4          0          0          0        968   app_uart_dma.o
       368         22          0          0       1376      34476   board_sk.o
       430        296          0          0         32     255422   gr_interrupt.o
        40          0         68          0          0       3751   gr_platform.o
       838        114         48        728          0      59311   gr_soc.o
        16          4          0          0          0        617   gr_system.o
      1900       1228         48          0          0       6370   main.o
       220          0          0          0          0       4736   ring_buffer.o
        36         10         64          0          0        964   startup.o

    ----------------------------------------------------------------------
     11612       2396        528        788      23260     535830   Object Totals
       332          0         80          0      20480          0   (incl. Generated)
        22          0          0          3          2          0   (incl. Padding)

    ----------------------------------------------------------------------

      Code (inc. data)   RO Data    RW Data    ZI Data      Debug   Library Member Name

       228         72          0          0          0        132   atts_patch.o
       376         42          0          0          0        288   ble_bondmgr_patch.o
      2580         14          0        212          0       6548   ble_event_patch.o
       462         36          0         12          0       1024   ble_profile_patch.o
      1048        208         26          0          0        408   ble_sdk_gapc_patch.o
       882        102          0         12        362        544   ble_sdk_gapm_patch.o
       312         38          0          0          0        500   ble_sdk_gatt_task_patch.o
        62          6          0          0          0        256   ble_sdk_gattc_patch.o
       760        292         89          0          0        524   ble_sdk_gatts_patch.o
        12          6          0          1          0        116   ble_sdk_prf_cllient_patch.o
      1060        256          0         12          0        672   ble_sdk_sec_patch.o
       128         22          0          0          0        136   ble_sdk_task_patch.o
        32          6          0          0          0        116   boot_patch.o
        30          0          0          0          0        244   cold_patch.o
        96         16          8          0          0        240   dfu_cmd_handler_patch.o
       104         10         60          4          0        152   fpb_patch_init.o
       420         26          0          0          0        392   gapc_hci_patch.o
       188         16          0          0          0        132   gapm_actv_patch.o
       612         22          0          0          0        140   gapm_cfg_patch.o
       430         28          0          0          0        652   gapm_init_patch.o
       288         20          0         12          0        492   gapm_scan_patch.o
       160         18          0          8          0        256   gapm_task_patch.o
       200         52         32          0          0        132   gattc_task_patch.o
        36          4          0          8          0        356   gr55xx_hal_1.o
        58          4          0          4          0        252   gr55xx_hal_aon_gpio_1.o
       400         46          0          1          0        892   gr55xx_hal_aon_gpio_patch.o
         0          0          0         12          0          0   gr55xx_hal_comp_patch.o
       312         36          0          0          0        252   gr55xx_hal_efuse_patch.o
         4          0          0          0          0        116   gr55xx_hal_exflash_1.o
      1876         26          0          4          0        532   gr55xx_hal_exflash_patch.o
        80          8          0          4          0        256   gr55xx_hal_gpio_1.o
       170          6          0          0          0        592   gr55xx_hal_msio_patch.o
       120         26          0          4          0        248   gr55xx_hal_patch.o
        28          4          0          0          0        136   gr55xx_hal_pwr_1.o
       232         10          0          0          0        196   gr55xx_hal_pwr_patch.o
       182         36          0          3          0        624   gr55xx_hal_sleep_timer_patch.o
        76          8          0         32          0        488   gr55xx_hal_uart_1.o
        18          0          0          0          0        116   gr55xx_hal_uart_patch.o
      1176          4          0          0          0        356   gr55xx_hal_xqspi_patch.o
       300         16          0          0          0        256   gr55xx_ll_aon_gpio_patch.o
       324         16          0          0          0        256   gr55xx_ll_msio_patch.o
       688          8          0          0          0        144   gr55xx_ll_xqspi_patch.o
       276         34          0         24          0        524   hal_flash_patch.o
       300         42          0          1          0        136   hci_patch.o
       360         34          0          8          0        276   ke_task_patch.o
       220         40          0          0          0        260   l2cc_task_patch.o
       224         26          0          1          0        396   l2cm_patch.o
        80          4          0          0          0        136   llc_chmap_upd_patch.o
       450         18          0          0          0        408   llc_con_upd_patch.o
        24          6          0          4          0        128   llc_dl_upd_patch.o
       196         12          0          0         12        248   llc_encrypt_patch.o
        96         16          0          0          0        260   llc_hci_patch.o
       120          8          0          0          0        264   llc_le_ping_patch.o
       270         10          0          4          0        276   llc_llcp_patch.o
        80          4          0          0          0        136   llc_phy_upd_patch.o
       146          6          0          0          0        512   llc_task_patch.o
        84         20          0          1        144        360   lld_con_patch.o
        12          6          0         10          0        116   lld_lcp_scan.o
      1678        140          0          8          0       1424   llm_hci_patch.o
       556         24          0          5         12        404   llm_init_patch.o
       784         26          0          0          0        276   llm_scan_patch.o
       840         80          0          4          0        572   platform_adc.o
       636         90          0         12          0       1272   platform_clock.o
       812         34          0          0          0        620   platform_exflash.o
       150         24          0         32          0        484   platform_patch.o
      4486        376          0        332          0       4748   platform_sdk.o
       262          8          0          0          0        368   platform_sram.o
       152         20          0        200        200        176   platform_sys_context.o
       252          4          0          0          0        240   rf_gdx_patch.o
      1220        238          0         24          0       1708   rwip_sleep_common.o
         0          0          0         12          0          0   rwip_sleep_patch.o
      3168        566         95          4          0       2688   sdk_nvds_patch.o
      1202         88          0          8          0        560   sdk_pwr_mgmt_patch.o
       100         12          0          0          0        128   sdk_ram_init_patch.o
      1804        154          0         16          0       1568   system_sdk_patch.o
       484         56          0          8          0        296   warm_boot_patch.o
        24          4          0          0          0         84   __2printf.o
        56          6          0          0          0         88   __2snprintf.o
        44          6          0          0          0         84   __2sprintf.o
        90          0          0          0          0          0   __dczerorl2.o
         8          0          0          0          0         68   __main.o
       392          4         17          0          0         92   __printf_flags_ss_wp.o
        14          0          0          0          0         68   __printf_wp.o
         0          0          0          0          0          0   __rtentry.o
        12          0          0          0          0          0   __rtentry2.o
         8          4          0          0          0          0   __rtentry7.o
        52          8          0          0          0          0   __scatter.o
        26          0          0          0          0          0   __scatter_copy.o
        28          0          0          0          0          0   __scatter_zi.o
         6          0          0          0          0          0   _printf_a.o
         6          0          0          0          0          0   _printf_c.o
        44          0          0          0          0        108   _printf_char.o
        48          6          0          0          0         96   _printf_char_common.o
        36          4          0          0          0         80   _printf_char_file.o
        40          0          0          0          0         68   _printf_charcount.o
         6          0          0          0          0          0   _printf_d.o
       120         16          0          0          0         92   _printf_dec.o
         6          0          0          0          0          0   _printf_e.o
         6          0          0          0          0          0   _printf_f.o
      1054          0          0          0          0        216   _printf_fp_dec.o
       764          8         38          0          0        100   _printf_fp_hex.o
       128         16          0          0          0         84   _printf_fp_infnan.o
         6          0          0          0          0          0   _printf_g.o
       148          4         40          0          0        160   _printf_hex_int_ll_ptr.o
         6          0          0          0          0          0   _printf_i.o
       178          0          0          0          0         88   _printf_intcommon.o
        10          0          0          0          0          0   _printf_l.o
         6          0          0          0          0          0   _printf_lc.o
        10          0          0          0          0          0   _printf_ll.o
         6          0          0          0          0          0   _printf_lld.o
         6          0          0          0          0          0   _printf_lli.o
         6          0          0          0          0          0   _printf_llo.o
         6          0          0          0          0          0   _printf_llu.o
         6          0          0          0          0          0   _printf_llx.o
       124         16          0          0          0         92   _printf_longlong_dec.o
         6          0          0          0          0          0   _printf_ls.o
         6          0          0          0          0          0   _printf_n.o
         6          0          0          0          0          0   _printf_o.o
       112         10          0          0          0        124   _printf_oct_int_ll.o
         6          0          0          0          0          0   _printf_p.o
        78          0          0          0          0        108   _printf_pad.o
         0          0          0          0          0          0   _printf_percent.o
         4          0          0          0          0          0   _printf_percent_end.o
         6          0          0          0          0          0   _printf_s.o
        82          0          0          0          0         80   _printf_str.o
        36          0          0          0          0         84   _printf_truncate.o
         6          0          0          0          0          0   _printf_u.o
        44          0          0          0          0        108   _printf_wchar.o
       188          6          8          0          0         92   _printf_wctomb.o
         6          0          0          0          0          0   _printf_x.o
        16          0          0          0          0         68   _snputc.o
        10          0          0          0          0         68   _sputc.o
        64          0          0          0          0         92   _wcrtomb.o
        16          0          0          0          0         68   aeabi_memset.o
       228          4        148          0          0         96   bigflt0.o
      1936        128          0          0          0        672   btod.o
        18          0          0          0          0         80   exit.o
         8          0          0          0          0         68   ferror.o
        36         10          0          0          0         80   init_aeabi.o
        44         10        272          0          0         76   lc_ctype_c.o
        44         10         28          0          0         76   lc_numeric_c.o
         2          0          0          0          0          0   libinit.o
        38          0          0          0          0          0   libinit2.o
         2          0          0          0          0          0   libshutdown.o
         2          0          0          0          0          0   libshutdown2.o
         0          0          0          0         96          0   libspace.o
       138          0          0          0          0         80   lludiv10.o
        88          0          0          0          0         76   memcmp.o
        16          4          0          0          0         76   rt_ctype_table.o
         8          4          0          0          0         68   rt_locale_intlibspace.o
        68          0          0          0          0         68   rt_memclr.o
        78          0          0          0          0         80   rt_memclr_w.o
       138          0          0          0          0         68   rt_memcpy_v6.o
       100          0          0          0          0         80   rt_memcpy_w.o
         2          0          0          0          0          0   rtexit.o
        10          0          0          0          0          0   rtexit2.o
       128          0          0          0          0         68   strcmpv7m.o
        62          0          0          0          0         76   strlen.o
        52          4          0          0          0         80   vsnprintf.o
        24          0          0          0          0        164   basic.o
       826         16          0          0          0        492   daddsub_clz.o
       688        140          0          0          0        256   ddiv.o
        94          4          0          0          0        140   dfix.o
        90          4          0          0          0        140   dfixu.o
        38          0          0          0          0        116   dflt_clz.o
       138          0          0          0          0        132   dfltll_clz.o
       340         12          0          0          0        152   dmul.o
       156          4          0          0          0        140   dnaninf.o
        12          0          0          0          0        116   dretinf.o
        92          4          0          0          0        132   ffixull.o
       140          4          0          0          0        132   fnaninf.o
        10          0          0          0          0        116   fpinit.o
         4          0          0          0          0        116   printf1.o
         4          0          0          0          0        116   printf2.o
         0          0          0          0          0          0   usenofp.o
        48          0          0          0          0        124   fpclassify.o

    ----------------------------------------------------------------------
     48324       4272        872       1076        828      49244   Library Totals
        72          0         11         13          2          0   (incl. Padding)

    ----------------------------------------------------------------------

      Code (inc. data)   RO Data    RW Data    ZI Data      Debug   Library Name

     38074       3792        310       1063        730      42132   ble_sdk.lib
      7474        292        551          0         96       4528   c_w.l
      2656        188          0          0          0       2460   fz_wm.l
        48          0          0          0          0        124   m_wm.l

    ----------------------------------------------------------------------
     48324       4272        872       1076        828      49244   Library Totals

    ----------------------------------------------------------------------

==============================================================================


      Code (inc. data)   RO Data    RW Data    ZI Data      Debug   

     59936       6668       1400       1864      24088     538546   Grand Totals
     59936       6668       1400        920      24088     538546   ELF Image Totals (compressed)
     59936       6668       1400        920          0          0   ROM Totals

==============================================================================

    Total RO  Size (Code + RO Data)                61336 (  59.90kB)
    Total RW  Size (RW Data + ZI Data)             25952 (  25.34kB)
    Total ROM Size (Code + RO Data + RW Data)      62256 (  60.80kB)

==============================================================================

